configName:RIP
routerNum:0
commands:['configure terminal', 'interface s0/0/0', 'ip address 192.168.2.1 255.255.255.0', 'clock rate 64000', 'no shutdown', 'end']
获取Telnet:Router0的唯一对象……
Telnet:Router0对象未被创建，开始创建……
开始连接主机: 192.168.1.1
连接成功！
进入特权模式……
进入enable模式成功！
executeSomeCMD:
['configure terminal', 'interface s0/0/0', 'ip address 192.168.2.1 255.255.255.0', 'clock rate 64000', 'no shutdown', 'end']
executeSomeCMD-Result:
['configure terminal\nEnter configuration commands, one per line.  End with CNTL/Z.\nRouter(config)#', 'interface s0/0/0\nRouter(config-if)#', 'ip address 192.168.2.1 255.255.255.0\nRouter(config-if)#', 'clock rate 64000\nThis command applies only to DCE interfaces\nRouter(config-if)#', 'no shutdown\n% 192.168.2.0 overlaps with FastEthernet0/1\nSerial0/0/0: incorrect IP address assignment\nRouter(config-if)#', 'end\nRouter#']
**程序输出**
Router#configure terminal
Enter configuration commands, one per line.  End with CNTL/Z.
Router(config)#interface s0/0/0
Router(config-if)#ip address 192.168.2.1 255.255.255.0
Router(config-if)#clock rate 64000
This command applies only to DCE interfaces
Router(config-if)#no shutdown
% 192.168.2.0 overlaps with FastEthernet0/1
Serial0/0/0: incorrect IP address assignment
Router(config-if)#end
Router#


configName:RIP
routerNum:1
commands:['configure terminal', 'interface s0/0/0', 'ip address 192.168.2.2 255.255.255.0', 'clock rate 64000', 'no shutdown', 'end', 'configure terminal', 'interface s0/0/1', 'ip address 192.168.3.1 255.255.255.0', 'clock rate 64000', 'no shutdown', 'end']
获取Telnet:Router1的唯一对象……
Telnet:Router1对象未被创建，开始创建……
开始连接主机: 192.168.1.2
连接成功！
进入特权模式……
进入enable模式成功！
executeSomeCMD:
['configure terminal', 'interface s0/0/0', 'ip address 192.168.2.2 255.255.255.0', 'clock rate 64000', 'no shutdown', 'end', 'configure terminal', 'interface s0/0/1', 'ip address 192.168.3.1 255.255.255.0', 'clock rate 64000', 'no shutdown', 'end']
executeSomeCMD-Result:
['configure terminal\nEnter configuration commands, one per line.  End with CNTL/Z.\nRouter(config)#', 'interface s0/0/0\nRouter(config-if)#', 'ip address 192.168.2.2 255.255.255.0\nRouter(config-if)#', 'clock rate 64000\nRouter(config-if)#', 'no shutdown\nRouter(config-if)#', 'end\nRouter#', 'configure terminal\nEnter configuration commands, one per line.  End with CNTL/Z.\nRouter(config)#', 'interface s0/0/1\nRouter(config-if)#', 'ip address 192.168.3.1 255.255.255.0\nRouter(config-if)#', 'clock rate 64000\nRouter(config-if)#', 'no shutdown\nRouter(config-if)#', 'end\nRouter#']
**程序输出**
Router#configure terminal
Enter configuration commands, one per line.  End with CNTL/Z.
Router(config)#interface s0/0/0
Router(config-if)#ip address 192.168.2.2 255.255.255.0
Router(config-if)#clock rate 64000
Router(config-if)#no shutdown
Router(config-if)#end
Router#configure terminal
Enter configuration commands, one per line.  End with CNTL/Z.
Router(config)#interface s0/0/1
Router(config-if)#ip address 192.168.3.1 255.255.255.0
Router(config-if)#clock rate 64000
Router(config-if)#no shutdown
Router(config-if)#end
Router#


configName:RIP
routerNum:2
commands:['configure terminal', 'interface s0/0/1', 'ip address 192.168.3.2 255.255.255.0', 'clock rate 64000', 'no shutdown', 'end']
获取Telnet:Router2的唯一对象……
Telnet:Router2对象未被创建，开始创建……
开始连接主机: 192.168.1.3
连接成功！
进入特权模式……
进入enable模式成功！
executeSomeCMD:
['configure terminal', 'interface s0/0/1', 'ip address 192.168.3.2 255.255.255.0', 'clock rate 64000', 'no shutdown', 'end']
executeSomeCMD-Result:
['configure terminal\nEnter configuration commands, one per line.  End with CNTL/Z.\nRouter(config)#', 'interface s0/0/1\nRouter(config-if)#', 'ip address 192.168.3.2 255.255.255.0\nRouter(config-if)#', 'clock rate 64000\nThis command applies only to DCE interfaces\nRouter(config-if)#', 'no shutdown\nRouter(config-if)#', 'end\nRouter#']
**程序输出**
Router#configure terminal
Enter configuration commands, one per line.  End with CNTL/Z.
Router(config)#interface s0/0/1
Router(config-if)#ip address 192.168.3.2 255.255.255.0
Router(config-if)#clock rate 64000
This command applies only to DCE interfaces
Router(config-if)#no shutdown
Router(config-if)#end
Router#


[call api]
调用时间：2021-01-13 17.15.52
调用接口：checkIPRoute
configName:RIP
routerNum:0
commands:['show ip route']
获取Telnet:Router0的唯一对象……
Telnet:Router0对象已经创建，获取成功
executeSomeCMD:
['show ip route']
executeSomeCMD-Result:
['show ip route\nCodes: C - connected, S - static, R - RIP, M - mobile, B - BGP\n       D - EIGRP, EX - EIGRP external, O - OSPF, IA - OSPF inter area \n       N1 - OSPF NSSA external type 1, N2 - OSPF NSSA external type 2\n       E1 - OSPF external type 1, E2 - OSPF external type 2\n       i - IS-IS, su - IS-IS summary, L1 - IS-IS level-1, L2 - IS-IS level-2\n       ia - IS-IS inter area, * - candidate default, U - per-user static route\n       o - ODR, P - periodic downloaded static route\n\nGateway of last resort is not set\n\nC    192.168.1.0/24 is directly connected, FastEthernet0/0\nRouter#']
**程序输出**
Router#show ip route
Codes: C - connected, S - static, R - RIP, M - mobile, B - BGP
       D - EIGRP, EX - EIGRP external, O - OSPF, IA - OSPF inter area 
       N1 - OSPF NSSA external type 1, N2 - OSPF NSSA external type 2
       E1 - OSPF external type 1, E2 - OSPF external type 2
       i - IS-IS, su - IS-IS summary, L1 - IS-IS level-1, L2 - IS-IS level-2
       ia - IS-IS inter area, * - candidate default, U - per-user static route
       o - ODR, P - periodic downloaded static route

Gateway of last resort is not set

C    192.168.1.0/24 is directly connected, FastEthernet0/0
Router#


输出结果：['Router#show ip route', 'Codes: C - connected, S - static, R - RIP, M - mobile, B - BGP', '       D - EIGRP, EX - EIGRP external, O - OSPF, IA - OSPF inter area ', '       N1 - OSPF NSSA external type 1, N2 - OSPF NSSA external type 2', '       E1 - OSPF external type 1, E2 - OSPF external type 2', '       i - IS-IS, su - IS-IS summary, L1 - IS-IS level-1, L2 - IS-IS level-2', '       ia - IS-IS inter area, * - candidate default, U - per-user static route', '       o - ODR, P - periodic downloaded static route', '', 'Gateway of last resort is not set', '', 'C    192.168.1.0/24 is directly connected, FastEthernet0/0', 'Router#', '', '共有1条路由信息', 'C    192.168.1.0/24 is directly connected, FastEthernet0/0']
[call api]
调用时间：2021-01-13 17.16.22
调用接口：checkIPRoute
configName:RIP
routerNum:0
commands:['show ip route']
获取Telnet:Router0的唯一对象……
Telnet:Router0对象已经创建，获取成功
executeSomeCMD:
['show ip route']
executeSomeCMD-Result:
['show ip route\nCodes: C - connected, S - static, R - RIP, M - mobile, B - BGP\n       D - EIGRP, EX - EIGRP external, O - OSPF, IA - OSPF inter area \n       N1 - OSPF NSSA external type 1, N2 - OSPF NSSA external type 2\n       E1 - OSPF external type 1, E2 - OSPF external type 2\n       i - IS-IS, su - IS-IS summary, L1 - IS-IS level-1, L2 - IS-IS level-2\n       ia - IS-IS inter area, * - candidate default, U - per-user static route\n       o - ODR, P - periodic downloaded static route\n\nGateway of last resort is not set\n\nC    192.168.1.0/24 is directly connected, FastEthernet0/0\nRouter#']
**程序输出**
Router#show ip route
Codes: C - connected, S - static, R - RIP, M - mobile, B - BGP
       D - EIGRP, EX - EIGRP external, O - OSPF, IA - OSPF inter area 
       N1 - OSPF NSSA external type 1, N2 - OSPF NSSA external type 2
       E1 - OSPF external type 1, E2 - OSPF external type 2
       i - IS-IS, su - IS-IS summary, L1 - IS-IS level-1, L2 - IS-IS level-2
       ia - IS-IS inter area, * - candidate default, U - per-user static route
       o - ODR, P - periodic downloaded static route

Gateway of last resort is not set

C    192.168.1.0/24 is directly connected, FastEthernet0/0
Router#


输出结果：['Router#show ip route', 'Codes: C - connected, S - static, R - RIP, M - mobile, B - BGP', '       D - EIGRP, EX - EIGRP external, O - OSPF, IA - OSPF inter area ', '       N1 - OSPF NSSA external type 1, N2 - OSPF NSSA external type 2', '       E1 - OSPF external type 1, E2 - OSPF external type 2', '       i - IS-IS, su - IS-IS summary, L1 - IS-IS level-1, L2 - IS-IS level-2', '       ia - IS-IS inter area, * - candidate default, U - per-user static route', '       o - ODR, P - periodic downloaded static route', '', 'Gateway of last resort is not set', '', 'C    192.168.1.0/24 is directly connected, FastEthernet0/0', 'Router#', '', '共有1条路由信息', 'C    192.168.1.0/24 is directly connected, FastEthernet0/0']
[call api]
调用时间：2021-01-13 17.16.34
调用接口：checkIPProtocols
configName:RIP
routerNum:0
commands:['show ip protocols']
获取Telnet:Router0的唯一对象……
Telnet:Router0对象已经创建，获取成功
executeSomeCMD:
['show ip protocols']
executeSomeCMD-Result:
['show ip protocols\n\nRouter#']
**程序输出**
Router#show ip protocols

Router#


输出结果：['Router#show ip protocols', '', 'Router#']
[call api]
调用时间：2021-01-13 17.16.49
调用接口：checkInterface
configName:RIP
routerNum:0
commands:['show interfaces']
获取Telnet:Router0的唯一对象……
Telnet:Router0对象已经创建，获取成功
executeSomeCMD:
['show interfaces']
executeSomeCMD-Result:
['show interfaces\nFastEthernet0/0 is up, line protocol is up \n  Hardware is MV96340 Ethernet, address is 04fe.7feb.07a0 (bia 04fe.7feb.07a0)\n  Internet address is 192.168.1.1/24\n  MTU 1500 bytes, BW 100000 Kbit/sec, DLY 100 usec, \n     reliability 255/255, txload 1/255, rxload 1/255\n  Encapsulation ARPA, loopback not set\n  Keepalive set (10 sec)\n  Full-duplex, 100Mb/s, 100BaseTX/FX\n  ARP type: ARPA, ARP Timeout 04:00:00\n  Last input 00:00:00, output 00:00:00, output hang never\n  Last clearing of "show interface" counters never\n  Input queue: 1/75/0/0 (size/max/drops/flushes); Total output drops: 0\n  Queueing strategy: fifo\n  Output queue: 0/40 (size/max)\n  5 minute input rate 0 bits/sec, 0 packets/sec\n  5 minute output rate 0 bits/sec, 0 packets/sec\n     843 packets input, 161594 bytes\n     Received 528 broadcasts, 0 runts, 0 giants, 0 throttles\n     0 input errors, 0 CRC, 0 frame, 0 overrun, 0 ignored\n     0 watchdog\n     0 input packets with dribble condition detected\n     650 packets output, 48872 bytes, 0 underruns\n     0 output errors, 0 collisions, 1 interface resets\n     38 unknown protocol drops\n     0 babbles, 0 late collision, 0 deferred\n     0 lost carrier, 0 no carrier\n     0 output buffer failures, 0 output buffers swapped out\nFastEthernet0/1 is up, line protocol is down \n  Hardware is MV96340 Ethernet, address is 04fe.7feb.07a1 (bia 04fe.7feb.07a1)\n  Internet address is 192.168.2.1/24\n  MTU 1500 bytes, BW 100000 Kbit/sec, DLY 100 usec, \n     reliability 255/255, txload 1/255, rxload 1/255\n  Encapsulation ARPA, loopback not set\n  Keepalive set (10 sec)\n  Auto-duplex, Auto Speed, 100BaseTX/FX\n  ARP type: ARPA, ARP Timeout 04:00:00\n  Last input never, output 00:00:03, output hang never\n  Last clearing of "show interface" counters never\n  Input queue: 0/75/0/0 (size/max/drops/flushes); Total output drops: 0\n  Queueing strategy: fifo\n  Output queue: 0/40 (size/max)\n  5 minute input rate 0 bits/sec, 0 packets/sec\n  5 minute output rate 0 bits/sec, 0 packets/sec\n     0 packets input, 0 bytes\n     Received 0 broadcasts, 0 runts, 0 giants, 0 throttles\n     0 input errors, 0 CRC, 0 frame, 0 overrun, 0 ignored\n     0 watchdog\n     0 input packets with dribble condition detected\n     43 packets output, 2904 bytes, 0 underruns\n     0 output errors, 0 collisions, 1 interface resets\n     0 unknown protocol drops\n     0 babbles, 0 late collision, 0 deferred\n     0 lost carrier, 0 no carrier\n     0 output buffer failures, 0 output buffers swapped out\nSerial0/0/0 is administratively down, line protocol is down \n  Hardware is GT96K Serial\n  Internet address is 192.168.2.1/24\n  MTU 1500 bytes, BW 128 Kbit/sec, DLY 20000 usec, \n     reliability 255/255, txload 1/255, rxload 1/255\n  Encapsulation HDLC, loopback not set\n  Keepalive set (10 sec)\n  Last input never, output never, output hang never\n  Last clearing of "show interface" counters never\n  Input queue: 0/75/0/0 (size/max/drops/flushes); Total output drops: 0\n  Queueing strategy: weighted fair\n  Output queue: 0/1000/64/0 (size/max total/threshold/drops) \n     Conversations  0/0/32 (active/max active/max total)\n     Reserved Conversations 0/0 (allocated/max allocated)\n     Available Bandwidth 96 kilobits/sec\n  5 minute input rate 0 bits/sec, 0 packets/sec\n  5 minute output rate 0 bits/sec, 0 packets/sec\n     0 packets input, 0 bytes, 0 no buffer\n     Received 0 broadcasts, 0 runts, 0 giants, 0 throttles\n     0 input errors, 0 CRC, 0 frame, 0 overrun, 0 ignored, 0 abort\n     0 packets output, 0 bytes, 0 underruns\n     0 output errors, 0 collisions, 5 interface resets\n     0 unknown protocol drops\n     0 output buffer failures, 0 output buffers swapped out\n     3 carrier transitions\n     DCD=down  DSR=up  DTR=down  RTS=down  CTS=down\n\nSerial0/0/1 is administratively down, line protocol is down \n  Hardware is GT96K Serial\n  MTU 1500 bytes, BW 128 Kbit/sec, DLY 20000 usec, \n     reliability 255/255, txload 1/255, rxload 1/255\n  Encapsulation HDLC, loopback not set\n  Keepalive set (10 sec)\n  Last input never, output never, output hang never\n  Last clearing of "show interface" counters never\n  Input queue: 0/75/0/0 (size/max/drops/flushes); Total output drops: 0\n  Queueing strategy: weighted fair\n  Output queue: 0/1000/64/0 (size/max total/threshold/drops) \n     Conversations  0/0/32 (active/max active/max total)\n     Reserved Conversations 0/0 (allocated/max allocated)\n     Available Bandwidth 96 kilobits/sec\n  5 minute input rate 0 bits/sec, 0 packets/sec\n  5 minute output rate 0 bits/sec, 0 packets/sec\n     0 packets input, 0 bytes, 0 no buffer\n     Received 0 broadcasts, 0 runts, 0 giants, 0 throttles\n     0 input errors, 0 CRC, 0 frame, 0 overrun, 0 ignored, 0 abort\n     0 packets output, 0 bytes, 0 underruns\n     0 output errors, 0 collisions, 5 interface resets\n     0 unknown protocol drops\n     0 output buffer failures, 0 output buffers swapped out\n     0 carrier transitions\n     DCD=down  DSR=down  DTR=down  RTS=down  CTS=down\n\nSSLVPN-VIF0 is up, line protocol is up \n  Hardware is SSLVPN_VIF\n  Interface is unnumbered. Using address of SSLVPN-VIF0 (0.0.0.0)\n  MTU 1514 bytes, BW 56 Kbit/sec, DLY 5000 usec, \n     reliability 255/255, txload 1/255, rxload 1/255\n  Encapsulation UNKNOWN, loopback not set\n  Last input never, output never, output hang never\n  Last clearing of "show interface" counters never\n  Input queue: 0/75/0/0 (size/max/drops/flushes); Total output drops: 0\n  5 minute input rate 0 bits/sec, 0 packets/sec\n  5 minute output rate 0 bits/sec, 0 packets/sec\n     0 packets input, 0 bytes, 0 no buffer\n     Received 0 broadcasts, 0 runts, 0 giants, 0 throttles\n     0 input errors, 0 CRC, 0 frame, 0 overrun, 0 ignored, 0 abort\n     0 packets output, 0 bytes, 0 underruns\n     0 output errors, 0 collisions, 0 interface resets\n     0 unknown protocol drops\n     0 output buffer failures, 0 output buffers swapped out\nRouter#']
**程序输出**
Router#show interfaces
FastEthernet0/0 is up, line protocol is up 
  Hardware is MV96340 Ethernet, address is 04fe.7feb.07a0 (bia 04fe.7feb.07a0)
  Internet address is 192.168.1.1/24
  MTU 1500 bytes, BW 100000 Kbit/sec, DLY 100 usec, 
     reliability 255/255, txload 1/255, rxload 1/255
  Encapsulation ARPA, loopback not set
  Keepalive set (10 sec)
  Full-duplex, 100Mb/s, 100BaseTX/FX
  ARP type: ARPA, ARP Timeout 04:00:00
  Last input 00:00:00, output 00:00:00, output hang never
  Last clearing of "show interface" counters never
  Input queue: 1/75/0/0 (size/max/drops/flushes); Total output drops: 0
  Queueing strategy: fifo
  Output queue: 0/40 (size/max)
  5 minute input rate 0 bits/sec, 0 packets/sec
  5 minute output rate 0 bits/sec, 0 packets/sec
     843 packets input, 161594 bytes
     Received 528 broadcasts, 0 runts, 0 giants, 0 throttles
     0 input errors, 0 CRC, 0 frame, 0 overrun, 0 ignored
     0 watchdog
     0 input packets with dribble condition detected
     650 packets output, 48872 bytes, 0 underruns
     0 output errors, 0 collisions, 1 interface resets
     38 unknown protocol drops
     0 babbles, 0 late collision, 0 deferred
     0 lost carrier, 0 no carrier
     0 output buffer failures, 0 output buffers swapped out
FastEthernet0/1 is up, line protocol is down 
  Hardware is MV96340 Ethernet, address is 04fe.7feb.07a1 (bia 04fe.7feb.07a1)
  Internet address is 192.168.2.1/24
  MTU 1500 bytes, BW 100000 Kbit/sec, DLY 100 usec, 
     reliability 255/255, txload 1/255, rxload 1/255
  Encapsulation ARPA, loopback not set
  Keepalive set (10 sec)
  Auto-duplex, Auto Speed, 100BaseTX/FX
  ARP type: ARPA, ARP Timeout 04:00:00
  Last input never, output 00:00:03, output hang never
  Last clearing of "show interface" counters never
  Input queue: 0/75/0/0 (size/max/drops/flushes); Total output drops: 0
  Queueing strategy: fifo
  Output queue: 0/40 (size/max)
  5 minute input rate 0 bits/sec, 0 packets/sec
  5 minute output rate 0 bits/sec, 0 packets/sec
     0 packets input, 0 bytes
     Received 0 broadcasts, 0 runts, 0 giants, 0 throttles
     0 input errors, 0 CRC, 0 frame, 0 overrun, 0 ignored
     0 watchdog
     0 input packets with dribble condition detected
     43 packets output, 2904 bytes, 0 underruns
     0 output errors, 0 collisions, 1 interface resets
     0 unknown protocol drops
     0 babbles, 0 late collision, 0 deferred
     0 lost carrier, 0 no carrier
     0 output buffer failures, 0 output buffers swapped out
Serial0/0/0 is administratively down, line protocol is down 
  Hardware is GT96K Serial
  Internet address is 192.168.2.1/24
  MTU 1500 bytes, BW 128 Kbit/sec, DLY 20000 usec, 
     reliability 255/255, txload 1/255, rxload 1/255
  Encapsulation HDLC, loopback not set
  Keepalive set (10 sec)
  Last input never, output never, output hang never
  Last clearing of "show interface" counters never
  Input queue: 0/75/0/0 (size/max/drops/flushes); Total output drops: 0
  Queueing strategy: weighted fair
  Output queue: 0/1000/64/0 (size/max total/threshold/drops) 
     Conversations  0/0/32 (active/max active/max total)
     Reserved Conversations 0/0 (allocated/max allocated)
     Available Bandwidth 96 kilobits/sec
  5 minute input rate 0 bits/sec, 0 packets/sec
  5 minute output rate 0 bits/sec, 0 packets/sec
     0 packets input, 0 bytes, 0 no buffer
     Received 0 broadcasts, 0 runts, 0 giants, 0 throttles
     0 input errors, 0 CRC, 0 frame, 0 overrun, 0 ignored, 0 abort
     0 packets output, 0 bytes, 0 underruns
     0 output errors, 0 collisions, 5 interface resets
     0 unknown protocol drops
     0 output buffer failures, 0 output buffers swapped out
     3 carrier transitions
     DCD=down  DSR=up  DTR=down  RTS=down  CTS=down

Serial0/0/1 is administratively down, line protocol is down 
  Hardware is GT96K Serial
  MTU 1500 bytes, BW 128 Kbit/sec, DLY 20000 usec, 
     reliability 255/255, txload 1/255, rxload 1/255
  Encapsulation HDLC, loopback not set
  Keepalive set (10 sec)
  Last input never, output never, output hang never
  Last clearing of "show interface" counters never
  Input queue: 0/75/0/0 (size/max/drops/flushes); Total output drops: 0
  Queueing strategy: weighted fair
  Output queue: 0/1000/64/0 (size/max total/threshold/drops) 
     Conversations  0/0/32 (active/max active/max total)
     Reserved Conversations 0/0 (allocated/max allocated)
     Available Bandwidth 96 kilobits/sec
  5 minute input rate 0 bits/sec, 0 packets/sec
  5 minute output rate 0 bits/sec, 0 packets/sec
     0 packets input, 0 bytes, 0 no buffer
     Received 0 broadcasts, 0 runts, 0 giants, 0 throttles
     0 input errors, 0 CRC, 0 frame, 0 overrun, 0 ignored, 0 abort
     0 packets output, 0 bytes, 0 underruns
     0 output errors, 0 collisions, 5 interface resets
     0 unknown protocol drops
     0 output buffer failures, 0 output buffers swapped out
     0 carrier transitions
     DCD=down  DSR=down  DTR=down  RTS=down  CTS=down

SSLVPN-VIF0 is up, line protocol is up 
  Hardware is SSLVPN_VIF
  Interface is unnumbered. Using address of SSLVPN-VIF0 (0.0.0.0)
  MTU 1514 bytes, BW 56 Kbit/sec, DLY 5000 usec, 
     reliability 255/255, txload 1/255, rxload 1/255
  Encapsulation UNKNOWN, loopback not set
  Last input never, output never, output hang never
  Last clearing of "show interface" counters never
  Input queue: 0/75/0/0 (size/max/drops/flushes); Total output drops: 0
  5 minute input rate 0 bits/sec, 0 packets/sec
  5 minute output rate 0 bits/sec, 0 packets/sec
     0 packets input, 0 bytes, 0 no buffer
     Received 0 broadcasts, 0 runts, 0 giants, 0 throttles
     0 input errors, 0 CRC, 0 frame, 0 overrun, 0 ignored, 0 abort
     0 packets output, 0 bytes, 0 underruns
     0 output errors, 0 collisions, 0 interface resets
     0 unknown protocol drops
     0 output buffer failures, 0 output buffers swapped out
Router#


输出结果：['Router#show interfaces', 'FastEthernet0/0 is up, line protocol is up ', '  Hardware is MV96340 Ethernet, address is 04fe.7feb.07a0 (bia 04fe.7feb.07a0)', '  Internet address is 192.168.1.1/24', '  MTU 1500 bytes, BW 100000 Kbit/sec, DLY 100 usec, ', '     reliability 255/255, txload 1/255, rxload 1/255', '  Encapsulation ARPA, loopback not set', '  Keepalive set (10 sec)', '  Full-duplex, 100Mb/s, 100BaseTX/FX', '  ARP type: ARPA, ARP Timeout 04:00:00', '  Last input 00:00:00, output 00:00:00, output hang never', '  Last clearing of "show interface" counters never', '  Input queue: 1/75/0/0 (size/max/drops/flushes); Total output drops: 0', '  Queueing strategy: fifo', '  Output queue: 0/40 (size/max)', '  5 minute input rate 0 bits/sec, 0 packets/sec', '  5 minute output rate 0 bits/sec, 0 packets/sec', '     843 packets input, 161594 bytes', '     Received 528 broadcasts, 0 runts, 0 giants, 0 throttles', '     0 input errors, 0 CRC, 0 frame, 0 overrun, 0 ignored', '     0 watchdog', '     0 input packets with dribble condition detected', '     650 packets output, 48872 bytes, 0 underruns', '     0 output errors, 0 collisions, 1 interface resets', '     38 unknown protocol drops', '     0 babbles, 0 late collision, 0 deferred', '     0 lost carrier, 0 no carrier', '     0 output buffer failures, 0 output buffers swapped out', 'FastEthernet0/1 is up, line protocol is down ', '  Hardware is MV96340 Ethernet, address is 04fe.7feb.07a1 (bia 04fe.7feb.07a1)', '  Internet address is 192.168.2.1/24', '  MTU 1500 bytes, BW 100000 Kbit/sec, DLY 100 usec, ', '     reliability 255/255, txload 1/255, rxload 1/255', '  Encapsulation ARPA, loopback not set', '  Keepalive set (10 sec)', '  Auto-duplex, Auto Speed, 100BaseTX/FX', '  ARP type: ARPA, ARP Timeout 04:00:00', '  Last input never, output 00:00:03, output hang never', '  Last clearing of "show interface" counters never', '  Input queue: 0/75/0/0 (size/max/drops/flushes); Total output drops: 0', '  Queueing strategy: fifo', '  Output queue: 0/40 (size/max)', '  5 minute input rate 0 bits/sec, 0 packets/sec', '  5 minute output rate 0 bits/sec, 0 packets/sec', '     0 packets input, 0 bytes', '     Received 0 broadcasts, 0 runts, 0 giants, 0 throttles', '     0 input errors, 0 CRC, 0 frame, 0 overrun, 0 ignored', '     0 watchdog', '     0 input packets with dribble condition detected', '     43 packets output, 2904 bytes, 0 underruns', '     0 output errors, 0 collisions, 1 interface resets', '     0 unknown protocol drops', '     0 babbles, 0 late collision, 0 deferred', '     0 lost carrier, 0 no carrier', '     0 output buffer failures, 0 output buffers swapped out', 'Serial0/0/0 is administratively down, line protocol is down ', '  Hardware is GT96K Serial', '  Internet address is 192.168.2.1/24', '  MTU 1500 bytes, BW 128 Kbit/sec, DLY 20000 usec, ', '     reliability 255/255, txload 1/255, rxload 1/255', '  Encapsulation HDLC, loopback not set', '  Keepalive set (10 sec)', '  Last input never, output never, output hang never', '  Last clearing of "show interface" counters never', '  Input queue: 0/75/0/0 (size/max/drops/flushes); Total output drops: 0', '  Queueing strategy: weighted fair', '  Output queue: 0/1000/64/0 (size/max total/threshold/drops) ', '     Conversations  0/0/32 (active/max active/max total)', '     Reserved Conversations 0/0 (allocated/max allocated)', '     Available Bandwidth 96 kilobits/sec', '  5 minute input rate 0 bits/sec, 0 packets/sec', '  5 minute output rate 0 bits/sec, 0 packets/sec', '     0 packets input, 0 bytes, 0 no buffer', '     Received 0 broadcasts, 0 runts, 0 giants, 0 throttles', '     0 input errors, 0 CRC, 0 frame, 0 overrun, 0 ignored, 0 abort', '     0 packets output, 0 bytes, 0 underruns', '     0 output errors, 0 collisions, 5 interface resets', '     0 unknown protocol drops', '     0 output buffer failures, 0 output buffers swapped out', '     3 carrier transitions', '     DCD=down  DSR=up  DTR=down  RTS=down  CTS=down', '', 'Serial0/0/1 is administratively down, line protocol is down ', '  Hardware is GT96K Serial', '  MTU 1500 bytes, BW 128 Kbit/sec, DLY 20000 usec, ', '     reliability 255/255, txload 1/255, rxload 1/255', '  Encapsulation HDLC, loopback not set', '  Keepalive set (10 sec)', '  Last input never, output never, output hang never', '  Last clearing of "show interface" counters never', '  Input queue: 0/75/0/0 (size/max/drops/flushes); Total output drops: 0', '  Queueing strategy: weighted fair', '  Output queue: 0/1000/64/0 (size/max total/threshold/drops) ', '     Conversations  0/0/32 (active/max active/max total)', '     Reserved Conversations 0/0 (allocated/max allocated)', '     Available Bandwidth 96 kilobits/sec', '  5 minute input rate 0 bits/sec, 0 packets/sec', '  5 minute output rate 0 bits/sec, 0 packets/sec', '     0 packets input, 0 bytes, 0 no buffer', '     Received 0 broadcasts, 0 runts, 0 giants, 0 throttles', '     0 input errors, 0 CRC, 0 frame, 0 overrun, 0 ignored, 0 abort', '     0 packets output, 0 bytes, 0 underruns', '     0 output errors, 0 collisions, 5 interface resets', '     0 unknown protocol drops', '     0 output buffer failures, 0 output buffers swapped out', '     0 carrier transitions', '     DCD=down  DSR=down  DTR=down  RTS=down  CTS=down', '', 'SSLVPN-VIF0 is up, line protocol is up ', '  Hardware is SSLVPN_VIF', '  Interface is unnumbered. Using address of SSLVPN-VIF0 (0.0.0.0)', '  MTU 1514 bytes, BW 56 Kbit/sec, DLY 5000 usec, ', '     reliability 255/255, txload 1/255, rxload 1/255', '  Encapsulation UNKNOWN, loopback not set', '  Last input never, output never, output hang never', '  Last clearing of "show interface" counters never', '  Input queue: 0/75/0/0 (size/max/drops/flushes); Total output drops: 0', '  5 minute input rate 0 bits/sec, 0 packets/sec', '  5 minute output rate 0 bits/sec, 0 packets/sec', '     0 packets input, 0 bytes, 0 no buffer', '     Received 0 broadcasts, 0 runts, 0 giants, 0 throttles', '     0 input errors, 0 CRC, 0 frame, 0 overrun, 0 ignored, 0 abort', '     0 packets output, 0 bytes, 0 underruns', '     0 output errors, 0 collisions, 0 interface resets', '     0 unknown protocol drops', '     0 output buffer failures, 0 output buffers swapped out', 'Router#', '', '接口 FastEthernet0/0 开启，IP地址：192.168.1.1/24', '接口 FastEthernet0/1 开启，IP地址：192.168.2.1/24', '接口 Serial0/0/0 未开启', '接口 Serial0/0/1 未开启']
[call api]
调用时间：2021-01-13 17.17.37
调用接口：validateConfig
configName:RIP
routerNum:0
commands:['show ip route']
获取Telnet:Router0的唯一对象……
Telnet:Router0对象已经创建，获取成功
executeSomeCMD:
['show ip route']
executeSomeCMD-Result:
['show ip route\nCodes: C - connected, S - static, R - RIP, M - mobile, B - BGP\n       D - EIGRP, EX - EIGRP external, O - OSPF, IA - OSPF inter area \n       N1 - OSPF NSSA external type 1, N2 - OSPF NSSA external type 2\n       E1 - OSPF external type 1, E2 - OSPF external type 2\n       i - IS-IS, su - IS-IS summary, L1 - IS-IS level-1, L2 - IS-IS level-2\n       ia - IS-IS inter area, * - candidate default, U - per-user static route\n       o - ODR, P - periodic downloaded static route\n\nGateway of last resort is not set\n\nC    192.168.1.0/24 is directly connected, FastEthernet0/0\nRouter#']
**程序输出**
Router#show ip route
Codes: C - connected, S - static, R - RIP, M - mobile, B - BGP
       D - EIGRP, EX - EIGRP external, O - OSPF, IA - OSPF inter area 
       N1 - OSPF NSSA external type 1, N2 - OSPF NSSA external type 2
       E1 - OSPF external type 1, E2 - OSPF external type 2
       i - IS-IS, su - IS-IS summary, L1 - IS-IS level-1, L2 - IS-IS level-2
       ia - IS-IS inter area, * - candidate default, U - per-user static route
       o - ODR, P - periodic downloaded static route

Gateway of last resort is not set

C    192.168.1.0/24 is directly connected, FastEthernet0/0
Router#


configName:RIP
routerNum:0
commands:['show ip protocols']
获取Telnet:Router0的唯一对象……
Telnet:Router0对象已经创建，获取成功
executeSomeCMD:
['show ip protocols']
executeSomeCMD-Result:
['show ip protocols\n\nRouter#']
**程序输出**
Router#show ip protocols

Router#


configName:RIP
routerNum:0
commands:['show interfaces']
获取Telnet:Router0的唯一对象……
Telnet:Router0对象已经创建，获取成功
executeSomeCMD:
['show interfaces']
executeSomeCMD-Result:
['show interfaces\nFastEthernet0/0 is up, line protocol is up \n  Hardware is MV96340 Ethernet, address is 04fe.7feb.07a0 (bia 04fe.7feb.07a0)\n  Internet address is 192.168.1.1/24\n  MTU 1500 bytes, BW 100000 Kbit/sec, DLY 100 usec, \n     reliability 255/255, txload 1/255, rxload 1/255\n  Encapsulation ARPA, loopback not set\n  Keepalive set (10 sec)\n  Full-duplex, 100Mb/s, 100BaseTX/FX\n  ARP type: ARPA, ARP Timeout 04:00:00\n  Last input 00:00:00, output 00:00:00, output hang never\n  Last clearing of "show interface" counters never\n  Input queue: 1/75/0/0 (size/max/drops/flushes); Total output drops: 0\n  Queueing strategy: fifo\n  Output queue: 0/40 (size/max)\n  5 minute input rate 1000 bits/sec, 0 packets/sec\n  5 minute output rate 0 bits/sec, 0 packets/sec\n     913 packets input, 170841 bytes\n     Received 565 broadcasts, 0 runts, 0 giants, 0 throttles\n     0 input errors, 0 CRC, 0 frame, 0 overrun, 0 ignored\n     0 watchdog\n     0 input packets with dribble condition detected\n     718 packets output, 59454 bytes, 0 underruns\n     0 output errors, 0 collisions, 1 interface resets\n     39 unknown protocol drops\n     0 babbles, 0 late collision, 0 deferred\n     0 lost carrier, 0 no carrier\n     0 output buffer failures, 0 output buffers swapped out\nFastEthernet0/1 is up, line protocol is down \n  Hardware is MV96340 Ethernet, address is 04fe.7feb.07a1 (bia 04fe.7feb.07a1)\n  Internet address is 192.168.2.1/24\n  MTU 1500 bytes, BW 100000 Kbit/sec, DLY 100 usec, \n     reliability 255/255, txload 1/255, rxload 1/255\n  Encapsulation ARPA, loopback not set\n  Keepalive set (10 sec)\n  Auto-duplex, Auto Speed, 100BaseTX/FX\n  ARP type: ARPA, ARP Timeout 04:00:00\n  Last input never, output 00:00:02, output hang never\n  Last clearing of "show interface" counters never\n  Input queue: 0/75/0/0 (size/max/drops/flushes); Total output drops: 0\n  Queueing strategy: fifo\n  Output queue: 0/40 (size/max)\n  5 minute input rate 0 bits/sec, 0 packets/sec\n  5 minute output rate 0 bits/sec, 0 packets/sec\n     0 packets input, 0 bytes\n     Received 0 broadcasts, 0 runts, 0 giants, 0 throttles\n     0 input errors, 0 CRC, 0 frame, 0 overrun, 0 ignored\n     0 watchdog\n     0 input packets with dribble condition detected\n     48 packets output, 3204 bytes, 0 underruns\n     0 output errors, 0 collisions, 1 interface resets\n     0 unknown protocol drops\n     0 babbles, 0 late collision, 0 deferred\n     0 lost carrier, 0 no carrier\n     0 output buffer failures, 0 output buffers swapped out\nSerial0/0/0 is administratively down, line protocol is down \n  Hardware is GT96K Serial\n  Internet address is 192.168.2.1/24\n  MTU 1500 bytes, BW 128 Kbit/sec, DLY 20000 usec, \n     reliability 255/255, txload 1/255, rxload 1/255\n  Encapsulation HDLC, loopback not set\n  Keepalive set (10 sec)\n  Last input never, output never, output hang never\n  Last clearing of "show interface" counters never\n  Input queue: 0/75/0/0 (size/max/drops/flushes); Total output drops: 0\n  Queueing strategy: weighted fair\n  Output queue: 0/1000/64/0 (size/max total/threshold/drops) \n     Conversations  0/0/32 (active/max active/max total)\n     Reserved Conversations 0/0 (allocated/max allocated)\n     Available Bandwidth 96 kilobits/sec\n  5 minute input rate 0 bits/sec, 0 packets/sec\n  5 minute output rate 0 bits/sec, 0 packets/sec\n     0 packets input, 0 bytes, 0 no buffer\n     Received 0 broadcasts, 0 runts, 0 giants, 0 throttles\n     0 input errors, 0 CRC, 0 frame, 0 overrun, 0 ignored, 0 abort\n     0 packets output, 0 bytes, 0 underruns\n     0 output errors, 0 collisions, 5 interface resets\n     0 unknown protocol drops\n     0 output buffer failures, 0 output buffers swapped out\n     3 carrier transitions\n     DCD=down  DSR=up  DTR=down  RTS=down  CTS=down\n\nSerial0/0/1 is administratively down, line protocol is down \n  Hardware is GT96K Serial\n  MTU 1500 bytes, BW 128 Kbit/sec, DLY 20000 usec, \n     reliability 255/255, txload 1/255, rxload 1/255\n  Encapsulation HDLC, loopback not set\n  Keepalive set (10 sec)\n  Last input never, output never, output hang never\n  Last clearing of "show interface" counters never\n  Input queue: 0/75/0/0 (size/max/drops/flushes); Total output drops: 0\n  Queueing strategy: weighted fair\n  Output queue: 0/1000/64/0 (size/max total/threshold/drops) \n     Conversations  0/0/32 (active/max active/max total)\n     Reserved Conversations 0/0 (allocated/max allocated)\n     Available Bandwidth 96 kilobits/sec\n  5 minute input rate 0 bits/sec, 0 packets/sec\n  5 minute output rate 0 bits/sec, 0 packets/sec\n     0 packets input, 0 bytes, 0 no buffer\n     Received 0 broadcasts, 0 runts, 0 giants, 0 throttles\n     0 input errors, 0 CRC, 0 frame, 0 overrun, 0 ignored, 0 abort\n     0 packets output, 0 bytes, 0 underruns\n     0 output errors, 0 collisions, 5 interface resets\n     0 unknown protocol drops\n     0 output buffer failures, 0 output buffers swapped out\n     0 carrier transitions\n     DCD=down  DSR=down  DTR=down  RTS=down  CTS=down\n\nSSLVPN-VIF0 is up, line protocol is up \n  Hardware is SSLVPN_VIF\n  Interface is unnumbered. Using address of SSLVPN-VIF0 (0.0.0.0)\n  MTU 1514 bytes, BW 56 Kbit/sec, DLY 5000 usec, \n     reliability 255/255, txload 1/255, rxload 1/255\n  Encapsulation UNKNOWN, loopback not set\n  Last input never, output never, output hang never\n  Last clearing of "show interface" counters never\n  Input queue: 0/75/0/0 (size/max/drops/flushes); Total output drops: 0\n  5 minute input rate 0 bits/sec, 0 packets/sec\n  5 minute output rate 0 bits/sec, 0 packets/sec\n     0 packets input, 0 bytes, 0 no buffer\n     Received 0 broadcasts, 0 runts, 0 giants, 0 throttles\n     0 input errors, 0 CRC, 0 frame, 0 overrun, 0 ignored, 0 abort\n     0 packets output, 0 bytes, 0 underruns\n     0 output errors, 0 collisions, 0 interface resets\n     0 unknown protocol drops\n     0 output buffer failures, 0 output buffers swapped out\nRouter#']
**程序输出**
Router#show interfaces
FastEthernet0/0 is up, line protocol is up 
  Hardware is MV96340 Ethernet, address is 04fe.7feb.07a0 (bia 04fe.7feb.07a0)
  Internet address is 192.168.1.1/24
  MTU 1500 bytes, BW 100000 Kbit/sec, DLY 100 usec, 
     reliability 255/255, txload 1/255, rxload 1/255
  Encapsulation ARPA, loopback not set
  Keepalive set (10 sec)
  Full-duplex, 100Mb/s, 100BaseTX/FX
  ARP type: ARPA, ARP Timeout 04:00:00
  Last input 00:00:00, output 00:00:00, output hang never
  Last clearing of "show interface" counters never
  Input queue: 1/75/0/0 (size/max/drops/flushes); Total output drops: 0
  Queueing strategy: fifo
  Output queue: 0/40 (size/max)
  5 minute input rate 1000 bits/sec, 0 packets/sec
  5 minute output rate 0 bits/sec, 0 packets/sec
     913 packets input, 170841 bytes
     Received 565 broadcasts, 0 runts, 0 giants, 0 throttles
     0 input errors, 0 CRC, 0 frame, 0 overrun, 0 ignored
     0 watchdog
     0 input packets with dribble condition detected
     718 packets output, 59454 bytes, 0 underruns
     0 output errors, 0 collisions, 1 interface resets
     39 unknown protocol drops
     0 babbles, 0 late collision, 0 deferred
     0 lost carrier, 0 no carrier
     0 output buffer failures, 0 output buffers swapped out
FastEthernet0/1 is up, line protocol is down 
  Hardware is MV96340 Ethernet, address is 04fe.7feb.07a1 (bia 04fe.7feb.07a1)
  Internet address is 192.168.2.1/24
  MTU 1500 bytes, BW 100000 Kbit/sec, DLY 100 usec, 
     reliability 255/255, txload 1/255, rxload 1/255
  Encapsulation ARPA, loopback not set
  Keepalive set (10 sec)
  Auto-duplex, Auto Speed, 100BaseTX/FX
  ARP type: ARPA, ARP Timeout 04:00:00
  Last input never, output 00:00:02, output hang never
  Last clearing of "show interface" counters never
  Input queue: 0/75/0/0 (size/max/drops/flushes); Total output drops: 0
  Queueing strategy: fifo
  Output queue: 0/40 (size/max)
  5 minute input rate 0 bits/sec, 0 packets/sec
  5 minute output rate 0 bits/sec, 0 packets/sec
     0 packets input, 0 bytes
     Received 0 broadcasts, 0 runts, 0 giants, 0 throttles
     0 input errors, 0 CRC, 0 frame, 0 overrun, 0 ignored
     0 watchdog
     0 input packets with dribble condition detected
     48 packets output, 3204 bytes, 0 underruns
     0 output errors, 0 collisions, 1 interface resets
     0 unknown protocol drops
     0 babbles, 0 late collision, 0 deferred
     0 lost carrier, 0 no carrier
     0 output buffer failures, 0 output buffers swapped out
Serial0/0/0 is administratively down, line protocol is down 
  Hardware is GT96K Serial
  Internet address is 192.168.2.1/24
  MTU 1500 bytes, BW 128 Kbit/sec, DLY 20000 usec, 
     reliability 255/255, txload 1/255, rxload 1/255
  Encapsulation HDLC, loopback not set
  Keepalive set (10 sec)
  Last input never, output never, output hang never
  Last clearing of "show interface" counters never
  Input queue: 0/75/0/0 (size/max/drops/flushes); Total output drops: 0
  Queueing strategy: weighted fair
  Output queue: 0/1000/64/0 (size/max total/threshold/drops) 
     Conversations  0/0/32 (active/max active/max total)
     Reserved Conversations 0/0 (allocated/max allocated)
     Available Bandwidth 96 kilobits/sec
  5 minute input rate 0 bits/sec, 0 packets/sec
  5 minute output rate 0 bits/sec, 0 packets/sec
     0 packets input, 0 bytes, 0 no buffer
     Received 0 broadcasts, 0 runts, 0 giants, 0 throttles
     0 input errors, 0 CRC, 0 frame, 0 overrun, 0 ignored, 0 abort
     0 packets output, 0 bytes, 0 underruns
     0 output errors, 0 collisions, 5 interface resets
     0 unknown protocol drops
     0 output buffer failures, 0 output buffers swapped out
     3 carrier transitions
     DCD=down  DSR=up  DTR=down  RTS=down  CTS=down

Serial0/0/1 is administratively down, line protocol is down 
  Hardware is GT96K Serial
  MTU 1500 bytes, BW 128 Kbit/sec, DLY 20000 usec, 
     reliability 255/255, txload 1/255, rxload 1/255
  Encapsulation HDLC, loopback not set
  Keepalive set (10 sec)
  Last input never, output never, output hang never
  Last clearing of "show interface" counters never
  Input queue: 0/75/0/0 (size/max/drops/flushes); Total output drops: 0
  Queueing strategy: weighted fair
  Output queue: 0/1000/64/0 (size/max total/threshold/drops) 
     Conversations  0/0/32 (active/max active/max total)
     Reserved Conversations 0/0 (allocated/max allocated)
     Available Bandwidth 96 kilobits/sec
  5 minute input rate 0 bits/sec, 0 packets/sec
  5 minute output rate 0 bits/sec, 0 packets/sec
     0 packets input, 0 bytes, 0 no buffer
     Received 0 broadcasts, 0 runts, 0 giants, 0 throttles
     0 input errors, 0 CRC, 0 frame, 0 overrun, 0 ignored, 0 abort
     0 packets output, 0 bytes, 0 underruns
     0 output errors, 0 collisions, 5 interface resets
     0 unknown protocol drops
     0 output buffer failures, 0 output buffers swapped out
     0 carrier transitions
     DCD=down  DSR=down  DTR=down  RTS=down  CTS=down

SSLVPN-VIF0 is up, line protocol is up 
  Hardware is SSLVPN_VIF
  Interface is unnumbered. Using address of SSLVPN-VIF0 (0.0.0.0)
  MTU 1514 bytes, BW 56 Kbit/sec, DLY 5000 usec, 
     reliability 255/255, txload 1/255, rxload 1/255
  Encapsulation UNKNOWN, loopback not set
  Last input never, output never, output hang never
  Last clearing of "show interface" counters never
  Input queue: 0/75/0/0 (size/max/drops/flushes); Total output drops: 0
  5 minute input rate 0 bits/sec, 0 packets/sec
  5 minute output rate 0 bits/sec, 0 packets/sec
     0 packets input, 0 bytes, 0 no buffer
     Received 0 broadcasts, 0 runts, 0 giants, 0 throttles
     0 input errors, 0 CRC, 0 frame, 0 overrun, 0 ignored, 0 abort
     0 packets output, 0 bytes, 0 underruns
     0 output errors, 0 collisions, 0 interface resets
     0 unknown protocol drops
     0 output buffer failures, 0 output buffers swapped out
Router#


输出结果：['', 'ip route验证错误，只获得了1条路由信息', '相关输出如下：', 'C    192.168.1.0/24 is directly connected, FastEthernet0/0', '', 'ip protocols验证错误，没有正确的协议', '', '所有接口信息：', '接口 FastEthernet0/0 开启，IP地址：192.168.1.1/24', '接口 FastEthernet0/1 开启，IP地址：192.168.2.1/24', '接口 Serial0/0/0 未开启', '接口 Serial0/0/1 未开启']
[call api]
调用时间：2021-01-13 17.18.33
调用接口：generateTemplate
configName:RIP
settingNum:0
commands: ['configure terminal', 'ip routing', 'router rip', 'network 192.168.2.0', 'version 2', 'no auto-summary', 'end']

[call api]
调用时间：2021-01-13 17.19.35
调用接口：setRouterIP
telnetHost: 192.168.1.1
interface: s0/0/0
ipAddress: 192.168.10.1
netMask: 255.255.255.0
configName:RIP
routerNum:0
commands:['configure terminal', 'interface s0/0/0', 'ip address 192.168.10.1 255.255.255.0', 'clock rate 64000', 'no shutdown', 'end']
获取Telnet:Router0的唯一对象……
Telnet:Router0对象已经创建，获取成功
executeSomeCMD:
['configure terminal', 'interface s0/0/0', 'ip address 192.168.10.1 255.255.255.0', 'clock rate 64000', 'no shutdown', 'end']
executeSomeCMD-Result:
['configure terminal\nEnter configuration commands, one per line.  End with CNTL/Z.\nRouter(config)#', 'interface s0/0/0\nRouter(config-if)#', 'ip address 192.168.10.1 255.255.255.0\nRouter(config-if)#', 'clock rate 64000\nThis command applies only to DCE interfaces\nRouter(config-if)#', 'no shutdown\nRouter(config-if)#', 'end\nRouter#']
**程序输出**
Router#configure terminal
Enter configuration commands, one per line.  End with CNTL/Z.
Router(config)#interface s0/0/0
Router(config-if)#ip address 192.168.10.1 255.255.255.0
Router(config-if)#clock rate 64000
This command applies only to DCE interfaces
Router(config-if)#no shutdown
Router(config-if)#end
Router#


[call api]
调用时间：2021-01-13 17.19.43
调用接口：generateTemplate
configName:RIP
settingNum:0
commands: ['configure terminal', 'ip routing', 'router rip', 'network 192.168.10.0', 'version 2', 'no auto-summary', 'end']

configName:RIP
routerNum:0
commands:['configure terminal', 'interface s0/0/0', 'ip address 192.168.2.1 255.255.255.0', 'clock rate 64000', 'no shutdown', 'end']
获取Telnet:Router0的唯一对象……
Telnet:Router0对象已经创建，获取成功
executeSomeCMD:
['configure terminal', 'interface s0/0/0', 'ip address 192.168.2.1 255.255.255.0', 'clock rate 64000', 'no shutdown', 'end']
executeSomeCMD-Result:
['configure terminal\nEnter configuration commands, one per line.  End with CNTL/Z.\nRouter(config)#', 'interface s0/0/0\nRouter(config-if)#', 'ip address 192.168.2.1 255.255.255.0\n% 192.168.2.0 overlaps with FastEthernet0/1\nRouter(config-if)#', 'clock rate 64000\nThis command applies only to DCE interfaces\nRouter(config-if)#', 'no shutdown\nRouter(config-if)#', 'end\nRouter#']
**程序输出**
Router#configure terminal
Enter configuration commands, one per line.  End with CNTL/Z.
Router(config)#interface s0/0/0
Router(config-if)#ip address 192.168.2.1 255.255.255.0
% 192.168.2.0 overlaps with FastEthernet0/1
Router(config-if)#clock rate 64000
This command applies only to DCE interfaces
Router(config-if)#no shutdown
Router(config-if)#end
Router#


configName:RIP
routerNum:1
commands:['configure terminal', 'interface s0/0/0', 'ip address 192.168.2.2 255.255.255.0', 'clock rate 64000', 'no shutdown', 'end', 'configure terminal', 'interface s0/0/1', 'ip address 192.168.3.1 255.255.255.0', 'clock rate 64000', 'no shutdown', 'end']
获取Telnet:Router1的唯一对象……
Telnet:Router1对象已经创建，获取成功
executeSomeCMD:
['configure terminal', 'interface s0/0/0', 'ip address 192.168.2.2 255.255.255.0', 'clock rate 64000', 'no shutdown', 'end', 'configure terminal', 'interface s0/0/1', 'ip address 192.168.3.1 255.255.255.0', 'clock rate 64000', 'no shutdown', 'end']
executeSomeCMD-Result:
['configure terminal\nEnter configuration commands, one per line.  End with CNTL/Z.\nRouter(config)#', 'interface s0/0/0\nRouter(config-if)#', 'ip address 192.168.2.2 255.255.255.0\nRouter(config-if)#', 'clock rate 64000\nRouter(config-if)#', 'no shutdown\nRouter(config-if)#', 'end\nRouter#', 'configure terminal\nEnter configuration commands, one per line.  End with CNTL/Z.\nRouter(config)#', 'interface s0/0/1\nRouter(config-if)#', 'ip address 192.168.3.1 255.255.255.0\nRouter(config-if)#', 'clock rate 64000\nRouter(config-if)#', 'no shutdown\nRouter(config-if)#', 'end\nRouter#']
**程序输出**
Router#configure terminal
Enter configuration commands, one per line.  End with CNTL/Z.
Router(config)#interface s0/0/0
Router(config-if)#ip address 192.168.2.2 255.255.255.0
Router(config-if)#clock rate 64000
Router(config-if)#no shutdown
Router(config-if)#end
Router#configure terminal
Enter configuration commands, one per line.  End with CNTL/Z.
Router(config)#interface s0/0/1
Router(config-if)#ip address 192.168.3.1 255.255.255.0
Router(config-if)#clock rate 64000
Router(config-if)#no shutdown
Router(config-if)#end
Router#


configName:RIP
routerNum:2
commands:['configure terminal', 'interface s0/0/1', 'ip address 192.168.3.2 255.255.255.0', 'clock rate 64000', 'no shutdown', 'end']
获取Telnet:Router2的唯一对象……
Telnet:Router2对象已经创建，获取成功
executeSomeCMD:
['configure terminal', 'interface s0/0/1', 'ip address 192.168.3.2 255.255.255.0', 'clock rate 64000', 'no shutdown', 'end']
executeSomeCMD-Result:
['configure terminal\nEnter configuration commands, one per line.  End with CNTL/Z.\nRouter(config)#', 'interface s0/0/1\nRouter(config-if)#', 'ip address 192.168.3.2 255.255.255.0\nRouter(config-if)#', 'clock rate 64000\nThis command applies only to DCE interfaces\nRouter(config-if)#', 'no shutdown\nRouter(config-if)#', 'end\nRouter#']
**程序输出**
Router#configure terminal
Enter configuration commands, one per line.  End with CNTL/Z.
Router(config)#interface s0/0/1
Router(config-if)#ip address 192.168.3.2 255.255.255.0
Router(config-if)#clock rate 64000
This command applies only to DCE interfaces
Router(config-if)#no shutdown
Router(config-if)#end
Router#


[call api]
调用时间：2021-01-13 17.20.57
调用接口：executeSomeCommand
configName:RIP
routerNum:0
commands:['conf ter', 'int f0/1', 'sh', 'end']
获取Telnet:Router0的唯一对象……
Telnet:Router0对象已经创建，获取成功
executeSomeCMD:
['conf ter', 'int f0/1', 'sh', 'end']
executeSomeCMD-Result:
['conf ter\nEnter configuration commands, one per line.  End with CNTL/Z.\nRouter(config)#', 'int f0/1\nRouter(config-if)#', 'sh\nRouter(config-if)#', 'end\nRouter#']
**程序输出**
Router#conf ter
Enter configuration commands, one per line.  End with CNTL/Z.
Router(config)#int f0/1
Router(config-if)#sh
Router(config-if)#end
Router#


[call api]
调用时间：2021-01-13 17.21.15
调用接口：checkInterface
configName:RIP
routerNum:0
commands:['show interfaces']
获取Telnet:Router0的唯一对象……
Telnet:Router0对象已经创建，获取成功
executeSomeCMD:
['show interfaces']
executeSomeCMD-Result:
['show interfaces\nFastEthernet0/0 is up, line protocol is up \n  Hardware is MV96340 Ethernet, address is 04fe.7feb.07a0 (bia 04fe.7feb.07a0)\n  Internet address is 192.168.1.1/24\n  MTU 1500 bytes, BW 100000 Kbit/sec, DLY 100 usec, \n     reliability 255/255, txload 1/255, rxload 1/255\n  Encapsulation ARPA, loopback not set\n  Keepalive set (10 sec)\n  Full-duplex, 100Mb/s, 100BaseTX/FX\n  ARP type: ARPA, ARP Timeout 04:00:00\n  Last input 00:00:00, output 00:00:00, output hang never\n  Last clearing of "show interface" counters never\n  Input queue: 1/75/0/0 (size/max/drops/flushes); Total output drops: 0\n  Queueing strategy: fifo\n  Output queue: 0/40 (size/max)\n  5 minute input rate 1000 bits/sec, 0 packets/sec\n  5 minute output rate 0 bits/sec, 0 packets/sec\n     1209 packets input, 210134 bytes\n     Received 706 broadcasts, 0 runts, 0 giants, 0 throttles\n     0 input errors, 0 CRC, 0 frame, 0 overrun, 0 ignored\n     0 watchdog\n     0 input packets with dribble condition detected\n     1028 packets output, 85686 bytes, 0 underruns\n     0 output errors, 0 collisions, 1 interface resets\n     47 unknown protocol drops\n     0 babbles, 0 late collision, 0 deferred\n     0 lost carrier, 0 no carrier\n     0 output buffer failures, 0 output buffers swapped out\nFastEthernet0/1 is administratively down, line protocol is down \n  Hardware is MV96340 Ethernet, address is 04fe.7feb.07a1 (bia 04fe.7feb.07a1)\n  Internet address is 192.168.2.1/24\n  MTU 1500 bytes, BW 100000 Kbit/sec, DLY 100 usec, \n     reliability 255/255, txload 1/255, rxload 1/255\n  Encapsulation ARPA, loopback not set\n  Keepalive set (10 sec)\n  Auto-duplex, Auto Speed, 100BaseTX/FX\n  ARP type: ARPA, ARP Timeout 04:00:00\n  Last input never, output 00:00:17, output hang never\n  Last clearing of "show interface" counters never\n  Input queue: 0/75/0/0 (size/max/drops/flushes); Total output drops: 0\n  Queueing strategy: fifo\n  Output queue: 0/40 (size/max)\n  5 minute input rate 0 bits/sec, 0 packets/sec\n  5 minute output rate 0 bits/sec, 0 packets/sec\n     0 packets input, 0 bytes\n     Received 0 broadcasts, 0 runts, 0 giants, 0 throttles\n     0 input errors, 0 CRC, 0 frame, 0 overrun, 0 ignored\n     0 watchdog\n     0 input packets with dribble condition detected\n     69 packets output, 4464 bytes, 0 underruns\n     0 output errors, 0 collisions, 1 interface resets\n     0 unknown protocol drops\n     0 babbles, 0 late collision, 0 deferred\n     0 lost carrier, 0 no carrier\n     0 output buffer failures, 0 output buffers swapped out\nSerial0/0/0 is up, line protocol is up \n  Hardware is GT96K Serial\n  Internet address is 192.168.10.1/24\n  MTU 1500 bytes, BW 128 Kbit/sec, DLY 20000 usec, \n     reliability 255/255, txload 1/255, rxload 1/255\n  Encapsulation HDLC, loopback not set\n  Keepalive set (10 sec)\n  Last input 00:00:03, output 00:00:09, output hang never\n  Last clearing of "show interface" counters never\n  Input queue: 0/75/0/0 (size/max/drops/flushes); Total output drops: 0\n  Queueing strategy: weighted fair\n  Output queue: 0/1000/64/0 (size/max total/threshold/drops) \n     Conversations  0/1/32 (active/max active/max total)\n     Reserved Conversations 0/0 (allocated/max allocated)\n     Available Bandwidth 96 kilobits/sec\n  5 minute input rate 0 bits/sec, 0 packets/sec\n  5 minute output rate 0 bits/sec, 0 packets/sec\n     12 packets input, 940 bytes, 0 no buffer\n     Received 12 broadcasts, 0 runts, 0 giants, 0 throttles\n     0 input errors, 0 CRC, 0 frame, 0 overrun, 0 ignored, 0 abort\n     14 packets output, 1620 bytes, 0 underruns\n     0 output errors, 0 collisions, 6 interface resets\n     0 unknown protocol drops\n     0 output buffer failures, 0 output buffers swapped out\n     5 carrier transitions\n     DCD=up  DSR=up  DTR=up  RTS=up  CTS=up\n\nSerial0/0/1 is administratively down, line protocol is down \n  Hardware is GT96K Serial\n  MTU 1500 bytes, BW 128 Kbit/sec, DLY 20000 usec, \n     reliability 255/255, txload 1/255, rxload 1/255\n  Encapsulation HDLC, loopback not set\n  Keepalive set (10 sec)\n  Last input never, output never, output hang never\n  Last clearing of "show interface" counters never\n  Input queue: 0/75/0/0 (size/max/drops/flushes); Total output drops: 0\n  Queueing strategy: weighted fair\n  Output queue: 0/1000/64/0 (size/max total/threshold/drops) \n     Conversations  0/0/32 (active/max active/max total)\n     Reserved Conversations 0/0 (allocated/max allocated)\n     Available Bandwidth 96 kilobits/sec\n  5 minute input rate 0 bits/sec, 0 packets/sec\n  5 minute output rate 0 bits/sec, 0 packets/sec\n     0 packets input, 0 bytes, 0 no buffer\n     Received 0 broadcasts, 0 runts, 0 giants, 0 throttles\n     0 input errors, 0 CRC, 0 frame, 0 overrun, 0 ignored, 0 abort\n     0 packets output, 0 bytes, 0 underruns\n     0 output errors, 0 collisions, 5 interface resets\n     0 unknown protocol drops\n     0 output buffer failures, 0 output buffers swapped out\n     0 carrier transitions\n     DCD=down  DSR=down  DTR=down  RTS=down  CTS=down\n\nSSLVPN-VIF0 is up, line protocol is up \n  Hardware is SSLVPN_VIF\n  Interface is unnumbered. Using address of SSLVPN-VIF0 (0.0.0.0)\n  MTU 1514 bytes, BW 56 Kbit/sec, DLY 5000 usec, \n     reliability 255/255, txload 1/255, rxload 1/255\n  Encapsulation UNKNOWN, loopback not set\n  Last input never, output never, output hang never\n  Last clearing of "show interface" counters never\n  Input queue: 0/75/0/0 (size/max/drops/flushes); Total output drops: 0\n  5 minute input rate 0 bits/sec, 0 packets/sec\n  5 minute output rate 0 bits/sec, 0 packets/sec\n     0 packets input, 0 bytes, 0 no buffer\n     Received 0 broadcasts, 0 runts, 0 giants, 0 throttles\n     0 input errors, 0 CRC, 0 frame, 0 overrun, 0 ignored, 0 abort\n     0 packets output, 0 bytes, 0 underruns\n     0 output errors, 0 collisions, 0 interface resets\n     0 unknown protocol drops\n     0 output buffer failures, 0 output buffers swapped out\nRouter#']
**程序输出**
Router#show interfaces
FastEthernet0/0 is up, line protocol is up 
  Hardware is MV96340 Ethernet, address is 04fe.7feb.07a0 (bia 04fe.7feb.07a0)
  Internet address is 192.168.1.1/24
  MTU 1500 bytes, BW 100000 Kbit/sec, DLY 100 usec, 
     reliability 255/255, txload 1/255, rxload 1/255
  Encapsulation ARPA, loopback not set
  Keepalive set (10 sec)
  Full-duplex, 100Mb/s, 100BaseTX/FX
  ARP type: ARPA, ARP Timeout 04:00:00
  Last input 00:00:00, output 00:00:00, output hang never
  Last clearing of "show interface" counters never
  Input queue: 1/75/0/0 (size/max/drops/flushes); Total output drops: 0
  Queueing strategy: fifo
  Output queue: 0/40 (size/max)
  5 minute input rate 1000 bits/sec, 0 packets/sec
  5 minute output rate 0 bits/sec, 0 packets/sec
     1209 packets input, 210134 bytes
     Received 706 broadcasts, 0 runts, 0 giants, 0 throttles
     0 input errors, 0 CRC, 0 frame, 0 overrun, 0 ignored
     0 watchdog
     0 input packets with dribble condition detected
     1028 packets output, 85686 bytes, 0 underruns
     0 output errors, 0 collisions, 1 interface resets
     47 unknown protocol drops
     0 babbles, 0 late collision, 0 deferred
     0 lost carrier, 0 no carrier
     0 output buffer failures, 0 output buffers swapped out
FastEthernet0/1 is administratively down, line protocol is down 
  Hardware is MV96340 Ethernet, address is 04fe.7feb.07a1 (bia 04fe.7feb.07a1)
  Internet address is 192.168.2.1/24
  MTU 1500 bytes, BW 100000 Kbit/sec, DLY 100 usec, 
     reliability 255/255, txload 1/255, rxload 1/255
  Encapsulation ARPA, loopback not set
  Keepalive set (10 sec)
  Auto-duplex, Auto Speed, 100BaseTX/FX
  ARP type: ARPA, ARP Timeout 04:00:00
  Last input never, output 00:00:17, output hang never
  Last clearing of "show interface" counters never
  Input queue: 0/75/0/0 (size/max/drops/flushes); Total output drops: 0
  Queueing strategy: fifo
  Output queue: 0/40 (size/max)
  5 minute input rate 0 bits/sec, 0 packets/sec
  5 minute output rate 0 bits/sec, 0 packets/sec
     0 packets input, 0 bytes
     Received 0 broadcasts, 0 runts, 0 giants, 0 throttles
     0 input errors, 0 CRC, 0 frame, 0 overrun, 0 ignored
     0 watchdog
     0 input packets with dribble condition detected
     69 packets output, 4464 bytes, 0 underruns
     0 output errors, 0 collisions, 1 interface resets
     0 unknown protocol drops
     0 babbles, 0 late collision, 0 deferred
     0 lost carrier, 0 no carrier
     0 output buffer failures, 0 output buffers swapped out
Serial0/0/0 is up, line protocol is up 
  Hardware is GT96K Serial
  Internet address is 192.168.10.1/24
  MTU 1500 bytes, BW 128 Kbit/sec, DLY 20000 usec, 
     reliability 255/255, txload 1/255, rxload 1/255
  Encapsulation HDLC, loopback not set
  Keepalive set (10 sec)
  Last input 00:00:03, output 00:00:09, output hang never
  Last clearing of "show interface" counters never
  Input queue: 0/75/0/0 (size/max/drops/flushes); Total output drops: 0
  Queueing strategy: weighted fair
  Output queue: 0/1000/64/0 (size/max total/threshold/drops) 
     Conversations  0/1/32 (active/max active/max total)
     Reserved Conversations 0/0 (allocated/max allocated)
     Available Bandwidth 96 kilobits/sec
  5 minute input rate 0 bits/sec, 0 packets/sec
  5 minute output rate 0 bits/sec, 0 packets/sec
     12 packets input, 940 bytes, 0 no buffer
     Received 12 broadcasts, 0 runts, 0 giants, 0 throttles
     0 input errors, 0 CRC, 0 frame, 0 overrun, 0 ignored, 0 abort
     14 packets output, 1620 bytes, 0 underruns
     0 output errors, 0 collisions, 6 interface resets
     0 unknown protocol drops
     0 output buffer failures, 0 output buffers swapped out
     5 carrier transitions
     DCD=up  DSR=up  DTR=up  RTS=up  CTS=up

Serial0/0/1 is administratively down, line protocol is down 
  Hardware is GT96K Serial
  MTU 1500 bytes, BW 128 Kbit/sec, DLY 20000 usec, 
     reliability 255/255, txload 1/255, rxload 1/255
  Encapsulation HDLC, loopback not set
  Keepalive set (10 sec)
  Last input never, output never, output hang never
  Last clearing of "show interface" counters never
  Input queue: 0/75/0/0 (size/max/drops/flushes); Total output drops: 0
  Queueing strategy: weighted fair
  Output queue: 0/1000/64/0 (size/max total/threshold/drops) 
     Conversations  0/0/32 (active/max active/max total)
     Reserved Conversations 0/0 (allocated/max allocated)
     Available Bandwidth 96 kilobits/sec
  5 minute input rate 0 bits/sec, 0 packets/sec
  5 minute output rate 0 bits/sec, 0 packets/sec
     0 packets input, 0 bytes, 0 no buffer
     Received 0 broadcasts, 0 runts, 0 giants, 0 throttles
     0 input errors, 0 CRC, 0 frame, 0 overrun, 0 ignored, 0 abort
     0 packets output, 0 bytes, 0 underruns
     0 output errors, 0 collisions, 5 interface resets
     0 unknown protocol drops
     0 output buffer failures, 0 output buffers swapped out
     0 carrier transitions
     DCD=down  DSR=down  DTR=down  RTS=down  CTS=down

SSLVPN-VIF0 is up, line protocol is up 
  Hardware is SSLVPN_VIF
  Interface is unnumbered. Using address of SSLVPN-VIF0 (0.0.0.0)
  MTU 1514 bytes, BW 56 Kbit/sec, DLY 5000 usec, 
     reliability 255/255, txload 1/255, rxload 1/255
  Encapsulation UNKNOWN, loopback not set
  Last input never, output never, output hang never
  Last clearing of "show interface" counters never
  Input queue: 0/75/0/0 (size/max/drops/flushes); Total output drops: 0
  5 minute input rate 0 bits/sec, 0 packets/sec
  5 minute output rate 0 bits/sec, 0 packets/sec
     0 packets input, 0 bytes, 0 no buffer
     Received 0 broadcasts, 0 runts, 0 giants, 0 throttles
     0 input errors, 0 CRC, 0 frame, 0 overrun, 0 ignored, 0 abort
     0 packets output, 0 bytes, 0 underruns
     0 output errors, 0 collisions, 0 interface resets
     0 unknown protocol drops
     0 output buffer failures, 0 output buffers swapped out
Router#


输出结果：['Router#show interfaces', 'FastEthernet0/0 is up, line protocol is up ', '  Hardware is MV96340 Ethernet, address is 04fe.7feb.07a0 (bia 04fe.7feb.07a0)', '  Internet address is 192.168.1.1/24', '  MTU 1500 bytes, BW 100000 Kbit/sec, DLY 100 usec, ', '     reliability 255/255, txload 1/255, rxload 1/255', '  Encapsulation ARPA, loopback not set', '  Keepalive set (10 sec)', '  Full-duplex, 100Mb/s, 100BaseTX/FX', '  ARP type: ARPA, ARP Timeout 04:00:00', '  Last input 00:00:00, output 00:00:00, output hang never', '  Last clearing of "show interface" counters never', '  Input queue: 1/75/0/0 (size/max/drops/flushes); Total output drops: 0', '  Queueing strategy: fifo', '  Output queue: 0/40 (size/max)', '  5 minute input rate 1000 bits/sec, 0 packets/sec', '  5 minute output rate 0 bits/sec, 0 packets/sec', '     1209 packets input, 210134 bytes', '     Received 706 broadcasts, 0 runts, 0 giants, 0 throttles', '     0 input errors, 0 CRC, 0 frame, 0 overrun, 0 ignored', '     0 watchdog', '     0 input packets with dribble condition detected', '     1028 packets output, 85686 bytes, 0 underruns', '     0 output errors, 0 collisions, 1 interface resets', '     47 unknown protocol drops', '     0 babbles, 0 late collision, 0 deferred', '     0 lost carrier, 0 no carrier', '     0 output buffer failures, 0 output buffers swapped out', 'FastEthernet0/1 is administratively down, line protocol is down ', '  Hardware is MV96340 Ethernet, address is 04fe.7feb.07a1 (bia 04fe.7feb.07a1)', '  Internet address is 192.168.2.1/24', '  MTU 1500 bytes, BW 100000 Kbit/sec, DLY 100 usec, ', '     reliability 255/255, txload 1/255, rxload 1/255', '  Encapsulation ARPA, loopback not set', '  Keepalive set (10 sec)', '  Auto-duplex, Auto Speed, 100BaseTX/FX', '  ARP type: ARPA, ARP Timeout 04:00:00', '  Last input never, output 00:00:17, output hang never', '  Last clearing of "show interface" counters never', '  Input queue: 0/75/0/0 (size/max/drops/flushes); Total output drops: 0', '  Queueing strategy: fifo', '  Output queue: 0/40 (size/max)', '  5 minute input rate 0 bits/sec, 0 packets/sec', '  5 minute output rate 0 bits/sec, 0 packets/sec', '     0 packets input, 0 bytes', '     Received 0 broadcasts, 0 runts, 0 giants, 0 throttles', '     0 input errors, 0 CRC, 0 frame, 0 overrun, 0 ignored', '     0 watchdog', '     0 input packets with dribble condition detected', '     69 packets output, 4464 bytes, 0 underruns', '     0 output errors, 0 collisions, 1 interface resets', '     0 unknown protocol drops', '     0 babbles, 0 late collision, 0 deferred', '     0 lost carrier, 0 no carrier', '     0 output buffer failures, 0 output buffers swapped out', 'Serial0/0/0 is up, line protocol is up ', '  Hardware is GT96K Serial', '  Internet address is 192.168.10.1/24', '  MTU 1500 bytes, BW 128 Kbit/sec, DLY 20000 usec, ', '     reliability 255/255, txload 1/255, rxload 1/255', '  Encapsulation HDLC, loopback not set', '  Keepalive set (10 sec)', '  Last input 00:00:03, output 00:00:09, output hang never', '  Last clearing of "show interface" counters never', '  Input queue: 0/75/0/0 (size/max/drops/flushes); Total output drops: 0', '  Queueing strategy: weighted fair', '  Output queue: 0/1000/64/0 (size/max total/threshold/drops) ', '     Conversations  0/1/32 (active/max active/max total)', '     Reserved Conversations 0/0 (allocated/max allocated)', '     Available Bandwidth 96 kilobits/sec', '  5 minute input rate 0 bits/sec, 0 packets/sec', '  5 minute output rate 0 bits/sec, 0 packets/sec', '     12 packets input, 940 bytes, 0 no buffer', '     Received 12 broadcasts, 0 runts, 0 giants, 0 throttles', '     0 input errors, 0 CRC, 0 frame, 0 overrun, 0 ignored, 0 abort', '     14 packets output, 1620 bytes, 0 underruns', '     0 output errors, 0 collisions, 6 interface resets', '     0 unknown protocol drops', '     0 output buffer failures, 0 output buffers swapped out', '     5 carrier transitions', '     DCD=up  DSR=up  DTR=up  RTS=up  CTS=up', '', 'Serial0/0/1 is administratively down, line protocol is down ', '  Hardware is GT96K Serial', '  MTU 1500 bytes, BW 128 Kbit/sec, DLY 20000 usec, ', '     reliability 255/255, txload 1/255, rxload 1/255', '  Encapsulation HDLC, loopback not set', '  Keepalive set (10 sec)', '  Last input never, output never, output hang never', '  Last clearing of "show interface" counters never', '  Input queue: 0/75/0/0 (size/max/drops/flushes); Total output drops: 0', '  Queueing strategy: weighted fair', '  Output queue: 0/1000/64/0 (size/max total/threshold/drops) ', '     Conversations  0/0/32 (active/max active/max total)', '     Reserved Conversations 0/0 (allocated/max allocated)', '     Available Bandwidth 96 kilobits/sec', '  5 minute input rate 0 bits/sec, 0 packets/sec', '  5 minute output rate 0 bits/sec, 0 packets/sec', '     0 packets input, 0 bytes, 0 no buffer', '     Received 0 broadcasts, 0 runts, 0 giants, 0 throttles', '     0 input errors, 0 CRC, 0 frame, 0 overrun, 0 ignored, 0 abort', '     0 packets output, 0 bytes, 0 underruns', '     0 output errors, 0 collisions, 5 interface resets', '     0 unknown protocol drops', '     0 output buffer failures, 0 output buffers swapped out', '     0 carrier transitions', '     DCD=down  DSR=down  DTR=down  RTS=down  CTS=down', '', 'SSLVPN-VIF0 is up, line protocol is up ', '  Hardware is SSLVPN_VIF', '  Interface is unnumbered. Using address of SSLVPN-VIF0 (0.0.0.0)', '  MTU 1514 bytes, BW 56 Kbit/sec, DLY 5000 usec, ', '     reliability 255/255, txload 1/255, rxload 1/255', '  Encapsulation UNKNOWN, loopback not set', '  Last input never, output never, output hang never', '  Last clearing of "show interface" counters never', '  Input queue: 0/75/0/0 (size/max/drops/flushes); Total output drops: 0', '  5 minute input rate 0 bits/sec, 0 packets/sec', '  5 minute output rate 0 bits/sec, 0 packets/sec', '     0 packets input, 0 bytes, 0 no buffer', '     Received 0 broadcasts, 0 runts, 0 giants, 0 throttles', '     0 input errors, 0 CRC, 0 frame, 0 overrun, 0 ignored, 0 abort', '     0 packets output, 0 bytes, 0 underruns', '     0 output errors, 0 collisions, 0 interface resets', '     0 unknown protocol drops', '     0 output buffer failures, 0 output buffers swapped out', 'Router#', '', '接口 FastEthernet0/0 开启，IP地址：192.168.1.1/24', '接口 FastEthernet0/1 未开启', '接口 Serial0/0/0 开启，IP地址：192.168.10.1/24', '接口 Serial0/0/1 未开启']
configName:RIP
routerNum:0
commands:['configure terminal', 'interface s0/0/0', 'ip address 192.168.2.1 255.255.255.0', 'clock rate 64000', 'no shutdown', 'end']
获取Telnet:Router0的唯一对象……
Telnet:Router0对象已经创建，获取成功
executeSomeCMD:
['configure terminal', 'interface s0/0/0', 'ip address 192.168.2.1 255.255.255.0', 'clock rate 64000', 'no shutdown', 'end']
executeSomeCMD-Result:
['configure terminal\nEnter configuration commands, one per line.  End with CNTL/Z.\nRouter(config)#', 'interface s0/0/0\nRouter(config-if)#', 'ip address 192.168.2.1 255.255.255.0\nRouter(config-if)#', 'clock rate 64000\nThis command applies only to DCE interfaces\nRouter(config-if)#', 'no shutdown\nRouter(config-if)#', 'end\nRouter#']
**程序输出**
Router#configure terminal
Enter configuration commands, one per line.  End with CNTL/Z.
Router(config)#interface s0/0/0
Router(config-if)#ip address 192.168.2.1 255.255.255.0
Router(config-if)#clock rate 64000
This command applies only to DCE interfaces
Router(config-if)#no shutdown
Router(config-if)#end
Router#


configName:RIP
routerNum:1
commands:['configure terminal', 'interface s0/0/0', 'ip address 192.168.2.2 255.255.255.0', 'clock rate 64000', 'no shutdown', 'end', 'configure terminal', 'interface s0/0/1', 'ip address 192.168.3.1 255.255.255.0', 'clock rate 64000', 'no shutdown', 'end']
获取Telnet:Router1的唯一对象……
Telnet:Router1对象已经创建，获取成功
executeSomeCMD:
['configure terminal', 'interface s0/0/0', 'ip address 192.168.2.2 255.255.255.0', 'clock rate 64000', 'no shutdown', 'end', 'configure terminal', 'interface s0/0/1', 'ip address 192.168.3.1 255.255.255.0', 'clock rate 64000', 'no shutdown', 'end']
executeSomeCMD-Result:
['configure terminal\nEnter configuration commands, one per line.  End with CNTL/Z.\nRouter(config)#', 'interface s0/0/0\nRouter(config-if)#', 'ip address 192.168.2.2 255.255.255.0\nRouter(config-if)#', 'clock rate 64000\nRouter(config-if)#', 'no shutdown\nRouter(config-if)#', 'end\nRouter#', 'configure terminal\nEnter configuration commands, one per line.  End with CNTL/Z.\nRouter(config)#', 'interface s0/0/1\nRouter(config-if)#', 'ip address 192.168.3.1 255.255.255.0\nRouter(config-if)#', 'clock rate 64000\nRouter(config-if)#', 'no shutdown\nRouter(config-if)#', 'end\nRouter#']
**程序输出**
Router#configure terminal
Enter configuration commands, one per line.  End with CNTL/Z.
Router(config)#interface s0/0/0
Router(config-if)#ip address 192.168.2.2 255.255.255.0
Router(config-if)#clock rate 64000
Router(config-if)#no shutdown
Router(config-if)#end
Router#configure terminal
Enter configuration commands, one per line.  End with CNTL/Z.
Router(config)#interface s0/0/1
Router(config-if)#ip address 192.168.3.1 255.255.255.0
Router(config-if)#clock rate 64000
Router(config-if)#no shutdown
Router(config-if)#end
Router#


configName:RIP
routerNum:2
commands:['configure terminal', 'interface s0/0/1', 'ip address 192.168.3.2 255.255.255.0', 'clock rate 64000', 'no shutdown', 'end']
获取Telnet:Router2的唯一对象……
Telnet:Router2对象已经创建，获取成功
executeSomeCMD:
['configure terminal', 'interface s0/0/1', 'ip address 192.168.3.2 255.255.255.0', 'clock rate 64000', 'no shutdown', 'end']
executeSomeCMD-Result:
['configure terminal\nEnter configuration commands, one per line.  End with CNTL/Z.\nRouter(config)#', 'interface s0/0/1\nRouter(config-if)#', 'ip address 192.168.3.2 255.255.255.0\nRouter(config-if)#', 'clock rate 64000\nThis command applies only to DCE interfaces\nRouter(config-if)#', 'no shutdown\nRouter(config-if)#', 'end\nRouter#']
**程序输出**
Router#configure terminal
Enter configuration commands, one per line.  End with CNTL/Z.
Router(config)#interface s0/0/1
Router(config-if)#ip address 192.168.3.2 255.255.255.0
Router(config-if)#clock rate 64000
This command applies only to DCE interfaces
Router(config-if)#no shutdown
Router(config-if)#end
Router#


[call api]
调用时间：2021-01-13 17.21.33
调用接口：generateTemplate
configName:RIP
settingNum:0
commands: ['configure terminal', 'ip routing', 'router rip', 'network 192.168.2.0', 'version 2', 'no auto-summary', 'end']

[call api]
调用时间：2021-01-13 17.21.41
调用接口：executeSomeCommand
configName:RIP
routerNum:0
commands:['configure terminal', 'ip routing', 'router rip', 'network 192.168.2.0', 'version 2', 'no auto-summary', 'end']
获取Telnet:Router0的唯一对象……
Telnet:Router0对象已经创建，获取成功
executeSomeCMD:
['configure terminal', 'ip routing', 'router rip', 'network 192.168.2.0', 'version 2', 'no auto-summary', 'end']
executeSomeCMD-Result:
['configure terminal\nEnter configuration commands, one per line.  End with CNTL/Z.\nRouter(config)#', 'ip routing\nRouter(config)#', 'router rip\nRouter(config-router)#', 'network 192.168.2.0\nRouter(config-router)#', 'version 2\nRouter(config-router)#', 'no auto-summary\nRouter(config-router)#', 'end\nRouter#']
**程序输出**
Router#configure terminal
Enter configuration commands, one per line.  End with CNTL/Z.
Router(config)#ip routing
Router(config)#router rip
Router(config-router)#network 192.168.2.0
Router(config-router)#version 2
Router(config-router)#no auto-summary
Router(config-router)#end
Router#


[call api]
调用时间：2021-01-13 17.21.49
调用接口：generateTemplate
configName:RIP
settingNum:1
commands: ['configure terminal', 'ip routing', 'router rip', 'network 192.168.2.0', 'network 192.168.3.0', 'version 2', 'no auto-summary', 'end']

[call api]
调用时间：2021-01-13 17.21.59
调用接口：executeSomeCommand
configName:RIP
routerNum:1
commands:['configure terminal', 'ip routing', 'router rip', 'network 192.168.2.0', 'network 192.168.3.0', 'version 2', 'no auto-summary', 'end']
获取Telnet:Router1的唯一对象……
Telnet:Router1对象已经创建，获取成功
executeSomeCMD:
['configure terminal', 'ip routing', 'router rip', 'network 192.168.2.0', 'network 192.168.3.0', 'version 2', 'no auto-summary', 'end']
executeSomeCMD-Result:
['configure terminal\nEnter configuration commands, one per line.  End with CNTL/Z.\nRouter(config)#', 'ip routing\nRouter(config)#', 'router rip\nRouter(config-router)#', 'network 192.168.2.0\nRouter(config-router)#', 'network 192.168.3.0\nRouter(config-router)#', 'version 2\nRouter(config-router)#', 'no auto-summary\nRouter(config-router)#', 'end\nRouter#']
**程序输出**
Router#configure terminal
Enter configuration commands, one per line.  End with CNTL/Z.
Router(config)#ip routing
Router(config)#router rip
Router(config-router)#network 192.168.2.0
Router(config-router)#network 192.168.3.0
Router(config-router)#version 2
Router(config-router)#no auto-summary
Router(config-router)#end
Router#


[call api]
调用时间：2021-01-13 17.22.06
调用接口：generateTemplate
configName:RIP
settingNum:2
commands: ['configure terminal', 'ip routing', 'router rip', 'network 192.168.3.0', 'version 2 ', 'no auto-summary', 'end']

[call api]
调用时间：2021-01-13 17.22.08
调用接口：executeSomeCommand
configName:RIP
routerNum:2
commands:['configure terminal', 'ip routing', 'router rip', 'network 192.168.3.0', 'version 2 ', 'no auto-summary', 'end']
获取Telnet:Router2的唯一对象……
Telnet:Router2对象已经创建，获取成功
executeSomeCMD:
['configure terminal', 'ip routing', 'router rip', 'network 192.168.3.0', 'version 2 ', 'no auto-summary', 'end']
executeSomeCMD-Result:
['configure terminal\nEnter configuration commands, one per line.  End with CNTL/Z.\nRouter(config)#', 'ip routing\nRouter(config)#', 'router rip\nRouter(config-router)#', 'network 192.168.3.0\nRouter(config-router)#', 'version 2 \nRouter(config-router)#', 'no auto-summary\nRouter(config-router)#', 'end\nRouter#']
**程序输出**
Router#configure terminal
Enter configuration commands, one per line.  End with CNTL/Z.
Router(config)#ip routing
Router(config)#router rip
Router(config-router)#network 192.168.3.0
Router(config-router)#version 2 
Router(config-router)#no auto-summary
Router(config-router)#end
Router#


[call api]
调用时间：2021-01-13 17.22.30
调用接口：checkIPRoute
configName:RIP
routerNum:0
commands:['show ip route']
获取Telnet:Router0的唯一对象……
Telnet:Router0对象已经创建，获取成功
executeSomeCMD:
['show ip route']
executeSomeCMD-Result:
['show ip route\nCodes: C - connected, S - static, R - RIP, M - mobile, B - BGP\n       D - EIGRP, EX - EIGRP external, O - OSPF, IA - OSPF inter area \n       N1 - OSPF NSSA external type 1, N2 - OSPF NSSA external type 2\n       E1 - OSPF external type 1, E2 - OSPF external type 2\n       i - IS-IS, su - IS-IS summary, L1 - IS-IS level-1, L2 - IS-IS level-2\n       ia - IS-IS inter area, * - candidate default, U - per-user static route\n       o - ODR, P - periodic downloaded static route\n\nGateway of last resort is not set\n\nC    192.168.1.0/24 is directly connected, FastEthernet0/0\nC    192.168.2.0/24 is directly connected, Serial0/0/0\nR    192.168.3.0/24 [120/1] via 192.168.2.2, 00:00:04, Serial0/0/0\nRouter#']
**程序输出**
Router#show ip route
Codes: C - connected, S - static, R - RIP, M - mobile, B - BGP
       D - EIGRP, EX - EIGRP external, O - OSPF, IA - OSPF inter area 
       N1 - OSPF NSSA external type 1, N2 - OSPF NSSA external type 2
       E1 - OSPF external type 1, E2 - OSPF external type 2
       i - IS-IS, su - IS-IS summary, L1 - IS-IS level-1, L2 - IS-IS level-2
       ia - IS-IS inter area, * - candidate default, U - per-user static route
       o - ODR, P - periodic downloaded static route

Gateway of last resort is not set

C    192.168.1.0/24 is directly connected, FastEthernet0/0
C    192.168.2.0/24 is directly connected, Serial0/0/0
R    192.168.3.0/24 [120/1] via 192.168.2.2, 00:00:04, Serial0/0/0
Router#


输出结果：['Router#show ip route', 'Codes: C - connected, S - static, R - RIP, M - mobile, B - BGP', '       D - EIGRP, EX - EIGRP external, O - OSPF, IA - OSPF inter area ', '       N1 - OSPF NSSA external type 1, N2 - OSPF NSSA external type 2', '       E1 - OSPF external type 1, E2 - OSPF external type 2', '       i - IS-IS, su - IS-IS summary, L1 - IS-IS level-1, L2 - IS-IS level-2', '       ia - IS-IS inter area, * - candidate default, U - per-user static route', '       o - ODR, P - periodic downloaded static route', '', 'Gateway of last resort is not set', '', 'C    192.168.1.0/24 is directly connected, FastEthernet0/0', 'C    192.168.2.0/24 is directly connected, Serial0/0/0', 'R    192.168.3.0/24 [120/1] via 192.168.2.2, 00:00:04, Serial0/0/0', 'Router#', '', '共有3条路由信息', 'C    192.168.1.0/24 is directly connected, FastEthernet0/0', 'C    192.168.2.0/24 is directly connected, Serial0/0/0', 'R    192.168.3.0/24 [120/1] via 192.168.2.2, 00:00:04, Serial0/0/0']
[call api]
调用时间：2021-01-13 17.22.42
调用接口：checkIPProtocols
configName:RIP
routerNum:0
commands:['show ip protocols']
获取Telnet:Router0的唯一对象……
Telnet:Router0对象已经创建，获取成功
executeSomeCMD:
['show ip protocols']
executeSomeCMD-Result:
['show ip protocols\nRouting Protocol is "rip"\n  Outgoing update filter list for all interfaces is not set\n  Incoming update filter list for all interfaces is not set\n  Sending updates every 30 seconds, next due in 24 seconds\n  Invalid after 180 seconds, hold down 180, flushed after 240\n  Redistributing: rip\n  Default version control: send version 2, receive version 2\n    Interface             Send  Recv  Triggered RIP  Key-chain\n    FastEthernet0/1       2     2                                    \n    Serial0/0/0           2     2                                    \n  Automatic network summarization is not in effect\n  Maximum path: 4\n  Routing for Networks:\n    192.168.2.0\n  Routing Information Sources:\n    Gateway         Distance      Last Update\n    192.168.2.2          120      00:00:16\n  Distance: (default is 120)\n\nRouter#']
**程序输出**
Router#show ip protocols
Routing Protocol is "rip"
  Outgoing update filter list for all interfaces is not set
  Incoming update filter list for all interfaces is not set
  Sending updates every 30 seconds, next due in 24 seconds
  Invalid after 180 seconds, hold down 180, flushed after 240
  Redistributing: rip
  Default version control: send version 2, receive version 2
    Interface             Send  Recv  Triggered RIP  Key-chain
    FastEthernet0/1       2     2                                    
    Serial0/0/0           2     2                                    
  Automatic network summarization is not in effect
  Maximum path: 4
  Routing for Networks:
    192.168.2.0
  Routing Information Sources:
    Gateway         Distance      Last Update
    192.168.2.2          120      00:00:16
  Distance: (default is 120)

Router#


输出结果：['Router#show ip protocols', 'Routing Protocol is "rip"', '  Outgoing update filter list for all interfaces is not set', '  Incoming update filter list for all interfaces is not set', '  Sending updates every 30 seconds, next due in 24 seconds', '  Invalid after 180 seconds, hold down 180, flushed after 240', '  Redistributing: rip', '  Default version control: send version 2, receive version 2', '    Interface             Send  Recv  Triggered RIP  Key-chain', '    FastEthernet0/1       2     2                                    ', '    Serial0/0/0           2     2                                    ', '  Automatic network summarization is not in effect', '  Maximum path: 4', '  Routing for Networks:', '    192.168.2.0', '  Routing Information Sources:', '    Gateway         Distance      Last Update', '    192.168.2.2          120      00:00:16', '  Distance: (default is 120)', '', 'Router#', '\n当前配置协议：rip', '共有1条Routing for Networks信息：', '    192.168.2.0', '共有1条Routing Information Sources信息：', '    Gateway         Distance      Last Update', '    192.168.2.2          120      00:00:16', '']
[call api]
调用时间：2021-01-13 17.22.58
调用接口：checkInterface
configName:RIP
routerNum:0
commands:['show interfaces']
获取Telnet:Router0的唯一对象……
Telnet:Router0对象已经创建，获取成功
executeSomeCMD:
['show interfaces']
executeSomeCMD-Result:
['show interfaces\nFastEthernet0/0 is up, line protocol is up \n  Hardware is MV96340 Ethernet, address is 04fe.7feb.07a0 (bia 04fe.7feb.07a0)\n  Internet address is 192.168.1.1/24\n  MTU 1500 bytes, BW 100000 Kbit/sec, DLY 100 usec, \n     reliability 255/255, txload 1/255, rxload 1/255\n  Encapsulation ARPA, loopback not set\n  Keepalive set (10 sec)\n  Full-duplex, 100Mb/s, 100BaseTX/FX\n  ARP type: ARPA, ARP Timeout 04:00:00\n  Last input 00:00:00, output 00:00:00, output hang never\n  Last clearing of "show interface" counters never\n  Input queue: 2/75/0/0 (size/max/drops/flushes); Total output drops: 0\n  Queueing strategy: fifo\n  Output queue: 0/40 (size/max)\n  5 minute input rate 2000 bits/sec, 0 packets/sec\n  5 minute output rate 0 bits/sec, 0 packets/sec\n     1401 packets input, 232498 bytes\n     Received 767 broadcasts, 0 runts, 0 giants, 0 throttles\n     0 input errors, 0 CRC, 0 frame, 0 overrun, 0 ignored\n     0 watchdog\n     0 input packets with dribble condition detected\n     1316 packets output, 111343 bytes, 0 underruns\n     0 output errors, 0 collisions, 1 interface resets\n     50 unknown protocol drops\n     0 babbles, 0 late collision, 0 deferred\n     0 lost carrier, 0 no carrier\n     0 output buffer failures, 0 output buffers swapped out\nFastEthernet0/1 is administratively down, line protocol is down \n  Hardware is MV96340 Ethernet, address is 04fe.7feb.07a1 (bia 04fe.7feb.07a1)\n  Internet address is 192.168.2.1/24\n  MTU 1500 bytes, BW 100000 Kbit/sec, DLY 100 usec, \n     reliability 255/255, txload 1/255, rxload 1/255\n  Encapsulation ARPA, loopback not set\n  Keepalive set (10 sec)\n  Auto-duplex, Auto Speed, 100BaseTX/FX\n  ARP type: ARPA, ARP Timeout 04:00:00\n  Last input never, output 00:02:00, output hang never\n  Last clearing of "show interface" counters never\n  Input queue: 0/75/0/0 (size/max/drops/flushes); Total output drops: 0\n  Queueing strategy: fifo\n  Output queue: 0/40 (size/max)\n  5 minute input rate 0 bits/sec, 0 packets/sec\n  5 minute output rate 0 bits/sec, 0 packets/sec\n     0 packets input, 0 bytes\n     Received 0 broadcasts, 0 runts, 0 giants, 0 throttles\n     0 input errors, 0 CRC, 0 frame, 0 overrun, 0 ignored\n     0 watchdog\n     0 input packets with dribble condition detected\n     69 packets output, 4464 bytes, 0 underruns\n     0 output errors, 0 collisions, 1 interface resets\n     0 unknown protocol drops\n     0 babbles, 0 late collision, 0 deferred\n     0 lost carrier, 0 no carrier\n     0 output buffer failures, 0 output buffers swapped out\nSerial0/0/0 is up, line protocol is up \n  Hardware is GT96K Serial\n  Internet address is 192.168.2.1/24\n  MTU 1500 bytes, BW 128 Kbit/sec, DLY 20000 usec, \n     reliability 255/255, txload 1/255, rxload 1/255\n  Encapsulation HDLC, loopback not set\n  Keepalive set (10 sec)\n  Last input 00:00:01, output 00:00:02, output hang never\n  Last clearing of "show interface" counters never\n  Input queue: 0/75/0/0 (size/max/drops/flushes); Total output drops: 0\n  Queueing strategy: weighted fair\n  Output queue: 0/1000/64/0 (size/max total/threshold/drops) \n     Conversations  0/1/32 (active/max active/max total)\n     Reserved Conversations 0/0 (allocated/max allocated)\n     Available Bandwidth 96 kilobits/sec\n  5 minute input rate 0 bits/sec, 0 packets/sec\n  5 minute output rate 0 bits/sec, 0 packets/sec\n     27 packets input, 2034 bytes, 0 no buffer\n     Received 24 broadcasts, 0 runts, 0 giants, 0 throttles\n     0 input errors, 0 CRC, 0 frame, 0 overrun, 0 ignored, 0 abort\n     27 packets output, 2556 bytes, 0 underruns\n     0 output errors, 0 collisions, 7 interface resets\n     0 unknown protocol drops\n     0 output buffer failures, 0 output buffers swapped out\n     7 carrier transitions\n     DCD=up  DSR=up  DTR=up  RTS=up  CTS=up\n\nSerial0/0/1 is administratively down, line protocol is down \n  Hardware is GT96K Serial\n  MTU 1500 bytes, BW 128 Kbit/sec, DLY 20000 usec, \n     reliability 255/255, txload 1/255, rxload 1/255\n  Encapsulation HDLC, loopback not set\n  Keepalive set (10 sec)\n  Last input never, output never, output hang never\n  Last clearing of "show interface" counters never\n  Input queue: 0/75/0/0 (size/max/drops/flushes); Total output drops: 0\n  Queueing strategy: weighted fair\n  Output queue: 0/1000/64/0 (size/max total/threshold/drops) \n     Conversations  0/0/32 (active/max active/max total)\n     Reserved Conversations 0/0 (allocated/max allocated)\n     Available Bandwidth 96 kilobits/sec\n  5 minute input rate 0 bits/sec, 0 packets/sec\n  5 minute output rate 0 bits/sec, 0 packets/sec\n     0 packets input, 0 bytes, 0 no buffer\n     Received 0 broadcasts, 0 runts, 0 giants, 0 throttles\n     0 input errors, 0 CRC, 0 frame, 0 overrun, 0 ignored, 0 abort\n     0 packets output, 0 bytes, 0 underruns\n     0 output errors, 0 collisions, 5 interface resets\n     0 unknown protocol drops\n     0 output buffer failures, 0 output buffers swapped out\n     0 carrier transitions\n     DCD=down  DSR=down  DTR=down  RTS=down  CTS=down\n\nSSLVPN-VIF0 is up, line protocol is up \n  Hardware is SSLVPN_VIF\n  Interface is unnumbered. Using address of SSLVPN-VIF0 (0.0.0.0)\n  MTU 1514 bytes, BW 56 Kbit/sec, DLY 5000 usec, \n     reliability 255/255, txload 1/255, rxload 1/255\n  Encapsulation UNKNOWN, loopback not set\n  Last input never, output never, output hang never\n  Last clearing of "show interface" counters never\n  Input queue: 0/75/0/0 (size/max/drops/flushes); Total output drops: 0\n  5 minute input rate 0 bits/sec, 0 packets/sec\n  5 minute output rate 0 bits/sec, 0 packets/sec\n     0 packets input, 0 bytes, 0 no buffer\n     Received 0 broadcasts, 0 runts, 0 giants, 0 throttles\n     0 input errors, 0 CRC, 0 frame, 0 overrun, 0 ignored, 0 abort\n     0 packets output, 0 bytes, 0 underruns\n     0 output errors, 0 collisions, 0 interface resets\n     0 unknown protocol drops\n     0 output buffer failures, 0 output buffers swapped out\nRouter#']
**程序输出**
Router#show interfaces
FastEthernet0/0 is up, line protocol is up 
  Hardware is MV96340 Ethernet, address is 04fe.7feb.07a0 (bia 04fe.7feb.07a0)
  Internet address is 192.168.1.1/24
  MTU 1500 bytes, BW 100000 Kbit/sec, DLY 100 usec, 
     reliability 255/255, txload 1/255, rxload 1/255
  Encapsulation ARPA, loopback not set
  Keepalive set (10 sec)
  Full-duplex, 100Mb/s, 100BaseTX/FX
  ARP type: ARPA, ARP Timeout 04:00:00
  Last input 00:00:00, output 00:00:00, output hang never
  Last clearing of "show interface" counters never
  Input queue: 2/75/0/0 (size/max/drops/flushes); Total output drops: 0
  Queueing strategy: fifo
  Output queue: 0/40 (size/max)
  5 minute input rate 2000 bits/sec, 0 packets/sec
  5 minute output rate 0 bits/sec, 0 packets/sec
     1401 packets input, 232498 bytes
     Received 767 broadcasts, 0 runts, 0 giants, 0 throttles
     0 input errors, 0 CRC, 0 frame, 0 overrun, 0 ignored
     0 watchdog
     0 input packets with dribble condition detected
     1316 packets output, 111343 bytes, 0 underruns
     0 output errors, 0 collisions, 1 interface resets
     50 unknown protocol drops
     0 babbles, 0 late collision, 0 deferred
     0 lost carrier, 0 no carrier
     0 output buffer failures, 0 output buffers swapped out
FastEthernet0/1 is administratively down, line protocol is down 
  Hardware is MV96340 Ethernet, address is 04fe.7feb.07a1 (bia 04fe.7feb.07a1)
  Internet address is 192.168.2.1/24
  MTU 1500 bytes, BW 100000 Kbit/sec, DLY 100 usec, 
     reliability 255/255, txload 1/255, rxload 1/255
  Encapsulation ARPA, loopback not set
  Keepalive set (10 sec)
  Auto-duplex, Auto Speed, 100BaseTX/FX
  ARP type: ARPA, ARP Timeout 04:00:00
  Last input never, output 00:02:00, output hang never
  Last clearing of "show interface" counters never
  Input queue: 0/75/0/0 (size/max/drops/flushes); Total output drops: 0
  Queueing strategy: fifo
  Output queue: 0/40 (size/max)
  5 minute input rate 0 bits/sec, 0 packets/sec
  5 minute output rate 0 bits/sec, 0 packets/sec
     0 packets input, 0 bytes
     Received 0 broadcasts, 0 runts, 0 giants, 0 throttles
     0 input errors, 0 CRC, 0 frame, 0 overrun, 0 ignored
     0 watchdog
     0 input packets with dribble condition detected
     69 packets output, 4464 bytes, 0 underruns
     0 output errors, 0 collisions, 1 interface resets
     0 unknown protocol drops
     0 babbles, 0 late collision, 0 deferred
     0 lost carrier, 0 no carrier
     0 output buffer failures, 0 output buffers swapped out
Serial0/0/0 is up, line protocol is up 
  Hardware is GT96K Serial
  Internet address is 192.168.2.1/24
  MTU 1500 bytes, BW 128 Kbit/sec, DLY 20000 usec, 
     reliability 255/255, txload 1/255, rxload 1/255
  Encapsulation HDLC, loopback not set
  Keepalive set (10 sec)
  Last input 00:00:01, output 00:00:02, output hang never
  Last clearing of "show interface" counters never
  Input queue: 0/75/0/0 (size/max/drops/flushes); Total output drops: 0
  Queueing strategy: weighted fair
  Output queue: 0/1000/64/0 (size/max total/threshold/drops) 
     Conversations  0/1/32 (active/max active/max total)
     Reserved Conversations 0/0 (allocated/max allocated)
     Available Bandwidth 96 kilobits/sec
  5 minute input rate 0 bits/sec, 0 packets/sec
  5 minute output rate 0 bits/sec, 0 packets/sec
     27 packets input, 2034 bytes, 0 no buffer
     Received 24 broadcasts, 0 runts, 0 giants, 0 throttles
     0 input errors, 0 CRC, 0 frame, 0 overrun, 0 ignored, 0 abort
     27 packets output, 2556 bytes, 0 underruns
     0 output errors, 0 collisions, 7 interface resets
     0 unknown protocol drops
     0 output buffer failures, 0 output buffers swapped out
     7 carrier transitions
     DCD=up  DSR=up  DTR=up  RTS=up  CTS=up

Serial0/0/1 is administratively down, line protocol is down 
  Hardware is GT96K Serial
  MTU 1500 bytes, BW 128 Kbit/sec, DLY 20000 usec, 
     reliability 255/255, txload 1/255, rxload 1/255
  Encapsulation HDLC, loopback not set
  Keepalive set (10 sec)
  Last input never, output never, output hang never
  Last clearing of "show interface" counters never
  Input queue: 0/75/0/0 (size/max/drops/flushes); Total output drops: 0
  Queueing strategy: weighted fair
  Output queue: 0/1000/64/0 (size/max total/threshold/drops) 
     Conversations  0/0/32 (active/max active/max total)
     Reserved Conversations 0/0 (allocated/max allocated)
     Available Bandwidth 96 kilobits/sec
  5 minute input rate 0 bits/sec, 0 packets/sec
  5 minute output rate 0 bits/sec, 0 packets/sec
     0 packets input, 0 bytes, 0 no buffer
     Received 0 broadcasts, 0 runts, 0 giants, 0 throttles
     0 input errors, 0 CRC, 0 frame, 0 overrun, 0 ignored, 0 abort
     0 packets output, 0 bytes, 0 underruns
     0 output errors, 0 collisions, 5 interface resets
     0 unknown protocol drops
     0 output buffer failures, 0 output buffers swapped out
     0 carrier transitions
     DCD=down  DSR=down  DTR=down  RTS=down  CTS=down

SSLVPN-VIF0 is up, line protocol is up 
  Hardware is SSLVPN_VIF
  Interface is unnumbered. Using address of SSLVPN-VIF0 (0.0.0.0)
  MTU 1514 bytes, BW 56 Kbit/sec, DLY 5000 usec, 
     reliability 255/255, txload 1/255, rxload 1/255
  Encapsulation UNKNOWN, loopback not set
  Last input never, output never, output hang never
  Last clearing of "show interface" counters never
  Input queue: 0/75/0/0 (size/max/drops/flushes); Total output drops: 0
  5 minute input rate 0 bits/sec, 0 packets/sec
  5 minute output rate 0 bits/sec, 0 packets/sec
     0 packets input, 0 bytes, 0 no buffer
     Received 0 broadcasts, 0 runts, 0 giants, 0 throttles
     0 input errors, 0 CRC, 0 frame, 0 overrun, 0 ignored, 0 abort
     0 packets output, 0 bytes, 0 underruns
     0 output errors, 0 collisions, 0 interface resets
     0 unknown protocol drops
     0 output buffer failures, 0 output buffers swapped out
Router#


输出结果：['Router#show interfaces', 'FastEthernet0/0 is up, line protocol is up ', '  Hardware is MV96340 Ethernet, address is 04fe.7feb.07a0 (bia 04fe.7feb.07a0)', '  Internet address is 192.168.1.1/24', '  MTU 1500 bytes, BW 100000 Kbit/sec, DLY 100 usec, ', '     reliability 255/255, txload 1/255, rxload 1/255', '  Encapsulation ARPA, loopback not set', '  Keepalive set (10 sec)', '  Full-duplex, 100Mb/s, 100BaseTX/FX', '  ARP type: ARPA, ARP Timeout 04:00:00', '  Last input 00:00:00, output 00:00:00, output hang never', '  Last clearing of "show interface" counters never', '  Input queue: 2/75/0/0 (size/max/drops/flushes); Total output drops: 0', '  Queueing strategy: fifo', '  Output queue: 0/40 (size/max)', '  5 minute input rate 2000 bits/sec, 0 packets/sec', '  5 minute output rate 0 bits/sec, 0 packets/sec', '     1401 packets input, 232498 bytes', '     Received 767 broadcasts, 0 runts, 0 giants, 0 throttles', '     0 input errors, 0 CRC, 0 frame, 0 overrun, 0 ignored', '     0 watchdog', '     0 input packets with dribble condition detected', '     1316 packets output, 111343 bytes, 0 underruns', '     0 output errors, 0 collisions, 1 interface resets', '     50 unknown protocol drops', '     0 babbles, 0 late collision, 0 deferred', '     0 lost carrier, 0 no carrier', '     0 output buffer failures, 0 output buffers swapped out', 'FastEthernet0/1 is administratively down, line protocol is down ', '  Hardware is MV96340 Ethernet, address is 04fe.7feb.07a1 (bia 04fe.7feb.07a1)', '  Internet address is 192.168.2.1/24', '  MTU 1500 bytes, BW 100000 Kbit/sec, DLY 100 usec, ', '     reliability 255/255, txload 1/255, rxload 1/255', '  Encapsulation ARPA, loopback not set', '  Keepalive set (10 sec)', '  Auto-duplex, Auto Speed, 100BaseTX/FX', '  ARP type: ARPA, ARP Timeout 04:00:00', '  Last input never, output 00:02:00, output hang never', '  Last clearing of "show interface" counters never', '  Input queue: 0/75/0/0 (size/max/drops/flushes); Total output drops: 0', '  Queueing strategy: fifo', '  Output queue: 0/40 (size/max)', '  5 minute input rate 0 bits/sec, 0 packets/sec', '  5 minute output rate 0 bits/sec, 0 packets/sec', '     0 packets input, 0 bytes', '     Received 0 broadcasts, 0 runts, 0 giants, 0 throttles', '     0 input errors, 0 CRC, 0 frame, 0 overrun, 0 ignored', '     0 watchdog', '     0 input packets with dribble condition detected', '     69 packets output, 4464 bytes, 0 underruns', '     0 output errors, 0 collisions, 1 interface resets', '     0 unknown protocol drops', '     0 babbles, 0 late collision, 0 deferred', '     0 lost carrier, 0 no carrier', '     0 output buffer failures, 0 output buffers swapped out', 'Serial0/0/0 is up, line protocol is up ', '  Hardware is GT96K Serial', '  Internet address is 192.168.2.1/24', '  MTU 1500 bytes, BW 128 Kbit/sec, DLY 20000 usec, ', '     reliability 255/255, txload 1/255, rxload 1/255', '  Encapsulation HDLC, loopback not set', '  Keepalive set (10 sec)', '  Last input 00:00:01, output 00:00:02, output hang never', '  Last clearing of "show interface" counters never', '  Input queue: 0/75/0/0 (size/max/drops/flushes); Total output drops: 0', '  Queueing strategy: weighted fair', '  Output queue: 0/1000/64/0 (size/max total/threshold/drops) ', '     Conversations  0/1/32 (active/max active/max total)', '     Reserved Conversations 0/0 (allocated/max allocated)', '     Available Bandwidth 96 kilobits/sec', '  5 minute input rate 0 bits/sec, 0 packets/sec', '  5 minute output rate 0 bits/sec, 0 packets/sec', '     27 packets input, 2034 bytes, 0 no buffer', '     Received 24 broadcasts, 0 runts, 0 giants, 0 throttles', '     0 input errors, 0 CRC, 0 frame, 0 overrun, 0 ignored, 0 abort', '     27 packets output, 2556 bytes, 0 underruns', '     0 output errors, 0 collisions, 7 interface resets', '     0 unknown protocol drops', '     0 output buffer failures, 0 output buffers swapped out', '     7 carrier transitions', '     DCD=up  DSR=up  DTR=up  RTS=up  CTS=up', '', 'Serial0/0/1 is administratively down, line protocol is down ', '  Hardware is GT96K Serial', '  MTU 1500 bytes, BW 128 Kbit/sec, DLY 20000 usec, ', '     reliability 255/255, txload 1/255, rxload 1/255', '  Encapsulation HDLC, loopback not set', '  Keepalive set (10 sec)', '  Last input never, output never, output hang never', '  Last clearing of "show interface" counters never', '  Input queue: 0/75/0/0 (size/max/drops/flushes); Total output drops: 0', '  Queueing strategy: weighted fair', '  Output queue: 0/1000/64/0 (size/max total/threshold/drops) ', '     Conversations  0/0/32 (active/max active/max total)', '     Reserved Conversations 0/0 (allocated/max allocated)', '     Available Bandwidth 96 kilobits/sec', '  5 minute input rate 0 bits/sec, 0 packets/sec', '  5 minute output rate 0 bits/sec, 0 packets/sec', '     0 packets input, 0 bytes, 0 no buffer', '     Received 0 broadcasts, 0 runts, 0 giants, 0 throttles', '     0 input errors, 0 CRC, 0 frame, 0 overrun, 0 ignored, 0 abort', '     0 packets output, 0 bytes, 0 underruns', '     0 output errors, 0 collisions, 5 interface resets', '     0 unknown protocol drops', '     0 output buffer failures, 0 output buffers swapped out', '     0 carrier transitions', '     DCD=down  DSR=down  DTR=down  RTS=down  CTS=down', '', 'SSLVPN-VIF0 is up, line protocol is up ', '  Hardware is SSLVPN_VIF', '  Interface is unnumbered. Using address of SSLVPN-VIF0 (0.0.0.0)', '  MTU 1514 bytes, BW 56 Kbit/sec, DLY 5000 usec, ', '     reliability 255/255, txload 1/255, rxload 1/255', '  Encapsulation UNKNOWN, loopback not set', '  Last input never, output never, output hang never', '  Last clearing of "show interface" counters never', '  Input queue: 0/75/0/0 (size/max/drops/flushes); Total output drops: 0', '  5 minute input rate 0 bits/sec, 0 packets/sec', '  5 minute output rate 0 bits/sec, 0 packets/sec', '     0 packets input, 0 bytes, 0 no buffer', '     Received 0 broadcasts, 0 runts, 0 giants, 0 throttles', '     0 input errors, 0 CRC, 0 frame, 0 overrun, 0 ignored, 0 abort', '     0 packets output, 0 bytes, 0 underruns', '     0 output errors, 0 collisions, 0 interface resets', '     0 unknown protocol drops', '     0 output buffer failures, 0 output buffers swapped out', 'Router#', '', '接口 FastEthernet0/0 开启，IP地址：192.168.1.1/24', '接口 FastEthernet0/1 未开启', '接口 Serial0/0/0 开启，IP地址：192.168.2.1/24', '接口 Serial0/0/1 未开启']
[call api]
调用时间：2021-01-13 17.23.21
调用接口：validateConfig
configName:RIP
routerNum:0
commands:['show ip route']
获取Telnet:Router0的唯一对象……
Telnet:Router0对象已经创建，获取成功
executeSomeCMD:
['show ip route']
executeSomeCMD-Result:
['show ip route\nCodes: C - connected, S - static, R - RIP, M - mobile, B - BGP\n       D - EIGRP, EX - EIGRP external, O - OSPF, IA - OSPF inter area \n       N1 - OSPF NSSA external type 1, N2 - OSPF NSSA external type 2\n       E1 - OSPF external type 1, E2 - OSPF external type 2\n       i - IS-IS, su - IS-IS summary, L1 - IS-IS level-1, L2 - IS-IS level-2\n       ia - IS-IS inter area, * - candidate default, U - per-user static route\n       o - ODR, P - periodic downloaded static route\n\nGateway of last resort is not set\n\nC    192.168.1.0/24 is directly connected, FastEthernet0/0\nC    192.168.2.0/24 is directly connected, Serial0/0/0\nR    192.168.3.0/24 [120/1] via 192.168.2.2, 00:00:24, Serial0/0/0\nRouter#']
**程序输出**
Router#show ip route
Codes: C - connected, S - static, R - RIP, M - mobile, B - BGP
       D - EIGRP, EX - EIGRP external, O - OSPF, IA - OSPF inter area 
       N1 - OSPF NSSA external type 1, N2 - OSPF NSSA external type 2
       E1 - OSPF external type 1, E2 - OSPF external type 2
       i - IS-IS, su - IS-IS summary, L1 - IS-IS level-1, L2 - IS-IS level-2
       ia - IS-IS inter area, * - candidate default, U - per-user static route
       o - ODR, P - periodic downloaded static route

Gateway of last resort is not set

C    192.168.1.0/24 is directly connected, FastEthernet0/0
C    192.168.2.0/24 is directly connected, Serial0/0/0
R    192.168.3.0/24 [120/1] via 192.168.2.2, 00:00:24, Serial0/0/0
Router#


configName:RIP
routerNum:0
commands:['show ip protocols']
获取Telnet:Router0的唯一对象……
Telnet:Router0对象已经创建，获取成功
executeSomeCMD:
['show ip protocols']
executeSomeCMD-Result:
['show ip protocols\nRouting Protocol is "rip"\n  Outgoing update filter list for all interfaces is not set\n  Incoming update filter list for all interfaces is not set\n  Sending updates every 30 seconds, next due in 16 seconds\n  Invalid after 180 seconds, hold down 180, flushed after 240\n  Redistributing: rip\n  Default version control: send version 2, receive version 2\n    Interface             Send  Recv  Triggered RIP  Key-chain\n    FastEthernet0/1       2     2                                    \n    Serial0/0/0           2     2                                    \n  Automatic network summarization is not in effect\n  Maximum path: 4\n  Routing for Networks:\n    192.168.2.0\n  Routing Information Sources:\n    Gateway         Distance      Last Update\n    192.168.2.2          120      00:00:24\n  Distance: (default is 120)\n\nRouter#']
**程序输出**
Router#show ip protocols
Routing Protocol is "rip"
  Outgoing update filter list for all interfaces is not set
  Incoming update filter list for all interfaces is not set
  Sending updates every 30 seconds, next due in 16 seconds
  Invalid after 180 seconds, hold down 180, flushed after 240
  Redistributing: rip
  Default version control: send version 2, receive version 2
    Interface             Send  Recv  Triggered RIP  Key-chain
    FastEthernet0/1       2     2                                    
    Serial0/0/0           2     2                                    
  Automatic network summarization is not in effect
  Maximum path: 4
  Routing for Networks:
    192.168.2.0
  Routing Information Sources:
    Gateway         Distance      Last Update
    192.168.2.2          120      00:00:24
  Distance: (default is 120)

Router#


configName:RIP
routerNum:0
commands:['show interfaces']
获取Telnet:Router0的唯一对象……
Telnet:Router0对象已经创建，获取成功
executeSomeCMD:
['show interfaces']
executeSomeCMD-Result:
['show interfaces\nFastEthernet0/0 is up, line protocol is up \n  Hardware is MV96340 Ethernet, address is 04fe.7feb.07a0 (bia 04fe.7feb.07a0)\n  Internet address is 192.168.1.1/24\n  MTU 1500 bytes, BW 100000 Kbit/sec, DLY 100 usec, \n     reliability 255/255, txload 1/255, rxload 1/255\n  Encapsulation ARPA, loopback not set\n  Keepalive set (10 sec)\n  Full-duplex, 100Mb/s, 100BaseTX/FX\n  ARP type: ARPA, ARP Timeout 04:00:00\n  Last input 00:00:00, output 00:00:00, output hang never\n  Last clearing of "show interface" counters never\n  Input queue: 2/75/0/0 (size/max/drops/flushes); Total output drops: 0\n  Queueing strategy: fifo\n  Output queue: 0/40 (size/max)\n  5 minute input rate 1000 bits/sec, 0 packets/sec\n  5 minute output rate 0 bits/sec, 0 packets/sec\n     1440 packets input, 236537 bytes\n     Received 778 broadcasts, 0 runts, 0 giants, 0 throttles\n     0 input errors, 0 CRC, 0 frame, 0 overrun, 0 ignored\n     0 watchdog\n     0 input packets with dribble condition detected\n     1382 packets output, 122763 bytes, 0 underruns\n     0 output errors, 0 collisions, 1 interface resets\n     51 unknown protocol drops\n     0 babbles, 0 late collision, 0 deferred\n     0 lost carrier, 0 no carrier\n     0 output buffer failures, 0 output buffers swapped out\nFastEthernet0/1 is administratively down, line protocol is down \n  Hardware is MV96340 Ethernet, address is 04fe.7feb.07a1 (bia 04fe.7feb.07a1)\n  Internet address is 192.168.2.1/24\n  MTU 1500 bytes, BW 100000 Kbit/sec, DLY 100 usec, \n     reliability 255/255, txload 1/255, rxload 1/255\n  Encapsulation ARPA, loopback not set\n  Keepalive set (10 sec)\n  Auto-duplex, Auto Speed, 100BaseTX/FX\n  ARP type: ARPA, ARP Timeout 04:00:00\n  Last input never, output 00:02:23, output hang never\n  Last clearing of "show interface" counters never\n  Input queue: 0/75/0/0 (size/max/drops/flushes); Total output drops: 0\n  Queueing strategy: fifo\n  Output queue: 0/40 (size/max)\n  5 minute input rate 0 bits/sec, 0 packets/sec\n  5 minute output rate 0 bits/sec, 0 packets/sec\n     0 packets input, 0 bytes\n     Received 0 broadcasts, 0 runts, 0 giants, 0 throttles\n     0 input errors, 0 CRC, 0 frame, 0 overrun, 0 ignored\n     0 watchdog\n     0 input packets with dribble condition detected\n     69 packets output, 4464 bytes, 0 underruns\n     0 output errors, 0 collisions, 1 interface resets\n     0 unknown protocol drops\n     0 babbles, 0 late collision, 0 deferred\n     0 lost carrier, 0 no carrier\n     0 output buffer failures, 0 output buffers swapped out\nSerial0/0/0 is up, line protocol is up \n  Hardware is GT96K Serial\n  Internet address is 192.168.2.1/24\n  MTU 1500 bytes, BW 128 Kbit/sec, DLY 20000 usec, \n     reliability 255/255, txload 1/255, rxload 1/255\n  Encapsulation HDLC, loopback not set\n  Keepalive set (10 sec)\n  Last input 00:00:09, output 00:00:05, output hang never\n  Last clearing of "show interface" counters never\n  Input queue: 0/75/0/0 (size/max/drops/flushes); Total output drops: 0\n  Queueing strategy: weighted fair\n  Output queue: 0/1000/64/0 (size/max total/threshold/drops) \n     Conversations  0/1/32 (active/max active/max total)\n     Reserved Conversations 0/0 (allocated/max allocated)\n     Available Bandwidth 96 kilobits/sec\n  5 minute input rate 0 bits/sec, 0 packets/sec\n  5 minute output rate 0 bits/sec, 0 packets/sec\n     29 packets input, 2082 bytes, 0 no buffer\n     Received 26 broadcasts, 0 runts, 0 giants, 0 throttles\n     0 input errors, 0 CRC, 0 frame, 0 overrun, 0 ignored, 0 abort\n     29 packets output, 2604 bytes, 0 underruns\n     0 output errors, 0 collisions, 7 interface resets\n     0 unknown protocol drops\n     0 output buffer failures, 0 output buffers swapped out\n     7 carrier transitions\n     DCD=up  DSR=up  DTR=up  RTS=up  CTS=up\n\nSerial0/0/1 is administratively down, line protocol is down \n  Hardware is GT96K Serial\n  MTU 1500 bytes, BW 128 Kbit/sec, DLY 20000 usec, \n     reliability 255/255, txload 1/255, rxload 1/255\n  Encapsulation HDLC, loopback not set\n  Keepalive set (10 sec)\n  Last input never, output never, output hang never\n  Last clearing of "show interface" counters never\n  Input queue: 0/75/0/0 (size/max/drops/flushes); Total output drops: 0\n  Queueing strategy: weighted fair\n  Output queue: 0/1000/64/0 (size/max total/threshold/drops) \n     Conversations  0/0/32 (active/max active/max total)\n     Reserved Conversations 0/0 (allocated/max allocated)\n     Available Bandwidth 96 kilobits/sec\n  5 minute input rate 0 bits/sec, 0 packets/sec\n  5 minute output rate 0 bits/sec, 0 packets/sec\n     0 packets input, 0 bytes, 0 no buffer\n     Received 0 broadcasts, 0 runts, 0 giants, 0 throttles\n     0 input errors, 0 CRC, 0 frame, 0 overrun, 0 ignored, 0 abort\n     0 packets output, 0 bytes, 0 underruns\n     0 output errors, 0 collisions, 5 interface resets\n     0 unknown protocol drops\n     0 output buffer failures, 0 output buffers swapped out\n     0 carrier transitions\n     DCD=down  DSR=down  DTR=down  RTS=down  CTS=down\n\nSSLVPN-VIF0 is up, line protocol is up \n  Hardware is SSLVPN_VIF\n  Interface is unnumbered. Using address of SSLVPN-VIF0 (0.0.0.0)\n  MTU 1514 bytes, BW 56 Kbit/sec, DLY 5000 usec, \n     reliability 255/255, txload 1/255, rxload 1/255\n  Encapsulation UNKNOWN, loopback not set\n  Last input never, output never, output hang never\n  Last clearing of "show interface" counters never\n  Input queue: 0/75/0/0 (size/max/drops/flushes); Total output drops: 0\n  5 minute input rate 0 bits/sec, 0 packets/sec\n  5 minute output rate 0 bits/sec, 0 packets/sec\n     0 packets input, 0 bytes, 0 no buffer\n     Received 0 broadcasts, 0 runts, 0 giants, 0 throttles\n     0 input errors, 0 CRC, 0 frame, 0 overrun, 0 ignored, 0 abort\n     0 packets output, 0 bytes, 0 underruns\n     0 output errors, 0 collisions, 0 interface resets\n     0 unknown protocol drops\n     0 output buffer failures, 0 output buffers swapped out\nRouter#']
**程序输出**
Router#show interfaces
FastEthernet0/0 is up, line protocol is up 
  Hardware is MV96340 Ethernet, address is 04fe.7feb.07a0 (bia 04fe.7feb.07a0)
  Internet address is 192.168.1.1/24
  MTU 1500 bytes, BW 100000 Kbit/sec, DLY 100 usec, 
     reliability 255/255, txload 1/255, rxload 1/255
  Encapsulation ARPA, loopback not set
  Keepalive set (10 sec)
  Full-duplex, 100Mb/s, 100BaseTX/FX
  ARP type: ARPA, ARP Timeout 04:00:00
  Last input 00:00:00, output 00:00:00, output hang never
  Last clearing of "show interface" counters never
  Input queue: 2/75/0/0 (size/max/drops/flushes); Total output drops: 0
  Queueing strategy: fifo
  Output queue: 0/40 (size/max)
  5 minute input rate 1000 bits/sec, 0 packets/sec
  5 minute output rate 0 bits/sec, 0 packets/sec
     1440 packets input, 236537 bytes
     Received 778 broadcasts, 0 runts, 0 giants, 0 throttles
     0 input errors, 0 CRC, 0 frame, 0 overrun, 0 ignored
     0 watchdog
     0 input packets with dribble condition detected
     1382 packets output, 122763 bytes, 0 underruns
     0 output errors, 0 collisions, 1 interface resets
     51 unknown protocol drops
     0 babbles, 0 late collision, 0 deferred
     0 lost carrier, 0 no carrier
     0 output buffer failures, 0 output buffers swapped out
FastEthernet0/1 is administratively down, line protocol is down 
  Hardware is MV96340 Ethernet, address is 04fe.7feb.07a1 (bia 04fe.7feb.07a1)
  Internet address is 192.168.2.1/24
  MTU 1500 bytes, BW 100000 Kbit/sec, DLY 100 usec, 
     reliability 255/255, txload 1/255, rxload 1/255
  Encapsulation ARPA, loopback not set
  Keepalive set (10 sec)
  Auto-duplex, Auto Speed, 100BaseTX/FX
  ARP type: ARPA, ARP Timeout 04:00:00
  Last input never, output 00:02:23, output hang never
  Last clearing of "show interface" counters never
  Input queue: 0/75/0/0 (size/max/drops/flushes); Total output drops: 0
  Queueing strategy: fifo
  Output queue: 0/40 (size/max)
  5 minute input rate 0 bits/sec, 0 packets/sec
  5 minute output rate 0 bits/sec, 0 packets/sec
     0 packets input, 0 bytes
     Received 0 broadcasts, 0 runts, 0 giants, 0 throttles
     0 input errors, 0 CRC, 0 frame, 0 overrun, 0 ignored
     0 watchdog
     0 input packets with dribble condition detected
     69 packets output, 4464 bytes, 0 underruns
     0 output errors, 0 collisions, 1 interface resets
     0 unknown protocol drops
     0 babbles, 0 late collision, 0 deferred
     0 lost carrier, 0 no carrier
     0 output buffer failures, 0 output buffers swapped out
Serial0/0/0 is up, line protocol is up 
  Hardware is GT96K Serial
  Internet address is 192.168.2.1/24
  MTU 1500 bytes, BW 128 Kbit/sec, DLY 20000 usec, 
     reliability 255/255, txload 1/255, rxload 1/255
  Encapsulation HDLC, loopback not set
  Keepalive set (10 sec)
  Last input 00:00:09, output 00:00:05, output hang never
  Last clearing of "show interface" counters never
  Input queue: 0/75/0/0 (size/max/drops/flushes); Total output drops: 0
  Queueing strategy: weighted fair
  Output queue: 0/1000/64/0 (size/max total/threshold/drops) 
     Conversations  0/1/32 (active/max active/max total)
     Reserved Conversations 0/0 (allocated/max allocated)
     Available Bandwidth 96 kilobits/sec
  5 minute input rate 0 bits/sec, 0 packets/sec
  5 minute output rate 0 bits/sec, 0 packets/sec
     29 packets input, 2082 bytes, 0 no buffer
     Received 26 broadcasts, 0 runts, 0 giants, 0 throttles
     0 input errors, 0 CRC, 0 frame, 0 overrun, 0 ignored, 0 abort
     29 packets output, 2604 bytes, 0 underruns
     0 output errors, 0 collisions, 7 interface resets
     0 unknown protocol drops
     0 output buffer failures, 0 output buffers swapped out
     7 carrier transitions
     DCD=up  DSR=up  DTR=up  RTS=up  CTS=up

Serial0/0/1 is administratively down, line protocol is down 
  Hardware is GT96K Serial
  MTU 1500 bytes, BW 128 Kbit/sec, DLY 20000 usec, 
     reliability 255/255, txload 1/255, rxload 1/255
  Encapsulation HDLC, loopback not set
  Keepalive set (10 sec)
  Last input never, output never, output hang never
  Last clearing of "show interface" counters never
  Input queue: 0/75/0/0 (size/max/drops/flushes); Total output drops: 0
  Queueing strategy: weighted fair
  Output queue: 0/1000/64/0 (size/max total/threshold/drops) 
     Conversations  0/0/32 (active/max active/max total)
     Reserved Conversations 0/0 (allocated/max allocated)
     Available Bandwidth 96 kilobits/sec
  5 minute input rate 0 bits/sec, 0 packets/sec
  5 minute output rate 0 bits/sec, 0 packets/sec
     0 packets input, 0 bytes, 0 no buffer
     Received 0 broadcasts, 0 runts, 0 giants, 0 throttles
     0 input errors, 0 CRC, 0 frame, 0 overrun, 0 ignored, 0 abort
     0 packets output, 0 bytes, 0 underruns
     0 output errors, 0 collisions, 5 interface resets
     0 unknown protocol drops
     0 output buffer failures, 0 output buffers swapped out
     0 carrier transitions
     DCD=down  DSR=down  DTR=down  RTS=down  CTS=down

SSLVPN-VIF0 is up, line protocol is up 
  Hardware is SSLVPN_VIF
  Interface is unnumbered. Using address of SSLVPN-VIF0 (0.0.0.0)
  MTU 1514 bytes, BW 56 Kbit/sec, DLY 5000 usec, 
     reliability 255/255, txload 1/255, rxload 1/255
  Encapsulation UNKNOWN, loopback not set
  Last input never, output never, output hang never
  Last clearing of "show interface" counters never
  Input queue: 0/75/0/0 (size/max/drops/flushes); Total output drops: 0
  5 minute input rate 0 bits/sec, 0 packets/sec
  5 minute output rate 0 bits/sec, 0 packets/sec
     0 packets input, 0 bytes, 0 no buffer
     Received 0 broadcasts, 0 runts, 0 giants, 0 throttles
     0 input errors, 0 CRC, 0 frame, 0 overrun, 0 ignored, 0 abort
     0 packets output, 0 bytes, 0 underruns
     0 output errors, 0 collisions, 0 interface resets
     0 unknown protocol drops
     0 output buffer failures, 0 output buffers swapped out
Router#


输出结果：['', 'ip route验证成功，配置了正确的路由！', '相关输出如下：', 'C    192.168.1.0/24 is directly connected, FastEthernet0/0', 'C    192.168.2.0/24 is directly connected, Serial0/0/0', 'R    192.168.3.0/24 [120/1] via 192.168.2.2, 00:00:24, Serial0/0/0', '', 'ip protocols验证正确，协议配置成功', '\n当前配置协议：rip', '共有1条Routing for Networks信息：', '    192.168.2.0', '共有1条Routing Information Sources信息：', '    Gateway         Distance      Last Update', '    192.168.2.2          120      00:00:24', '', '所有接口信息：', '接口 FastEthernet0/0 开启，IP地址：192.168.1.1/24', '接口 FastEthernet0/1 未开启', '接口 Serial0/0/0 开启，IP地址：192.168.2.1/24', '接口 Serial0/0/1 未开启']
[call api]
调用时间：2021-01-13 17.24.01
调用接口：checkIPRoute
configName:RIP
routerNum:1
commands:['show ip route']
获取Telnet:Router1的唯一对象……
Telnet:Router1对象已经创建，获取成功
executeSomeCMD:
['show ip route']
executeSomeCMD-Result:
['show ip route\nCodes: C - connected, S - static, R - RIP, M - mobile, B - BGP\n       D - EIGRP, EX - EIGRP external, O - OSPF, IA - OSPF inter area \n       N1 - OSPF NSSA external type 1, N2 - OSPF NSSA external type 2\n       E1 - OSPF external type 1, E2 - OSPF external type 2\n       i - IS-IS, su - IS-IS summary, L1 - IS-IS level-1, L2 - IS-IS level-2\n       ia - IS-IS inter area, * - candidate default, U - per-user static route\n       o - ODR, P - periodic downloaded static route\n\nGateway of last resort is not set\n\nC    192.168.1.0/24 is directly connected, FastEthernet0/0\nC    192.168.2.0/24 is directly connected, Serial0/0/0\nC    192.168.3.0/24 is directly connected, Serial0/0/1\nRouter#']
**程序输出**
Router#show ip route
Codes: C - connected, S - static, R - RIP, M - mobile, B - BGP
       D - EIGRP, EX - EIGRP external, O - OSPF, IA - OSPF inter area 
       N1 - OSPF NSSA external type 1, N2 - OSPF NSSA external type 2
       E1 - OSPF external type 1, E2 - OSPF external type 2
       i - IS-IS, su - IS-IS summary, L1 - IS-IS level-1, L2 - IS-IS level-2
       ia - IS-IS inter area, * - candidate default, U - per-user static route
       o - ODR, P - periodic downloaded static route

Gateway of last resort is not set

C    192.168.1.0/24 is directly connected, FastEthernet0/0
C    192.168.2.0/24 is directly connected, Serial0/0/0
C    192.168.3.0/24 is directly connected, Serial0/0/1
Router#


输出结果：['Router#show ip route', 'Codes: C - connected, S - static, R - RIP, M - mobile, B - BGP', '       D - EIGRP, EX - EIGRP external, O - OSPF, IA - OSPF inter area ', '       N1 - OSPF NSSA external type 1, N2 - OSPF NSSA external type 2', '       E1 - OSPF external type 1, E2 - OSPF external type 2', '       i - IS-IS, su - IS-IS summary, L1 - IS-IS level-1, L2 - IS-IS level-2', '       ia - IS-IS inter area, * - candidate default, U - per-user static route', '       o - ODR, P - periodic downloaded static route', '', 'Gateway of last resort is not set', '', 'C    192.168.1.0/24 is directly connected, FastEthernet0/0', 'C    192.168.2.0/24 is directly connected, Serial0/0/0', 'C    192.168.3.0/24 is directly connected, Serial0/0/1', 'Router#', '', '共有3条路由信息', 'C    192.168.1.0/24 is directly connected, FastEthernet0/0', 'C    192.168.2.0/24 is directly connected, Serial0/0/0', 'C    192.168.3.0/24 is directly connected, Serial0/0/1']
[call api]
调用时间：2021-01-13 17.24.08
调用接口：checkIPProtocols
configName:RIP
routerNum:1
commands:['show ip protocols']
获取Telnet:Router1的唯一对象……
Telnet:Router1对象已经创建，获取成功
executeSomeCMD:
['show ip protocols']
executeSomeCMD-Result:
['show ip protocols\nRouting Protocol is "rip"\n  Outgoing update filter list for all interfaces is not set\n  Incoming update filter list for all interfaces is not set\n  Sending updates every 30 seconds, next due in 11 seconds\n  Invalid after 180 seconds, hold down 180, flushed after 240\n  Redistributing: rip\n  Default version control: send version 2, receive version 2\n    Interface             Send  Recv  Triggered RIP  Key-chain\n    Serial0/0/0           2     2                                    \n    Serial0/0/1           2     2                                    \n  Automatic network summarization is not in effect\n  Maximum path: 4\n  Routing for Networks:\n    192.168.2.0\n    192.168.3.0\n  Routing Information Sources:\n    Gateway         Distance      Last Update\n  Distance: (default is 120)\n\nRouter#']
**程序输出**
Router#show ip protocols
Routing Protocol is "rip"
  Outgoing update filter list for all interfaces is not set
  Incoming update filter list for all interfaces is not set
  Sending updates every 30 seconds, next due in 11 seconds
  Invalid after 180 seconds, hold down 180, flushed after 240
  Redistributing: rip
  Default version control: send version 2, receive version 2
    Interface             Send  Recv  Triggered RIP  Key-chain
    Serial0/0/0           2     2                                    
    Serial0/0/1           2     2                                    
  Automatic network summarization is not in effect
  Maximum path: 4
  Routing for Networks:
    192.168.2.0
    192.168.3.0
  Routing Information Sources:
    Gateway         Distance      Last Update
  Distance: (default is 120)

Router#


输出结果：['Router#show ip protocols', 'Routing Protocol is "rip"', '  Outgoing update filter list for all interfaces is not set', '  Incoming update filter list for all interfaces is not set', '  Sending updates every 30 seconds, next due in 11 seconds', '  Invalid after 180 seconds, hold down 180, flushed after 240', '  Redistributing: rip', '  Default version control: send version 2, receive version 2', '    Interface             Send  Recv  Triggered RIP  Key-chain', '    Serial0/0/0           2     2                                    ', '    Serial0/0/1           2     2                                    ', '  Automatic network summarization is not in effect', '  Maximum path: 4', '  Routing for Networks:', '    192.168.2.0', '    192.168.3.0', '  Routing Information Sources:', '    Gateway         Distance      Last Update', '  Distance: (default is 120)', '', 'Router#', '\n当前配置协议：rip', '共有2条Routing for Networks信息：', '    192.168.2.0', '    192.168.3.0', '共有0条Routing Information Sources信息：', '    Gateway         Distance      Last Update', '']
[call api]
调用时间：2021-01-13 17.24.24
调用接口：checkInterface
configName:RIP
routerNum:1
commands:['show interfaces']
获取Telnet:Router1的唯一对象……
Telnet:Router1对象已经创建，获取成功
executeSomeCMD:
['show interfaces']
executeSomeCMD-Result:
['show interfaces\nFastEthernet0/0 is up, line protocol is up \n  Hardware is MV96340 Ethernet, address is 04fe.7f37.80f0 (bia 04fe.7f37.80f0)\n  Internet address is 192.168.1.2/24\n  MTU 1500 bytes, BW 100000 Kbit/sec, DLY 100 usec, \n     reliability 255/255, txload 1/255, rxload 1/255\n  Encapsulation ARPA, loopback not set\n  Keepalive set (10 sec)\n  Full-duplex, 100Mb/s, 100BaseTX/FX\n  ARP type: ARPA, ARP Timeout 04:00:00\n  Last input 00:00:00, output 00:00:00, output hang never\n  Last clearing of "show interface" counters never\n  Input queue: 1/75/0/0 (size/max/drops/flushes); Total output drops: 0\n  Queueing strategy: fifo\n  Output queue: 0/40 (size/max)\n  5 minute input rate 1000 bits/sec, 1 packets/sec\n  5 minute output rate 0 bits/sec, 0 packets/sec\n     1484 packets input, 253250 bytes\n     Received 849 broadcasts, 0 runts, 0 giants, 0 throttles\n     0 input errors, 0 CRC, 0 frame, 0 overrun, 0 ignored\n     0 watchdog\n     0 input packets with dribble condition detected\n     1384 packets output, 95645 bytes, 0 underruns\n     0 output errors, 0 collisions, 1 interface resets\n     55 unknown protocol drops\n     0 babbles, 0 late collision, 0 deferred\n     0 lost carrier, 0 no carrier\n     0 output buffer failures, 0 output buffers swapped out\nFastEthernet0/1 is administratively down, line protocol is down \n  Hardware is MV96340 Ethernet, address is 04fe.7f37.80f1 (bia 04fe.7f37.80f1)\n  MTU 1500 bytes, BW 100000 Kbit/sec, DLY 100 usec, \n     reliability 255/255, txload 1/255, rxload 1/255\n  Encapsulation ARPA, loopback not set\n  Keepalive set (10 sec)\n  Auto-duplex, Auto Speed, 100BaseTX/FX\n  ARP type: ARPA, ARP Timeout 04:00:00\n  Last input never, output never, output hang never\n  Last clearing of "show interface" counters never\n  Input queue: 0/75/0/0 (size/max/drops/flushes); Total output drops: 0\n  Queueing strategy: fifo\n  Output queue: 0/40 (size/max)\n  5 minute input rate 0 bits/sec, 0 packets/sec\n  5 minute output rate 0 bits/sec, 0 packets/sec\n     0 packets input, 0 bytes\n     Received 0 broadcasts, 0 runts, 0 giants, 0 throttles\n     0 input errors, 0 CRC, 0 frame, 0 overrun, 0 ignored\n     0 watchdog\n     0 input packets with dribble condition detected\n     0 packets output, 0 bytes, 0 underruns\n     0 output errors, 0 collisions, 0 interface resets\n     0 unknown protocol drops\n     0 babbles, 0 late collision, 0 deferred\n     0 lost carrier, 0 no carrier\n     0 output buffer failures, 0 output buffers swapped out\nSerial0/0/0 is up, line protocol is up \n  Hardware is GT96K Serial\n  Internet address is 192.168.2.2/24\n  MTU 1500 bytes, BW 128 Kbit/sec, DLY 20000 usec, \n     reliability 255/255, txload 1/255, rxload 1/255\n  Encapsulation HDLC, loopback not set\n  Keepalive set (10 sec)\n  Last input 00:00:09, output 00:00:03, output hang never\n  Last clearing of "show interface" counters never\n  Input queue: 0/75/0/0 (size/max/drops/flushes); Total output drops: 0\n  Queueing strategy: weighted fair\n  Output queue: 0/1000/64/0 (size/max total/threshold/drops) \n     Conversations  0/1/32 (active/max active/max total)\n     Reserved Conversations 0/0 (allocated/max allocated)\n     Available Bandwidth 96 kilobits/sec\n  5 minute input rate 0 bits/sec, 0 packets/sec\n  5 minute output rate 0 bits/sec, 0 packets/sec\n     36 packets input, 3084 bytes, 0 no buffer\n     Received 36 broadcasts, 0 runts, 0 giants, 0 throttles\n     0 input errors, 0 CRC, 0 frame, 0 overrun, 0 ignored, 0 abort\n     40 packets output, 2754 bytes, 0 underruns\n     0 output errors, 0 collisions, 22 interface resets\n     0 unknown protocol drops\n     0 output buffer failures, 0 output buffers swapped out\n     3 carrier transitions\n     DCD=up  DSR=up  DTR=up  RTS=up  CTS=up\n\nSerial0/0/1 is up, line protocol is up \n  Hardware is GT96K Serial\n  Internet address is 192.168.3.1/24\n  MTU 1500 bytes, BW 128 Kbit/sec, DLY 20000 usec, \n     reliability 255/255, txload 1/255, rxload 1/255\n  Encapsulation HDLC, loopback not set\n  Keepalive set (10 sec)\n  Last input 00:00:04, output 00:00:03, output hang never\n  Last clearing of "show interface" counters never\n  Input queue: 0/75/0/0 (size/max/drops/flushes); Total output drops: 0\n  Queueing strategy: weighted fair\n  Output queue: 0/1000/64/0 (size/max total/threshold/drops) \n     Conversations  0/1/32 (active/max active/max total)\n     Reserved Conversations 0/0 (allocated/max allocated)\n     Available Bandwidth 96 kilobits/sec\n  5 minute input rate 0 bits/sec, 0 packets/sec\n  5 minute output rate 0 bits/sec, 0 packets/sec\n     83 packets input, 6147 bytes, 0 no buffer\n     Received 83 broadcasts, 0 runts, 0 giants, 0 throttles\n     0 input errors, 0 CRC, 0 frame, 0 overrun, 0 ignored, 0 abort\n     87 packets output, 5808 bytes, 0 underruns\n     0 output errors, 0 collisions, 9 interface resets\n     0 unknown protocol drops\n     0 output buffer failures, 0 output buffers swapped out\n     2 carrier transitions\n     DCD=up  DSR=up  DTR=up  RTS=up  CTS=up\n\nSSLVPN-VIF0 is up, line protocol is up \n  Hardware is SSLVPN_VIF\n  Interface is unnumbered. Using address of SSLVPN-VIF0 (0.0.0.0)\n  MTU 1514 bytes, BW 56 Kbit/sec, DLY 5000 usec, \n     reliability 255/255, txload 1/255, rxload 1/255\n  Encapsulation UNKNOWN, loopback not set\n  Last input never, output never, output hang never\n  Last clearing of "show interface" counters never\n  Input queue: 0/75/0/0 (size/max/drops/flushes); Total output drops: 0\n  5 minute input rate 0 bits/sec, 0 packets/sec\n  5 minute output rate 0 bits/sec, 0 packets/sec\n     0 packets input, 0 bytes, 0 no buffer\n     Received 0 broadcasts, 0 runts, 0 giants, 0 throttles\n     0 input errors, 0 CRC, 0 frame, 0 overrun, 0 ignored, 0 abort\n     0 packets output, 0 bytes, 0 underruns\n     0 output errors, 0 collisions, 0 interface resets\n     0 unknown protocol drops\n     0 output buffer failures, 0 output buffers swapped out\nRouter#']
**程序输出**
Router#show interfaces
FastEthernet0/0 is up, line protocol is up 
  Hardware is MV96340 Ethernet, address is 04fe.7f37.80f0 (bia 04fe.7f37.80f0)
  Internet address is 192.168.1.2/24
  MTU 1500 bytes, BW 100000 Kbit/sec, DLY 100 usec, 
     reliability 255/255, txload 1/255, rxload 1/255
  Encapsulation ARPA, loopback not set
  Keepalive set (10 sec)
  Full-duplex, 100Mb/s, 100BaseTX/FX
  ARP type: ARPA, ARP Timeout 04:00:00
  Last input 00:00:00, output 00:00:00, output hang never
  Last clearing of "show interface" counters never
  Input queue: 1/75/0/0 (size/max/drops/flushes); Total output drops: 0
  Queueing strategy: fifo
  Output queue: 0/40 (size/max)
  5 minute input rate 1000 bits/sec, 1 packets/sec
  5 minute output rate 0 bits/sec, 0 packets/sec
     1484 packets input, 253250 bytes
     Received 849 broadcasts, 0 runts, 0 giants, 0 throttles
     0 input errors, 0 CRC, 0 frame, 0 overrun, 0 ignored
     0 watchdog
     0 input packets with dribble condition detected
     1384 packets output, 95645 bytes, 0 underruns
     0 output errors, 0 collisions, 1 interface resets
     55 unknown protocol drops
     0 babbles, 0 late collision, 0 deferred
     0 lost carrier, 0 no carrier
     0 output buffer failures, 0 output buffers swapped out
FastEthernet0/1 is administratively down, line protocol is down 
  Hardware is MV96340 Ethernet, address is 04fe.7f37.80f1 (bia 04fe.7f37.80f1)
  MTU 1500 bytes, BW 100000 Kbit/sec, DLY 100 usec, 
     reliability 255/255, txload 1/255, rxload 1/255
  Encapsulation ARPA, loopback not set
  Keepalive set (10 sec)
  Auto-duplex, Auto Speed, 100BaseTX/FX
  ARP type: ARPA, ARP Timeout 04:00:00
  Last input never, output never, output hang never
  Last clearing of "show interface" counters never
  Input queue: 0/75/0/0 (size/max/drops/flushes); Total output drops: 0
  Queueing strategy: fifo
  Output queue: 0/40 (size/max)
  5 minute input rate 0 bits/sec, 0 packets/sec
  5 minute output rate 0 bits/sec, 0 packets/sec
     0 packets input, 0 bytes
     Received 0 broadcasts, 0 runts, 0 giants, 0 throttles
     0 input errors, 0 CRC, 0 frame, 0 overrun, 0 ignored
     0 watchdog
     0 input packets with dribble condition detected
     0 packets output, 0 bytes, 0 underruns
     0 output errors, 0 collisions, 0 interface resets
     0 unknown protocol drops
     0 babbles, 0 late collision, 0 deferred
     0 lost carrier, 0 no carrier
     0 output buffer failures, 0 output buffers swapped out
Serial0/0/0 is up, line protocol is up 
  Hardware is GT96K Serial
  Internet address is 192.168.2.2/24
  MTU 1500 bytes, BW 128 Kbit/sec, DLY 20000 usec, 
     reliability 255/255, txload 1/255, rxload 1/255
  Encapsulation HDLC, loopback not set
  Keepalive set (10 sec)
  Last input 00:00:09, output 00:00:03, output hang never
  Last clearing of "show interface" counters never
  Input queue: 0/75/0/0 (size/max/drops/flushes); Total output drops: 0
  Queueing strategy: weighted fair
  Output queue: 0/1000/64/0 (size/max total/threshold/drops) 
     Conversations  0/1/32 (active/max active/max total)
     Reserved Conversations 0/0 (allocated/max allocated)
     Available Bandwidth 96 kilobits/sec
  5 minute input rate 0 bits/sec, 0 packets/sec
  5 minute output rate 0 bits/sec, 0 packets/sec
     36 packets input, 3084 bytes, 0 no buffer
     Received 36 broadcasts, 0 runts, 0 giants, 0 throttles
     0 input errors, 0 CRC, 0 frame, 0 overrun, 0 ignored, 0 abort
     40 packets output, 2754 bytes, 0 underruns
     0 output errors, 0 collisions, 22 interface resets
     0 unknown protocol drops
     0 output buffer failures, 0 output buffers swapped out
     3 carrier transitions
     DCD=up  DSR=up  DTR=up  RTS=up  CTS=up

Serial0/0/1 is up, line protocol is up 
  Hardware is GT96K Serial
  Internet address is 192.168.3.1/24
  MTU 1500 bytes, BW 128 Kbit/sec, DLY 20000 usec, 
     reliability 255/255, txload 1/255, rxload 1/255
  Encapsulation HDLC, loopback not set
  Keepalive set (10 sec)
  Last input 00:00:04, output 00:00:03, output hang never
  Last clearing of "show interface" counters never
  Input queue: 0/75/0/0 (size/max/drops/flushes); Total output drops: 0
  Queueing strategy: weighted fair
  Output queue: 0/1000/64/0 (size/max total/threshold/drops) 
     Conversations  0/1/32 (active/max active/max total)
     Reserved Conversations 0/0 (allocated/max allocated)
     Available Bandwidth 96 kilobits/sec
  5 minute input rate 0 bits/sec, 0 packets/sec
  5 minute output rate 0 bits/sec, 0 packets/sec
     83 packets input, 6147 bytes, 0 no buffer
     Received 83 broadcasts, 0 runts, 0 giants, 0 throttles
     0 input errors, 0 CRC, 0 frame, 0 overrun, 0 ignored, 0 abort
     87 packets output, 5808 bytes, 0 underruns
     0 output errors, 0 collisions, 9 interface resets
     0 unknown protocol drops
     0 output buffer failures, 0 output buffers swapped out
     2 carrier transitions
     DCD=up  DSR=up  DTR=up  RTS=up  CTS=up

SSLVPN-VIF0 is up, line protocol is up 
  Hardware is SSLVPN_VIF
  Interface is unnumbered. Using address of SSLVPN-VIF0 (0.0.0.0)
  MTU 1514 bytes, BW 56 Kbit/sec, DLY 5000 usec, 
     reliability 255/255, txload 1/255, rxload 1/255
  Encapsulation UNKNOWN, loopback not set
  Last input never, output never, output hang never
  Last clearing of "show interface" counters never
  Input queue: 0/75/0/0 (size/max/drops/flushes); Total output drops: 0
  5 minute input rate 0 bits/sec, 0 packets/sec
  5 minute output rate 0 bits/sec, 0 packets/sec
     0 packets input, 0 bytes, 0 no buffer
     Received 0 broadcasts, 0 runts, 0 giants, 0 throttles
     0 input errors, 0 CRC, 0 frame, 0 overrun, 0 ignored, 0 abort
     0 packets output, 0 bytes, 0 underruns
     0 output errors, 0 collisions, 0 interface resets
     0 unknown protocol drops
     0 output buffer failures, 0 output buffers swapped out
Router#


输出结果：['Router#show interfaces', 'FastEthernet0/0 is up, line protocol is up ', '  Hardware is MV96340 Ethernet, address is 04fe.7f37.80f0 (bia 04fe.7f37.80f0)', '  Internet address is 192.168.1.2/24', '  MTU 1500 bytes, BW 100000 Kbit/sec, DLY 100 usec, ', '     reliability 255/255, txload 1/255, rxload 1/255', '  Encapsulation ARPA, loopback not set', '  Keepalive set (10 sec)', '  Full-duplex, 100Mb/s, 100BaseTX/FX', '  ARP type: ARPA, ARP Timeout 04:00:00', '  Last input 00:00:00, output 00:00:00, output hang never', '  Last clearing of "show interface" counters never', '  Input queue: 1/75/0/0 (size/max/drops/flushes); Total output drops: 0', '  Queueing strategy: fifo', '  Output queue: 0/40 (size/max)', '  5 minute input rate 1000 bits/sec, 1 packets/sec', '  5 minute output rate 0 bits/sec, 0 packets/sec', '     1484 packets input, 253250 bytes', '     Received 849 broadcasts, 0 runts, 0 giants, 0 throttles', '     0 input errors, 0 CRC, 0 frame, 0 overrun, 0 ignored', '     0 watchdog', '     0 input packets with dribble condition detected', '     1384 packets output, 95645 bytes, 0 underruns', '     0 output errors, 0 collisions, 1 interface resets', '     55 unknown protocol drops', '     0 babbles, 0 late collision, 0 deferred', '     0 lost carrier, 0 no carrier', '     0 output buffer failures, 0 output buffers swapped out', 'FastEthernet0/1 is administratively down, line protocol is down ', '  Hardware is MV96340 Ethernet, address is 04fe.7f37.80f1 (bia 04fe.7f37.80f1)', '  MTU 1500 bytes, BW 100000 Kbit/sec, DLY 100 usec, ', '     reliability 255/255, txload 1/255, rxload 1/255', '  Encapsulation ARPA, loopback not set', '  Keepalive set (10 sec)', '  Auto-duplex, Auto Speed, 100BaseTX/FX', '  ARP type: ARPA, ARP Timeout 04:00:00', '  Last input never, output never, output hang never', '  Last clearing of "show interface" counters never', '  Input queue: 0/75/0/0 (size/max/drops/flushes); Total output drops: 0', '  Queueing strategy: fifo', '  Output queue: 0/40 (size/max)', '  5 minute input rate 0 bits/sec, 0 packets/sec', '  5 minute output rate 0 bits/sec, 0 packets/sec', '     0 packets input, 0 bytes', '     Received 0 broadcasts, 0 runts, 0 giants, 0 throttles', '     0 input errors, 0 CRC, 0 frame, 0 overrun, 0 ignored', '     0 watchdog', '     0 input packets with dribble condition detected', '     0 packets output, 0 bytes, 0 underruns', '     0 output errors, 0 collisions, 0 interface resets', '     0 unknown protocol drops', '     0 babbles, 0 late collision, 0 deferred', '     0 lost carrier, 0 no carrier', '     0 output buffer failures, 0 output buffers swapped out', 'Serial0/0/0 is up, line protocol is up ', '  Hardware is GT96K Serial', '  Internet address is 192.168.2.2/24', '  MTU 1500 bytes, BW 128 Kbit/sec, DLY 20000 usec, ', '     reliability 255/255, txload 1/255, rxload 1/255', '  Encapsulation HDLC, loopback not set', '  Keepalive set (10 sec)', '  Last input 00:00:09, output 00:00:03, output hang never', '  Last clearing of "show interface" counters never', '  Input queue: 0/75/0/0 (size/max/drops/flushes); Total output drops: 0', '  Queueing strategy: weighted fair', '  Output queue: 0/1000/64/0 (size/max total/threshold/drops) ', '     Conversations  0/1/32 (active/max active/max total)', '     Reserved Conversations 0/0 (allocated/max allocated)', '     Available Bandwidth 96 kilobits/sec', '  5 minute input rate 0 bits/sec, 0 packets/sec', '  5 minute output rate 0 bits/sec, 0 packets/sec', '     36 packets input, 3084 bytes, 0 no buffer', '     Received 36 broadcasts, 0 runts, 0 giants, 0 throttles', '     0 input errors, 0 CRC, 0 frame, 0 overrun, 0 ignored, 0 abort', '     40 packets output, 2754 bytes, 0 underruns', '     0 output errors, 0 collisions, 22 interface resets', '     0 unknown protocol drops', '     0 output buffer failures, 0 output buffers swapped out', '     3 carrier transitions', '     DCD=up  DSR=up  DTR=up  RTS=up  CTS=up', '', 'Serial0/0/1 is up, line protocol is up ', '  Hardware is GT96K Serial', '  Internet address is 192.168.3.1/24', '  MTU 1500 bytes, BW 128 Kbit/sec, DLY 20000 usec, ', '     reliability 255/255, txload 1/255, rxload 1/255', '  Encapsulation HDLC, loopback not set', '  Keepalive set (10 sec)', '  Last input 00:00:04, output 00:00:03, output hang never', '  Last clearing of "show interface" counters never', '  Input queue: 0/75/0/0 (size/max/drops/flushes); Total output drops: 0', '  Queueing strategy: weighted fair', '  Output queue: 0/1000/64/0 (size/max total/threshold/drops) ', '     Conversations  0/1/32 (active/max active/max total)', '     Reserved Conversations 0/0 (allocated/max allocated)', '     Available Bandwidth 96 kilobits/sec', '  5 minute input rate 0 bits/sec, 0 packets/sec', '  5 minute output rate 0 bits/sec, 0 packets/sec', '     83 packets input, 6147 bytes, 0 no buffer', '     Received 83 broadcasts, 0 runts, 0 giants, 0 throttles', '     0 input errors, 0 CRC, 0 frame, 0 overrun, 0 ignored, 0 abort', '     87 packets output, 5808 bytes, 0 underruns', '     0 output errors, 0 collisions, 9 interface resets', '     0 unknown protocol drops', '     0 output buffer failures, 0 output buffers swapped out', '     2 carrier transitions', '     DCD=up  DSR=up  DTR=up  RTS=up  CTS=up', '', 'SSLVPN-VIF0 is up, line protocol is up ', '  Hardware is SSLVPN_VIF', '  Interface is unnumbered. Using address of SSLVPN-VIF0 (0.0.0.0)', '  MTU 1514 bytes, BW 56 Kbit/sec, DLY 5000 usec, ', '     reliability 255/255, txload 1/255, rxload 1/255', '  Encapsulation UNKNOWN, loopback not set', '  Last input never, output never, output hang never', '  Last clearing of "show interface" counters never', '  Input queue: 0/75/0/0 (size/max/drops/flushes); Total output drops: 0', '  5 minute input rate 0 bits/sec, 0 packets/sec', '  5 minute output rate 0 bits/sec, 0 packets/sec', '     0 packets input, 0 bytes, 0 no buffer', '     Received 0 broadcasts, 0 runts, 0 giants, 0 throttles', '     0 input errors, 0 CRC, 0 frame, 0 overrun, 0 ignored, 0 abort', '     0 packets output, 0 bytes, 0 underruns', '     0 output errors, 0 collisions, 0 interface resets', '     0 unknown protocol drops', '     0 output buffer failures, 0 output buffers swapped out', 'Router#', '', '接口 FastEthernet0/0 开启，IP地址：192.168.1.2/24', '接口 FastEthernet0/1 未开启', '接口 Serial0/0/0 开启，IP地址：192.168.2.2/24', '接口 Serial0/0/1 开启，IP地址：192.168.3.1/24']
[call api]
调用时间：2021-01-13 17.24.36
调用接口：validateConfig
configName:RIP
routerNum:1
commands:['show ip route']
获取Telnet:Router1的唯一对象……
Telnet:Router1对象已经创建，获取成功
executeSomeCMD:
['show ip route']
executeSomeCMD-Result:
['show ip route\nCodes: C - connected, S - static, R - RIP, M - mobile, B - BGP\n       D - EIGRP, EX - EIGRP external, O - OSPF, IA - OSPF inter area \n       N1 - OSPF NSSA external type 1, N2 - OSPF NSSA external type 2\n       E1 - OSPF external type 1, E2 - OSPF external type 2\n       i - IS-IS, su - IS-IS summary, L1 - IS-IS level-1, L2 - IS-IS level-2\n       ia - IS-IS inter area, * - candidate default, U - per-user static route\n       o - ODR, P - periodic downloaded static route\n\nGateway of last resort is not set\n\nC    192.168.1.0/24 is directly connected, FastEthernet0/0\nC    192.168.2.0/24 is directly connected, Serial0/0/0\nC    192.168.3.0/24 is directly connected, Serial0/0/1\nRouter#']
**程序输出**
Router#show ip route
Codes: C - connected, S - static, R - RIP, M - mobile, B - BGP
       D - EIGRP, EX - EIGRP external, O - OSPF, IA - OSPF inter area 
       N1 - OSPF NSSA external type 1, N2 - OSPF NSSA external type 2
       E1 - OSPF external type 1, E2 - OSPF external type 2
       i - IS-IS, su - IS-IS summary, L1 - IS-IS level-1, L2 - IS-IS level-2
       ia - IS-IS inter area, * - candidate default, U - per-user static route
       o - ODR, P - periodic downloaded static route

Gateway of last resort is not set

C    192.168.1.0/24 is directly connected, FastEthernet0/0
C    192.168.2.0/24 is directly connected, Serial0/0/0
C    192.168.3.0/24 is directly connected, Serial0/0/1
Router#


configName:RIP
routerNum:1
commands:['show ip protocols']
获取Telnet:Router1的唯一对象……
Telnet:Router1对象已经创建，获取成功
executeSomeCMD:
['show ip protocols']
executeSomeCMD-Result:
['show ip protocols\nRouting Protocol is "rip"\n  Outgoing update filter list for all interfaces is not set\n  Incoming update filter list for all interfaces is not set\n  Sending updates every 30 seconds, next due in 9 seconds\n  Invalid after 180 seconds, hold down 180, flushed after 240\n  Redistributing: rip\n  Default version control: send version 2, receive version 2\n    Interface             Send  Recv  Triggered RIP  Key-chain\n    Serial0/0/0           2     2                                    \n    Serial0/0/1           2     2                                    \n  Automatic network summarization is not in effect\n  Maximum path: 4\n  Routing for Networks:\n    192.168.2.0\n    192.168.3.0\n  Routing Information Sources:\n    Gateway         Distance      Last Update\n  Distance: (default is 120)\n\nRouter#']
**程序输出**
Router#show ip protocols
Routing Protocol is "rip"
  Outgoing update filter list for all interfaces is not set
  Incoming update filter list for all interfaces is not set
  Sending updates every 30 seconds, next due in 9 seconds
  Invalid after 180 seconds, hold down 180, flushed after 240
  Redistributing: rip
  Default version control: send version 2, receive version 2
    Interface             Send  Recv  Triggered RIP  Key-chain
    Serial0/0/0           2     2                                    
    Serial0/0/1           2     2                                    
  Automatic network summarization is not in effect
  Maximum path: 4
  Routing for Networks:
    192.168.2.0
    192.168.3.0
  Routing Information Sources:
    Gateway         Distance      Last Update
  Distance: (default is 120)

Router#


configName:RIP
routerNum:1
commands:['show interfaces']
获取Telnet:Router1的唯一对象……
Telnet:Router1对象已经创建，获取成功
executeSomeCMD:
['show interfaces']
executeSomeCMD-Result:
['show interfaces\nFastEthernet0/0 is up, line protocol is up \n  Hardware is MV96340 Ethernet, address is 04fe.7f37.80f0 (bia 04fe.7f37.80f0)\n  Internet address is 192.168.1.2/24\n  MTU 1500 bytes, BW 100000 Kbit/sec, DLY 100 usec, \n     reliability 255/255, txload 1/255, rxload 1/255\n  Encapsulation ARPA, loopback not set\n  Keepalive set (10 sec)\n  Full-duplex, 100Mb/s, 100BaseTX/FX\n  ARP type: ARPA, ARP Timeout 04:00:00\n  Last input 00:00:00, output 00:00:00, output hang never\n  Last clearing of "show interface" counters never\n  Input queue: 2/75/0/0 (size/max/drops/flushes); Total output drops: 0\n  Queueing strategy: fifo\n  Output queue: 0/40 (size/max)\n  5 minute input rate 0 bits/sec, 0 packets/sec\n  5 minute output rate 0 bits/sec, 0 packets/sec\n     1516 packets input, 256084 bytes\n     Received 855 broadcasts, 0 runts, 0 giants, 0 throttles\n     0 input errors, 0 CRC, 0 frame, 0 overrun, 0 ignored\n     0 watchdog\n     0 input packets with dribble condition detected\n     1450 packets output, 107305 bytes, 0 underruns\n     0 output errors, 0 collisions, 1 interface resets\n     56 unknown protocol drops\n     0 babbles, 0 late collision, 0 deferred\n     0 lost carrier, 0 no carrier\n     0 output buffer failures, 0 output buffers swapped out\nFastEthernet0/1 is administratively down, line protocol is down \n  Hardware is MV96340 Ethernet, address is 04fe.7f37.80f1 (bia 04fe.7f37.80f1)\n  MTU 1500 bytes, BW 100000 Kbit/sec, DLY 100 usec, \n     reliability 255/255, txload 1/255, rxload 1/255\n  Encapsulation ARPA, loopback not set\n  Keepalive set (10 sec)\n  Auto-duplex, Auto Speed, 100BaseTX/FX\n  ARP type: ARPA, ARP Timeout 04:00:00\n  Last input never, output never, output hang never\n  Last clearing of "show interface" counters never\n  Input queue: 0/75/0/0 (size/max/drops/flushes); Total output drops: 0\n  Queueing strategy: fifo\n  Output queue: 0/40 (size/max)\n  5 minute input rate 0 bits/sec, 0 packets/sec\n  5 minute output rate 0 bits/sec, 0 packets/sec\n     0 packets input, 0 bytes\n     Received 0 broadcasts, 0 runts, 0 giants, 0 throttles\n     0 input errors, 0 CRC, 0 frame, 0 overrun, 0 ignored\n     0 watchdog\n     0 input packets with dribble condition detected\n     0 packets output, 0 bytes, 0 underruns\n     0 output errors, 0 collisions, 0 interface resets\n     0 unknown protocol drops\n     0 babbles, 0 late collision, 0 deferred\n     0 lost carrier, 0 no carrier\n     0 output buffer failures, 0 output buffers swapped out\nSerial0/0/0 is up, line protocol is up \n  Hardware is GT96K Serial\n  Internet address is 192.168.2.2/24\n  MTU 1500 bytes, BW 128 Kbit/sec, DLY 20000 usec, \n     reliability 255/255, txload 1/255, rxload 1/255\n  Encapsulation HDLC, loopback not set\n  Keepalive set (10 sec)\n  Last input 00:00:01, output 00:00:05, output hang never\n  Last clearing of "show interface" counters never\n  Input queue: 0/75/0/0 (size/max/drops/flushes); Total output drops: 0\n  Queueing strategy: weighted fair\n  Output queue: 0/1000/64/0 (size/max total/threshold/drops) \n     Conversations  0/1/32 (active/max active/max total)\n     Reserved Conversations 0/0 (allocated/max allocated)\n     Available Bandwidth 96 kilobits/sec\n  5 minute input rate 0 bits/sec, 0 packets/sec\n  5 minute output rate 0 bits/sec, 0 packets/sec\n     38 packets input, 3132 bytes, 0 no buffer\n     Received 38 broadcasts, 0 runts, 0 giants, 0 throttles\n     0 input errors, 0 CRC, 0 frame, 0 overrun, 0 ignored, 0 abort\n     41 packets output, 2778 bytes, 0 underruns\n     0 output errors, 0 collisions, 22 interface resets\n     0 unknown protocol drops\n     0 output buffer failures, 0 output buffers swapped out\n     3 carrier transitions\n     DCD=up  DSR=up  DTR=up  RTS=up  CTS=up\n\nSerial0/0/1 is up, line protocol is up \n  Hardware is GT96K Serial\n  Internet address is 192.168.3.1/24\n  MTU 1500 bytes, BW 128 Kbit/sec, DLY 20000 usec, \n     reliability 255/255, txload 1/255, rxload 1/255\n  Encapsulation HDLC, loopback not set\n  Keepalive set (10 sec)\n  Last input 00:00:06, output 00:00:05, output hang never\n  Last clearing of "show interface" counters never\n  Input queue: 0/75/0/0 (size/max/drops/flushes); Total output drops: 0\n  Queueing strategy: weighted fair\n  Output queue: 0/1000/64/0 (size/max total/threshold/drops) \n     Conversations  0/1/32 (active/max active/max total)\n     Reserved Conversations 0/0 (allocated/max allocated)\n     Available Bandwidth 96 kilobits/sec\n  5 minute input rate 0 bits/sec, 0 packets/sec\n  5 minute output rate 0 bits/sec, 0 packets/sec\n     84 packets input, 6171 bytes, 0 no buffer\n     Received 84 broadcasts, 0 runts, 0 giants, 0 throttles\n     0 input errors, 0 CRC, 0 frame, 0 overrun, 0 ignored, 0 abort\n     88 packets output, 5832 bytes, 0 underruns\n     0 output errors, 0 collisions, 9 interface resets\n     0 unknown protocol drops\n     0 output buffer failures, 0 output buffers swapped out\n     2 carrier transitions\n     DCD=up  DSR=up  DTR=up  RTS=up  CTS=up\n\nSSLVPN-VIF0 is up, line protocol is up \n  Hardware is SSLVPN_VIF\n  Interface is unnumbered. Using address of SSLVPN-VIF0 (0.0.0.0)\n  MTU 1514 bytes, BW 56 Kbit/sec, DLY 5000 usec, \n     reliability 255/255, txload 1/255, rxload 1/255\n  Encapsulation UNKNOWN, loopback not set\n  Last input never, output never, output hang never\n  Last clearing of "show interface" counters never\n  Input queue: 0/75/0/0 (size/max/drops/flushes); Total output drops: 0\n  5 minute input rate 0 bits/sec, 0 packets/sec\n  5 minute output rate 0 bits/sec, 0 packets/sec\n     0 packets input, 0 bytes, 0 no buffer\n     Received 0 broadcasts, 0 runts, 0 giants, 0 throttles\n     0 input errors, 0 CRC, 0 frame, 0 overrun, 0 ignored, 0 abort\n     0 packets output, 0 bytes, 0 underruns\n     0 output errors, 0 collisions, 0 interface resets\n     0 unknown protocol drops\n     0 output buffer failures, 0 output buffers swapped out\nRouter#']
**程序输出**
Router#show interfaces
FastEthernet0/0 is up, line protocol is up 
  Hardware is MV96340 Ethernet, address is 04fe.7f37.80f0 (bia 04fe.7f37.80f0)
  Internet address is 192.168.1.2/24
  MTU 1500 bytes, BW 100000 Kbit/sec, DLY 100 usec, 
     reliability 255/255, txload 1/255, rxload 1/255
  Encapsulation ARPA, loopback not set
  Keepalive set (10 sec)
  Full-duplex, 100Mb/s, 100BaseTX/FX
  ARP type: ARPA, ARP Timeout 04:00:00
  Last input 00:00:00, output 00:00:00, output hang never
  Last clearing of "show interface" counters never
  Input queue: 2/75/0/0 (size/max/drops/flushes); Total output drops: 0
  Queueing strategy: fifo
  Output queue: 0/40 (size/max)
  5 minute input rate 0 bits/sec, 0 packets/sec
  5 minute output rate 0 bits/sec, 0 packets/sec
     1516 packets input, 256084 bytes
     Received 855 broadcasts, 0 runts, 0 giants, 0 throttles
     0 input errors, 0 CRC, 0 frame, 0 overrun, 0 ignored
     0 watchdog
     0 input packets with dribble condition detected
     1450 packets output, 107305 bytes, 0 underruns
     0 output errors, 0 collisions, 1 interface resets
     56 unknown protocol drops
     0 babbles, 0 late collision, 0 deferred
     0 lost carrier, 0 no carrier
     0 output buffer failures, 0 output buffers swapped out
FastEthernet0/1 is administratively down, line protocol is down 
  Hardware is MV96340 Ethernet, address is 04fe.7f37.80f1 (bia 04fe.7f37.80f1)
  MTU 1500 bytes, BW 100000 Kbit/sec, DLY 100 usec, 
     reliability 255/255, txload 1/255, rxload 1/255
  Encapsulation ARPA, loopback not set
  Keepalive set (10 sec)
  Auto-duplex, Auto Speed, 100BaseTX/FX
  ARP type: ARPA, ARP Timeout 04:00:00
  Last input never, output never, output hang never
  Last clearing of "show interface" counters never
  Input queue: 0/75/0/0 (size/max/drops/flushes); Total output drops: 0
  Queueing strategy: fifo
  Output queue: 0/40 (size/max)
  5 minute input rate 0 bits/sec, 0 packets/sec
  5 minute output rate 0 bits/sec, 0 packets/sec
     0 packets input, 0 bytes
     Received 0 broadcasts, 0 runts, 0 giants, 0 throttles
     0 input errors, 0 CRC, 0 frame, 0 overrun, 0 ignored
     0 watchdog
     0 input packets with dribble condition detected
     0 packets output, 0 bytes, 0 underruns
     0 output errors, 0 collisions, 0 interface resets
     0 unknown protocol drops
     0 babbles, 0 late collision, 0 deferred
     0 lost carrier, 0 no carrier
     0 output buffer failures, 0 output buffers swapped out
Serial0/0/0 is up, line protocol is up 
  Hardware is GT96K Serial
  Internet address is 192.168.2.2/24
  MTU 1500 bytes, BW 128 Kbit/sec, DLY 20000 usec, 
     reliability 255/255, txload 1/255, rxload 1/255
  Encapsulation HDLC, loopback not set
  Keepalive set (10 sec)
  Last input 00:00:01, output 00:00:05, output hang never
  Last clearing of "show interface" counters never
  Input queue: 0/75/0/0 (size/max/drops/flushes); Total output drops: 0
  Queueing strategy: weighted fair
  Output queue: 0/1000/64/0 (size/max total/threshold/drops) 
     Conversations  0/1/32 (active/max active/max total)
     Reserved Conversations 0/0 (allocated/max allocated)
     Available Bandwidth 96 kilobits/sec
  5 minute input rate 0 bits/sec, 0 packets/sec
  5 minute output rate 0 bits/sec, 0 packets/sec
     38 packets input, 3132 bytes, 0 no buffer
     Received 38 broadcasts, 0 runts, 0 giants, 0 throttles
     0 input errors, 0 CRC, 0 frame, 0 overrun, 0 ignored, 0 abort
     41 packets output, 2778 bytes, 0 underruns
     0 output errors, 0 collisions, 22 interface resets
     0 unknown protocol drops
     0 output buffer failures, 0 output buffers swapped out
     3 carrier transitions
     DCD=up  DSR=up  DTR=up  RTS=up  CTS=up

Serial0/0/1 is up, line protocol is up 
  Hardware is GT96K Serial
  Internet address is 192.168.3.1/24
  MTU 1500 bytes, BW 128 Kbit/sec, DLY 20000 usec, 
     reliability 255/255, txload 1/255, rxload 1/255
  Encapsulation HDLC, loopback not set
  Keepalive set (10 sec)
  Last input 00:00:06, output 00:00:05, output hang never
  Last clearing of "show interface" counters never
  Input queue: 0/75/0/0 (size/max/drops/flushes); Total output drops: 0
  Queueing strategy: weighted fair
  Output queue: 0/1000/64/0 (size/max total/threshold/drops) 
     Conversations  0/1/32 (active/max active/max total)
     Reserved Conversations 0/0 (allocated/max allocated)
     Available Bandwidth 96 kilobits/sec
  5 minute input rate 0 bits/sec, 0 packets/sec
  5 minute output rate 0 bits/sec, 0 packets/sec
     84 packets input, 6171 bytes, 0 no buffer
     Received 84 broadcasts, 0 runts, 0 giants, 0 throttles
     0 input errors, 0 CRC, 0 frame, 0 overrun, 0 ignored, 0 abort
     88 packets output, 5832 bytes, 0 underruns
     0 output errors, 0 collisions, 9 interface resets
     0 unknown protocol drops
     0 output buffer failures, 0 output buffers swapped out
     2 carrier transitions
     DCD=up  DSR=up  DTR=up  RTS=up  CTS=up

SSLVPN-VIF0 is up, line protocol is up 
  Hardware is SSLVPN_VIF
  Interface is unnumbered. Using address of SSLVPN-VIF0 (0.0.0.0)
  MTU 1514 bytes, BW 56 Kbit/sec, DLY 5000 usec, 
     reliability 255/255, txload 1/255, rxload 1/255
  Encapsulation UNKNOWN, loopback not set
  Last input never, output never, output hang never
  Last clearing of "show interface" counters never
  Input queue: 0/75/0/0 (size/max/drops/flushes); Total output drops: 0
  5 minute input rate 0 bits/sec, 0 packets/sec
  5 minute output rate 0 bits/sec, 0 packets/sec
     0 packets input, 0 bytes, 0 no buffer
     Received 0 broadcasts, 0 runts, 0 giants, 0 throttles
     0 input errors, 0 CRC, 0 frame, 0 overrun, 0 ignored, 0 abort
     0 packets output, 0 bytes, 0 underruns
     0 output errors, 0 collisions, 0 interface resets
     0 unknown protocol drops
     0 output buffer failures, 0 output buffers swapped out
Router#


输出结果：['', 'ip route验证成功，配置了正确的路由！', '相关输出如下：', 'C    192.168.1.0/24 is directly connected, FastEthernet0/0', 'C    192.168.2.0/24 is directly connected, Serial0/0/0', 'C    192.168.3.0/24 is directly connected, Serial0/0/1', '', 'ip protocols验证正确，协议配置成功', '\n当前配置协议：rip', '共有2条Routing for Networks信息：', '    192.168.2.0', '    192.168.3.0', '共有0条Routing Information Sources信息：', '    Gateway         Distance      Last Update', '', '所有接口信息：', '接口 FastEthernet0/0 开启，IP地址：192.168.1.2/24', '接口 FastEthernet0/1 未开启', '接口 Serial0/0/0 开启，IP地址：192.168.2.2/24', '接口 Serial0/0/1 开启，IP地址：192.168.3.1/24']
[call api]
调用时间：2021-01-13 17.24.47
调用接口：checkIPRoute
configName:RIP
routerNum:2
commands:['show ip route']
获取Telnet:Router2的唯一对象……
Telnet:Router2对象已经创建，获取成功
executeSomeCMD:
['show ip route']
executeSomeCMD-Result:
['show ip route\nCodes: C - connected, S - static, R - RIP, M - mobile, B - BGP\n       D - EIGRP, EX - EIGRP external, O - OSPF, IA - OSPF inter area \n       N1 - OSPF NSSA external type 1, N2 - OSPF NSSA external type 2\n       E1 - OSPF external type 1, E2 - OSPF external type 2\n       i - IS-IS, su - IS-IS summary, L1 - IS-IS level-1, L2 - IS-IS level-2\n       ia - IS-IS inter area, * - candidate default, U - per-user static route\n       o - ODR, P - periodic downloaded static route\n\nGateway of last resort is not set\n\nC    192.168.1.0/24 is directly connected, FastEthernet0/0\nR    192.168.2.0/24 [120/1] via 192.168.3.1, 00:00:05, Serial0/0/1\nC    192.168.3.0/24 is directly connected, Serial0/0/1\nRouter#']
**程序输出**
Router#show ip route
Codes: C - connected, S - static, R - RIP, M - mobile, B - BGP
       D - EIGRP, EX - EIGRP external, O - OSPF, IA - OSPF inter area 
       N1 - OSPF NSSA external type 1, N2 - OSPF NSSA external type 2
       E1 - OSPF external type 1, E2 - OSPF external type 2
       i - IS-IS, su - IS-IS summary, L1 - IS-IS level-1, L2 - IS-IS level-2
       ia - IS-IS inter area, * - candidate default, U - per-user static route
       o - ODR, P - periodic downloaded static route

Gateway of last resort is not set

C    192.168.1.0/24 is directly connected, FastEthernet0/0
R    192.168.2.0/24 [120/1] via 192.168.3.1, 00:00:05, Serial0/0/1
C    192.168.3.0/24 is directly connected, Serial0/0/1
Router#


输出结果：['Router#show ip route', 'Codes: C - connected, S - static, R - RIP, M - mobile, B - BGP', '       D - EIGRP, EX - EIGRP external, O - OSPF, IA - OSPF inter area ', '       N1 - OSPF NSSA external type 1, N2 - OSPF NSSA external type 2', '       E1 - OSPF external type 1, E2 - OSPF external type 2', '       i - IS-IS, su - IS-IS summary, L1 - IS-IS level-1, L2 - IS-IS level-2', '       ia - IS-IS inter area, * - candidate default, U - per-user static route', '       o - ODR, P - periodic downloaded static route', '', 'Gateway of last resort is not set', '', 'C    192.168.1.0/24 is directly connected, FastEthernet0/0', 'R    192.168.2.0/24 [120/1] via 192.168.3.1, 00:00:05, Serial0/0/1', 'C    192.168.3.0/24 is directly connected, Serial0/0/1', 'Router#', '', '共有3条路由信息', 'C    192.168.1.0/24 is directly connected, FastEthernet0/0', 'R    192.168.2.0/24 [120/1] via 192.168.3.1, 00:00:05, Serial0/0/1', 'C    192.168.3.0/24 is directly connected, Serial0/0/1']
[call api]
调用时间：2021-01-13 17.24.54
调用接口：checkIPProtocols
configName:RIP
routerNum:2
commands:['show ip protocols']
获取Telnet:Router2的唯一对象……
Telnet:Router2对象已经创建，获取成功
executeSomeCMD:
['show ip protocols']
executeSomeCMD-Result:
['show ip protocols\nRouting Protocol is "rip"\n  Outgoing update filter list for all interfaces is not set\n  Incoming update filter list for all interfaces is not set\n  Sending updates every 30 seconds, next due in 3 seconds\n  Invalid after 180 seconds, hold down 180, flushed after 240\n  Redistributing: rip\n  Default version control: send version 2, receive version 2\n    Interface             Send  Recv  Triggered RIP  Key-chain\n    Serial0/0/1           2     2                                    \n  Automatic network summarization is not in effect\n  Maximum path: 4\n  Routing for Networks:\n    192.168.3.0\n  Routing Information Sources:\n    Gateway         Distance      Last Update\n    192.168.3.1          120      00:00:11\n  Distance: (default is 120)\n\nRouter#']
**程序输出**
Router#show ip protocols
Routing Protocol is "rip"
  Outgoing update filter list for all interfaces is not set
  Incoming update filter list for all interfaces is not set
  Sending updates every 30 seconds, next due in 3 seconds
  Invalid after 180 seconds, hold down 180, flushed after 240
  Redistributing: rip
  Default version control: send version 2, receive version 2
    Interface             Send  Recv  Triggered RIP  Key-chain
    Serial0/0/1           2     2                                    
  Automatic network summarization is not in effect
  Maximum path: 4
  Routing for Networks:
    192.168.3.0
  Routing Information Sources:
    Gateway         Distance      Last Update
    192.168.3.1          120      00:00:11
  Distance: (default is 120)

Router#


输出结果：['Router#show ip protocols', 'Routing Protocol is "rip"', '  Outgoing update filter list for all interfaces is not set', '  Incoming update filter list for all interfaces is not set', '  Sending updates every 30 seconds, next due in 3 seconds', '  Invalid after 180 seconds, hold down 180, flushed after 240', '  Redistributing: rip', '  Default version control: send version 2, receive version 2', '    Interface             Send  Recv  Triggered RIP  Key-chain', '    Serial0/0/1           2     2                                    ', '  Automatic network summarization is not in effect', '  Maximum path: 4', '  Routing for Networks:', '    192.168.3.0', '  Routing Information Sources:', '    Gateway         Distance      Last Update', '    192.168.3.1          120      00:00:11', '  Distance: (default is 120)', '', 'Router#', '\n当前配置协议：rip', '共有1条Routing for Networks信息：', '    192.168.3.0', '共有1条Routing Information Sources信息：', '    Gateway         Distance      Last Update', '    192.168.3.1          120      00:00:11', '']
[call api]
调用时间：2021-01-13 17.25.00
调用接口：checkInterface
configName:RIP
routerNum:2
commands:['show interfaces']
获取Telnet:Router2的唯一对象……
Telnet:Router2对象已经创建，获取成功
executeSomeCMD:
['show interfaces']
executeSomeCMD-Result:
['show interfaces\nFastEthernet0/0 is up, line protocol is up \n  Hardware is MV96340 Ethernet, address is 04fe.7feb.0968 (bia 04fe.7feb.0968)\n  Internet address is 192.168.1.3/24\n  MTU 1500 bytes, BW 100000 Kbit/sec, DLY 100 usec, \n     reliability 255/255, txload 1/255, rxload 1/255\n  Encapsulation ARPA, loopback not set\n  Keepalive set (10 sec)\n  Full-duplex, 100Mb/s, 100BaseTX/FX\n  ARP type: ARPA, ARP Timeout 04:00:00\n  Last input 00:00:00, output 00:00:00, output hang never\n  Last clearing of "show interface" counters never\n  Input queue: 1/75/0/0 (size/max/drops/flushes); Total output drops: 0\n  Queueing strategy: fifo\n  Output queue: 0/40 (size/max)\n  5 minute input rate 2000 bits/sec, 2 packets/sec\n  5 minute output rate 1000 bits/sec, 1 packets/sec\n     1270 packets input, 240667 bytes\n     Received 868 broadcasts, 0 runts, 0 giants, 0 throttles\n     0 input errors, 0 CRC, 0 frame, 0 overrun, 0 ignored\n     0 watchdog\n     0 input packets with dribble condition detected\n     913 packets output, 67025 bytes, 0 underruns\n     0 output errors, 0 collisions, 1 interface resets\n     55 unknown protocol drops\n     0 babbles, 0 late collision, 0 deferred\n     0 lost carrier, 0 no carrier\n     0 output buffer failures, 0 output buffers swapped out\nFastEthernet0/1 is administratively down, line protocol is down \n  Hardware is MV96340 Ethernet, address is 04fe.7feb.0969 (bia 04fe.7feb.0969)\n  MTU 1500 bytes, BW 100000 Kbit/sec, DLY 100 usec, \n     reliability 255/255, txload 1/255, rxload 1/255\n  Encapsulation ARPA, loopback not set\n  Keepalive set (10 sec)\n  Auto-duplex, Auto Speed, 100BaseTX/FX\n  ARP type: ARPA, ARP Timeout 04:00:00\n  Last input never, output never, output hang never\n  Last clearing of "show interface" counters never\n  Input queue: 0/75/0/0 (size/max/drops/flushes); Total output drops: 0\n  Queueing strategy: fifo\n  Output queue: 0/40 (size/max)\n  5 minute input rate 0 bits/sec, 0 packets/sec\n  5 minute output rate 0 bits/sec, 0 packets/sec\n     0 packets input, 0 bytes\n     Received 0 broadcasts, 0 runts, 0 giants, 0 throttles\n     0 input errors, 0 CRC, 0 frame, 0 overrun, 0 ignored\n     0 watchdog\n     0 input packets with dribble condition detected\n     0 packets output, 0 bytes, 0 underruns\n     0 output errors, 0 collisions, 0 interface resets\n     0 unknown protocol drops\n     0 babbles, 0 late collision, 0 deferred\n     0 lost carrier, 0 no carrier\n     0 output buffer failures, 0 output buffers swapped out\nSerial0/0/0 is administratively down, line protocol is down \n  Hardware is GT96K Serial\n  MTU 1500 bytes, BW 128 Kbit/sec, DLY 20000 usec, \n     reliability 255/255, txload 1/255, rxload 1/255\n  Encapsulation HDLC, loopback not set\n  Keepalive set (10 sec)\n  Last input never, output never, output hang never\n  Last clearing of "show interface" counters never\n  Input queue: 0/75/0/0 (size/max/drops/flushes); Total output drops: 0\n  Queueing strategy: weighted fair\n  Output queue: 0/1000/64/0 (size/max total/threshold/drops) \n     Conversations  0/0/32 (active/max active/max total)\n     Reserved Conversations 0/0 (allocated/max allocated)\n     Available Bandwidth 96 kilobits/sec\n  5 minute input rate 0 bits/sec, 0 packets/sec\n  5 minute output rate 0 bits/sec, 0 packets/sec\n     0 packets input, 0 bytes, 0 no buffer\n     Received 0 broadcasts, 0 runts, 0 giants, 0 throttles\n     0 input errors, 0 CRC, 0 frame, 0 overrun, 0 ignored, 0 abort\n     0 packets output, 0 bytes, 0 underruns\n     0 output errors, 0 collisions, 5 interface resets\n     0 unknown protocol drops\n     0 output buffer failures, 0 output buffers swapped out\n     0 carrier transitions\n     DCD=down  DSR=down  DTR=down  RTS=down  CTS=down\n\nSerial0/0/1 is up, line protocol is up \n  Hardware is GT96K Serial\n  Internet address is 192.168.3.2/24\n  MTU 1500 bytes, BW 128 Kbit/sec, DLY 20000 usec, \n     reliability 255/255, txload 1/255, rxload 1/255\n  Encapsulation HDLC, loopback not set\n  Keepalive set (10 sec)\n  Last input 00:00:08, output 00:00:00, output hang never\n  Last clearing of "show interface" counters never\n  Input queue: 0/75/0/0 (size/max/drops/flushes); Total output drops: 0\n  Queueing strategy: weighted fair\n  Output queue: 0/1000/64/0 (size/max total/threshold/drops) \n     Conversations  0/1/32 (active/max active/max total)\n     Reserved Conversations 0/0 (allocated/max allocated)\n     Available Bandwidth 96 kilobits/sec\n  5 minute input rate 0 bits/sec, 0 packets/sec\n  5 minute output rate 0 bits/sec, 0 packets/sec\n     92 packets input, 6272 bytes, 0 no buffer\n     Received 85 broadcasts, 0 runts, 0 giants, 0 throttles\n     0 input errors, 0 CRC, 0 frame, 0 overrun, 0 ignored, 0 abort\n     89 packets output, 6603 bytes, 0 underruns\n     0 output errors, 0 collisions, 6 interface resets\n     0 unknown protocol drops\n     0 output buffer failures, 0 output buffers swapped out\n     17 carrier transitions\n     DCD=up  DSR=up  DTR=up  RTS=up  CTS=up\n\nSSLVPN-VIF0 is up, line protocol is up \n  Hardware is SSLVPN_VIF\n  Interface is unnumbered. Using address of SSLVPN-VIF0 (0.0.0.0)\n  MTU 1514 bytes, BW 56 Kbit/sec, DLY 5000 usec, \n     reliability 255/255, txload 1/255, rxload 1/255\n  Encapsulation UNKNOWN, loopback not set\n  Last input never, output never, output hang never\n  Last clearing of "show interface" counters never\n  Input queue: 0/75/0/0 (size/max/drops/flushes); Total output drops: 0\n  5 minute input rate 0 bits/sec, 0 packets/sec\n  5 minute output rate 0 bits/sec, 0 packets/sec\n     0 packets input, 0 bytes, 0 no buffer\n     Received 0 broadcasts, 0 runts, 0 giants, 0 throttles\n     0 input errors, 0 CRC, 0 frame, 0 overrun, 0 ignored, 0 abort\n     0 packets output, 0 bytes, 0 underruns\n     0 output errors, 0 collisions, 0 interface resets\n     0 unknown protocol drops\n     0 output buffer failures, 0 output buffers swapped out\nRouter#']
**程序输出**
Router#show interfaces
FastEthernet0/0 is up, line protocol is up 
  Hardware is MV96340 Ethernet, address is 04fe.7feb.0968 (bia 04fe.7feb.0968)
  Internet address is 192.168.1.3/24
  MTU 1500 bytes, BW 100000 Kbit/sec, DLY 100 usec, 
     reliability 255/255, txload 1/255, rxload 1/255
  Encapsulation ARPA, loopback not set
  Keepalive set (10 sec)
  Full-duplex, 100Mb/s, 100BaseTX/FX
  ARP type: ARPA, ARP Timeout 04:00:00
  Last input 00:00:00, output 00:00:00, output hang never
  Last clearing of "show interface" counters never
  Input queue: 1/75/0/0 (size/max/drops/flushes); Total output drops: 0
  Queueing strategy: fifo
  Output queue: 0/40 (size/max)
  5 minute input rate 2000 bits/sec, 2 packets/sec
  5 minute output rate 1000 bits/sec, 1 packets/sec
     1270 packets input, 240667 bytes
     Received 868 broadcasts, 0 runts, 0 giants, 0 throttles
     0 input errors, 0 CRC, 0 frame, 0 overrun, 0 ignored
     0 watchdog
     0 input packets with dribble condition detected
     913 packets output, 67025 bytes, 0 underruns
     0 output errors, 0 collisions, 1 interface resets
     55 unknown protocol drops
     0 babbles, 0 late collision, 0 deferred
     0 lost carrier, 0 no carrier
     0 output buffer failures, 0 output buffers swapped out
FastEthernet0/1 is administratively down, line protocol is down 
  Hardware is MV96340 Ethernet, address is 04fe.7feb.0969 (bia 04fe.7feb.0969)
  MTU 1500 bytes, BW 100000 Kbit/sec, DLY 100 usec, 
     reliability 255/255, txload 1/255, rxload 1/255
  Encapsulation ARPA, loopback not set
  Keepalive set (10 sec)
  Auto-duplex, Auto Speed, 100BaseTX/FX
  ARP type: ARPA, ARP Timeout 04:00:00
  Last input never, output never, output hang never
  Last clearing of "show interface" counters never
  Input queue: 0/75/0/0 (size/max/drops/flushes); Total output drops: 0
  Queueing strategy: fifo
  Output queue: 0/40 (size/max)
  5 minute input rate 0 bits/sec, 0 packets/sec
  5 minute output rate 0 bits/sec, 0 packets/sec
     0 packets input, 0 bytes
     Received 0 broadcasts, 0 runts, 0 giants, 0 throttles
     0 input errors, 0 CRC, 0 frame, 0 overrun, 0 ignored
     0 watchdog
     0 input packets with dribble condition detected
     0 packets output, 0 bytes, 0 underruns
     0 output errors, 0 collisions, 0 interface resets
     0 unknown protocol drops
     0 babbles, 0 late collision, 0 deferred
     0 lost carrier, 0 no carrier
     0 output buffer failures, 0 output buffers swapped out
Serial0/0/0 is administratively down, line protocol is down 
  Hardware is GT96K Serial
  MTU 1500 bytes, BW 128 Kbit/sec, DLY 20000 usec, 
     reliability 255/255, txload 1/255, rxload 1/255
  Encapsulation HDLC, loopback not set
  Keepalive set (10 sec)
  Last input never, output never, output hang never
  Last clearing of "show interface" counters never
  Input queue: 0/75/0/0 (size/max/drops/flushes); Total output drops: 0
  Queueing strategy: weighted fair
  Output queue: 0/1000/64/0 (size/max total/threshold/drops) 
     Conversations  0/0/32 (active/max active/max total)
     Reserved Conversations 0/0 (allocated/max allocated)
     Available Bandwidth 96 kilobits/sec
  5 minute input rate 0 bits/sec, 0 packets/sec
  5 minute output rate 0 bits/sec, 0 packets/sec
     0 packets input, 0 bytes, 0 no buffer
     Received 0 broadcasts, 0 runts, 0 giants, 0 throttles
     0 input errors, 0 CRC, 0 frame, 0 overrun, 0 ignored, 0 abort
     0 packets output, 0 bytes, 0 underruns
     0 output errors, 0 collisions, 5 interface resets
     0 unknown protocol drops
     0 output buffer failures, 0 output buffers swapped out
     0 carrier transitions
     DCD=down  DSR=down  DTR=down  RTS=down  CTS=down

Serial0/0/1 is up, line protocol is up 
  Hardware is GT96K Serial
  Internet address is 192.168.3.2/24
  MTU 1500 bytes, BW 128 Kbit/sec, DLY 20000 usec, 
     reliability 255/255, txload 1/255, rxload 1/255
  Encapsulation HDLC, loopback not set
  Keepalive set (10 sec)
  Last input 00:00:08, output 00:00:00, output hang never
  Last clearing of "show interface" counters never
  Input queue: 0/75/0/0 (size/max/drops/flushes); Total output drops: 0
  Queueing strategy: weighted fair
  Output queue: 0/1000/64/0 (size/max total/threshold/drops) 
     Conversations  0/1/32 (active/max active/max total)
     Reserved Conversations 0/0 (allocated/max allocated)
     Available Bandwidth 96 kilobits/sec
  5 minute input rate 0 bits/sec, 0 packets/sec
  5 minute output rate 0 bits/sec, 0 packets/sec
     92 packets input, 6272 bytes, 0 no buffer
     Received 85 broadcasts, 0 runts, 0 giants, 0 throttles
     0 input errors, 0 CRC, 0 frame, 0 overrun, 0 ignored, 0 abort
     89 packets output, 6603 bytes, 0 underruns
     0 output errors, 0 collisions, 6 interface resets
     0 unknown protocol drops
     0 output buffer failures, 0 output buffers swapped out
     17 carrier transitions
     DCD=up  DSR=up  DTR=up  RTS=up  CTS=up

SSLVPN-VIF0 is up, line protocol is up 
  Hardware is SSLVPN_VIF
  Interface is unnumbered. Using address of SSLVPN-VIF0 (0.0.0.0)
  MTU 1514 bytes, BW 56 Kbit/sec, DLY 5000 usec, 
     reliability 255/255, txload 1/255, rxload 1/255
  Encapsulation UNKNOWN, loopback not set
  Last input never, output never, output hang never
  Last clearing of "show interface" counters never
  Input queue: 0/75/0/0 (size/max/drops/flushes); Total output drops: 0
  5 minute input rate 0 bits/sec, 0 packets/sec
  5 minute output rate 0 bits/sec, 0 packets/sec
     0 packets input, 0 bytes, 0 no buffer
     Received 0 broadcasts, 0 runts, 0 giants, 0 throttles
     0 input errors, 0 CRC, 0 frame, 0 overrun, 0 ignored, 0 abort
     0 packets output, 0 bytes, 0 underruns
     0 output errors, 0 collisions, 0 interface resets
     0 unknown protocol drops
     0 output buffer failures, 0 output buffers swapped out
Router#


输出结果：['Router#show interfaces', 'FastEthernet0/0 is up, line protocol is up ', '  Hardware is MV96340 Ethernet, address is 04fe.7feb.0968 (bia 04fe.7feb.0968)', '  Internet address is 192.168.1.3/24', '  MTU 1500 bytes, BW 100000 Kbit/sec, DLY 100 usec, ', '     reliability 255/255, txload 1/255, rxload 1/255', '  Encapsulation ARPA, loopback not set', '  Keepalive set (10 sec)', '  Full-duplex, 100Mb/s, 100BaseTX/FX', '  ARP type: ARPA, ARP Timeout 04:00:00', '  Last input 00:00:00, output 00:00:00, output hang never', '  Last clearing of "show interface" counters never', '  Input queue: 1/75/0/0 (size/max/drops/flushes); Total output drops: 0', '  Queueing strategy: fifo', '  Output queue: 0/40 (size/max)', '  5 minute input rate 2000 bits/sec, 2 packets/sec', '  5 minute output rate 1000 bits/sec, 1 packets/sec', '     1270 packets input, 240667 bytes', '     Received 868 broadcasts, 0 runts, 0 giants, 0 throttles', '     0 input errors, 0 CRC, 0 frame, 0 overrun, 0 ignored', '     0 watchdog', '     0 input packets with dribble condition detected', '     913 packets output, 67025 bytes, 0 underruns', '     0 output errors, 0 collisions, 1 interface resets', '     55 unknown protocol drops', '     0 babbles, 0 late collision, 0 deferred', '     0 lost carrier, 0 no carrier', '     0 output buffer failures, 0 output buffers swapped out', 'FastEthernet0/1 is administratively down, line protocol is down ', '  Hardware is MV96340 Ethernet, address is 04fe.7feb.0969 (bia 04fe.7feb.0969)', '  MTU 1500 bytes, BW 100000 Kbit/sec, DLY 100 usec, ', '     reliability 255/255, txload 1/255, rxload 1/255', '  Encapsulation ARPA, loopback not set', '  Keepalive set (10 sec)', '  Auto-duplex, Auto Speed, 100BaseTX/FX', '  ARP type: ARPA, ARP Timeout 04:00:00', '  Last input never, output never, output hang never', '  Last clearing of "show interface" counters never', '  Input queue: 0/75/0/0 (size/max/drops/flushes); Total output drops: 0', '  Queueing strategy: fifo', '  Output queue: 0/40 (size/max)', '  5 minute input rate 0 bits/sec, 0 packets/sec', '  5 minute output rate 0 bits/sec, 0 packets/sec', '     0 packets input, 0 bytes', '     Received 0 broadcasts, 0 runts, 0 giants, 0 throttles', '     0 input errors, 0 CRC, 0 frame, 0 overrun, 0 ignored', '     0 watchdog', '     0 input packets with dribble condition detected', '     0 packets output, 0 bytes, 0 underruns', '     0 output errors, 0 collisions, 0 interface resets', '     0 unknown protocol drops', '     0 babbles, 0 late collision, 0 deferred', '     0 lost carrier, 0 no carrier', '     0 output buffer failures, 0 output buffers swapped out', 'Serial0/0/0 is administratively down, line protocol is down ', '  Hardware is GT96K Serial', '  MTU 1500 bytes, BW 128 Kbit/sec, DLY 20000 usec, ', '     reliability 255/255, txload 1/255, rxload 1/255', '  Encapsulation HDLC, loopback not set', '  Keepalive set (10 sec)', '  Last input never, output never, output hang never', '  Last clearing of "show interface" counters never', '  Input queue: 0/75/0/0 (size/max/drops/flushes); Total output drops: 0', '  Queueing strategy: weighted fair', '  Output queue: 0/1000/64/0 (size/max total/threshold/drops) ', '     Conversations  0/0/32 (active/max active/max total)', '     Reserved Conversations 0/0 (allocated/max allocated)', '     Available Bandwidth 96 kilobits/sec', '  5 minute input rate 0 bits/sec, 0 packets/sec', '  5 minute output rate 0 bits/sec, 0 packets/sec', '     0 packets input, 0 bytes, 0 no buffer', '     Received 0 broadcasts, 0 runts, 0 giants, 0 throttles', '     0 input errors, 0 CRC, 0 frame, 0 overrun, 0 ignored, 0 abort', '     0 packets output, 0 bytes, 0 underruns', '     0 output errors, 0 collisions, 5 interface resets', '     0 unknown protocol drops', '     0 output buffer failures, 0 output buffers swapped out', '     0 carrier transitions', '     DCD=down  DSR=down  DTR=down  RTS=down  CTS=down', '', 'Serial0/0/1 is up, line protocol is up ', '  Hardware is GT96K Serial', '  Internet address is 192.168.3.2/24', '  MTU 1500 bytes, BW 128 Kbit/sec, DLY 20000 usec, ', '     reliability 255/255, txload 1/255, rxload 1/255', '  Encapsulation HDLC, loopback not set', '  Keepalive set (10 sec)', '  Last input 00:00:08, output 00:00:00, output hang never', '  Last clearing of "show interface" counters never', '  Input queue: 0/75/0/0 (size/max/drops/flushes); Total output drops: 0', '  Queueing strategy: weighted fair', '  Output queue: 0/1000/64/0 (size/max total/threshold/drops) ', '     Conversations  0/1/32 (active/max active/max total)', '     Reserved Conversations 0/0 (allocated/max allocated)', '     Available Bandwidth 96 kilobits/sec', '  5 minute input rate 0 bits/sec, 0 packets/sec', '  5 minute output rate 0 bits/sec, 0 packets/sec', '     92 packets input, 6272 bytes, 0 no buffer', '     Received 85 broadcasts, 0 runts, 0 giants, 0 throttles', '     0 input errors, 0 CRC, 0 frame, 0 overrun, 0 ignored, 0 abort', '     89 packets output, 6603 bytes, 0 underruns', '     0 output errors, 0 collisions, 6 interface resets', '     0 unknown protocol drops', '     0 output buffer failures, 0 output buffers swapped out', '     17 carrier transitions', '     DCD=up  DSR=up  DTR=up  RTS=up  CTS=up', '', 'SSLVPN-VIF0 is up, line protocol is up ', '  Hardware is SSLVPN_VIF', '  Interface is unnumbered. Using address of SSLVPN-VIF0 (0.0.0.0)', '  MTU 1514 bytes, BW 56 Kbit/sec, DLY 5000 usec, ', '     reliability 255/255, txload 1/255, rxload 1/255', '  Encapsulation UNKNOWN, loopback not set', '  Last input never, output never, output hang never', '  Last clearing of "show interface" counters never', '  Input queue: 0/75/0/0 (size/max/drops/flushes); Total output drops: 0', '  5 minute input rate 0 bits/sec, 0 packets/sec', '  5 minute output rate 0 bits/sec, 0 packets/sec', '     0 packets input, 0 bytes, 0 no buffer', '     Received 0 broadcasts, 0 runts, 0 giants, 0 throttles', '     0 input errors, 0 CRC, 0 frame, 0 overrun, 0 ignored, 0 abort', '     0 packets output, 0 bytes, 0 underruns', '     0 output errors, 0 collisions, 0 interface resets', '     0 unknown protocol drops', '     0 output buffer failures, 0 output buffers swapped out', 'Router#', '', '接口 FastEthernet0/0 开启，IP地址：192.168.1.3/24', '接口 FastEthernet0/1 未开启', '接口 Serial0/0/0 未开启', '接口 Serial0/0/1 开启，IP地址：192.168.3.2/24']
[call api]
调用时间：2021-01-13 17.25.07
调用接口：validateConfig
configName:RIP
routerNum:2
commands:['show ip route']
获取Telnet:Router2的唯一对象……
Telnet:Router2对象已经创建，获取成功
executeSomeCMD:
['show ip route']
executeSomeCMD-Result:
['show ip route\nCodes: C - connected, S - static, R - RIP, M - mobile, B - BGP\n       D - EIGRP, EX - EIGRP external, O - OSPF, IA - OSPF inter area \n       N1 - OSPF NSSA external type 1, N2 - OSPF NSSA external type 2\n       E1 - OSPF external type 1, E2 - OSPF external type 2\n       i - IS-IS, su - IS-IS summary, L1 - IS-IS level-1, L2 - IS-IS level-2\n       ia - IS-IS inter area, * - candidate default, U - per-user static route\n       o - ODR, P - periodic downloaded static route\n\nGateway of last resort is not set\n\nC    192.168.1.0/24 is directly connected, FastEthernet0/0\nR    192.168.2.0/24 [120/1] via 192.168.3.1, 00:00:24, Serial0/0/1\nC    192.168.3.0/24 is directly connected, Serial0/0/1\nRouter#']
**程序输出**
Router#show ip route
Codes: C - connected, S - static, R - RIP, M - mobile, B - BGP
       D - EIGRP, EX - EIGRP external, O - OSPF, IA - OSPF inter area 
       N1 - OSPF NSSA external type 1, N2 - OSPF NSSA external type 2
       E1 - OSPF external type 1, E2 - OSPF external type 2
       i - IS-IS, su - IS-IS summary, L1 - IS-IS level-1, L2 - IS-IS level-2
       ia - IS-IS inter area, * - candidate default, U - per-user static route
       o - ODR, P - periodic downloaded static route

Gateway of last resort is not set

C    192.168.1.0/24 is directly connected, FastEthernet0/0
R    192.168.2.0/24 [120/1] via 192.168.3.1, 00:00:24, Serial0/0/1
C    192.168.3.0/24 is directly connected, Serial0/0/1
Router#


configName:RIP
routerNum:2
commands:['show ip protocols']
获取Telnet:Router2的唯一对象……
Telnet:Router2对象已经创建，获取成功
executeSomeCMD:
['show ip protocols']
executeSomeCMD-Result:
['show ip protocols\nRouting Protocol is "rip"\n  Outgoing update filter list for all interfaces is not set\n  Incoming update filter list for all interfaces is not set\n  Sending updates every 30 seconds, next due in 19 seconds\n  Invalid after 180 seconds, hold down 180, flushed after 240\n  Redistributing: rip\n  Default version control: send version 2, receive version 2\n    Interface             Send  Recv  Triggered RIP  Key-chain\n    Serial0/0/1           2     2                                    \n  Automatic network summarization is not in effect\n  Maximum path: 4\n  Routing for Networks:\n    192.168.3.0\n  Routing Information Sources:\n    Gateway         Distance      Last Update\n    192.168.3.1          120      00:00:24\n  Distance: (default is 120)\n\nRouter#']
**程序输出**
Router#show ip protocols
Routing Protocol is "rip"
  Outgoing update filter list for all interfaces is not set
  Incoming update filter list for all interfaces is not set
  Sending updates every 30 seconds, next due in 19 seconds
  Invalid after 180 seconds, hold down 180, flushed after 240
  Redistributing: rip
  Default version control: send version 2, receive version 2
    Interface             Send  Recv  Triggered RIP  Key-chain
    Serial0/0/1           2     2                                    
  Automatic network summarization is not in effect
  Maximum path: 4
  Routing for Networks:
    192.168.3.0
  Routing Information Sources:
    Gateway         Distance      Last Update
    192.168.3.1          120      00:00:24
  Distance: (default is 120)

Router#


configName:RIP
routerNum:2
commands:['show interfaces']
获取Telnet:Router2的唯一对象……
Telnet:Router2对象已经创建，获取成功
executeSomeCMD:
['show interfaces']
executeSomeCMD-Result:
['show interfaces\nFastEthernet0/0 is up, line protocol is up \n  Hardware is MV96340 Ethernet, address is 04fe.7feb.0968 (bia 04fe.7feb.0968)\n  Internet address is 192.168.1.3/24\n  MTU 1500 bytes, BW 100000 Kbit/sec, DLY 100 usec, \n     reliability 255/255, txload 1/255, rxload 1/255\n  Encapsulation ARPA, loopback not set\n  Keepalive set (10 sec)\n  Full-duplex, 100Mb/s, 100BaseTX/FX\n  ARP type: ARPA, ARP Timeout 04:00:00\n  Last input 00:00:00, output 00:00:00, output hang never\n  Last clearing of "show interface" counters never\n  Input queue: 1/75/0/0 (size/max/drops/flushes); Total output drops: 0\n  Queueing strategy: fifo\n  Output queue: 0/40 (size/max)\n  5 minute input rate 3000 bits/sec, 3 packets/sec\n  5 minute output rate 2000 bits/sec, 2 packets/sec\n     1310 packets input, 243650 bytes\n     Received 874 broadcasts, 0 runts, 0 giants, 0 throttles\n     0 input errors, 0 CRC, 0 frame, 0 overrun, 0 ignored\n     0 watchdog\n     0 input packets with dribble condition detected\n     976 packets output, 78151 bytes, 0 underruns\n     0 output errors, 0 collisions, 1 interface resets\n     56 unknown protocol drops\n     0 babbles, 0 late collision, 0 deferred\n     0 lost carrier, 0 no carrier\n     0 output buffer failures, 0 output buffers swapped out\nFastEthernet0/1 is administratively down, line protocol is down \n  Hardware is MV96340 Ethernet, address is 04fe.7feb.0969 (bia 04fe.7feb.0969)\n  MTU 1500 bytes, BW 100000 Kbit/sec, DLY 100 usec, \n     reliability 255/255, txload 1/255, rxload 1/255\n  Encapsulation ARPA, loopback not set\n  Keepalive set (10 sec)\n  Auto-duplex, Auto Speed, 100BaseTX/FX\n  ARP type: ARPA, ARP Timeout 04:00:00\n  Last input never, output never, output hang never\n  Last clearing of "show interface" counters never\n  Input queue: 0/75/0/0 (size/max/drops/flushes); Total output drops: 0\n  Queueing strategy: fifo\n  Output queue: 0/40 (size/max)\n  5 minute input rate 0 bits/sec, 0 packets/sec\n  5 minute output rate 0 bits/sec, 0 packets/sec\n     0 packets input, 0 bytes\n     Received 0 broadcasts, 0 runts, 0 giants, 0 throttles\n     0 input errors, 0 CRC, 0 frame, 0 overrun, 0 ignored\n     0 watchdog\n     0 input packets with dribble condition detected\n     0 packets output, 0 bytes, 0 underruns\n     0 output errors, 0 collisions, 0 interface resets\n     0 unknown protocol drops\n     0 babbles, 0 late collision, 0 deferred\n     0 lost carrier, 0 no carrier\n     0 output buffer failures, 0 output buffers swapped out\nSerial0/0/0 is administratively down, line protocol is down \n  Hardware is GT96K Serial\n  MTU 1500 bytes, BW 128 Kbit/sec, DLY 20000 usec, \n     reliability 255/255, txload 1/255, rxload 1/255\n  Encapsulation HDLC, loopback not set\n  Keepalive set (10 sec)\n  Last input never, output never, output hang never\n  Last clearing of "show interface" counters never\n  Input queue: 0/75/0/0 (size/max/drops/flushes); Total output drops: 0\n  Queueing strategy: weighted fair\n  Output queue: 0/1000/64/0 (size/max total/threshold/drops) \n     Conversations  0/0/32 (active/max active/max total)\n     Reserved Conversations 0/0 (allocated/max allocated)\n     Available Bandwidth 96 kilobits/sec\n  5 minute input rate 0 bits/sec, 0 packets/sec\n  5 minute output rate 0 bits/sec, 0 packets/sec\n     0 packets input, 0 bytes, 0 no buffer\n     Received 0 broadcasts, 0 runts, 0 giants, 0 throttles\n     0 input errors, 0 CRC, 0 frame, 0 overrun, 0 ignored, 0 abort\n     0 packets output, 0 bytes, 0 underruns\n     0 output errors, 0 collisions, 5 interface resets\n     0 unknown protocol drops\n     0 output buffer failures, 0 output buffers swapped out\n     0 carrier transitions\n     DCD=down  DSR=down  DTR=down  RTS=down  CTS=down\n\nSerial0/0/1 is up, line protocol is up \n  Hardware is GT96K Serial\n  Internet address is 192.168.3.2/24\n  MTU 1500 bytes, BW 128 Kbit/sec, DLY 20000 usec, \n     reliability 255/255, txload 1/255, rxload 1/255\n  Encapsulation HDLC, loopback not set\n  Keepalive set (10 sec)\n  Last input 00:00:05, output 00:00:07, output hang never\n  Last clearing of "show interface" counters never\n  Input queue: 0/75/0/0 (size/max/drops/flushes); Total output drops: 0\n  Queueing strategy: weighted fair\n  Output queue: 0/1000/64/0 (size/max total/threshold/drops) \n     Conversations  0/1/32 (active/max active/max total)\n     Reserved Conversations 0/0 (allocated/max allocated)\n     Available Bandwidth 96 kilobits/sec\n  5 minute input rate 0 bits/sec, 0 packets/sec\n  5 minute output rate 0 bits/sec, 0 packets/sec\n     93 packets input, 6296 bytes, 0 no buffer\n     Received 86 broadcasts, 0 runts, 0 giants, 0 throttles\n     0 input errors, 0 CRC, 0 frame, 0 overrun, 0 ignored, 0 abort\n     89 packets output, 6603 bytes, 0 underruns\n     0 output errors, 0 collisions, 6 interface resets\n     0 unknown protocol drops\n     0 output buffer failures, 0 output buffers swapped out\n     17 carrier transitions\n     DCD=up  DSR=up  DTR=up  RTS=up  CTS=up\n\nSSLVPN-VIF0 is up, line protocol is up \n  Hardware is SSLVPN_VIF\n  Interface is unnumbered. Using address of SSLVPN-VIF0 (0.0.0.0)\n  MTU 1514 bytes, BW 56 Kbit/sec, DLY 5000 usec, \n     reliability 255/255, txload 1/255, rxload 1/255\n  Encapsulation UNKNOWN, loopback not set\n  Last input never, output never, output hang never\n  Last clearing of "show interface" counters never\n  Input queue: 0/75/0/0 (size/max/drops/flushes); Total output drops: 0\n  5 minute input rate 0 bits/sec, 0 packets/sec\n  5 minute output rate 0 bits/sec, 0 packets/sec\n     0 packets input, 0 bytes, 0 no buffer\n     Received 0 broadcasts, 0 runts, 0 giants, 0 throttles\n     0 input errors, 0 CRC, 0 frame, 0 overrun, 0 ignored, 0 abort\n     0 packets output, 0 bytes, 0 underruns\n     0 output errors, 0 collisions, 0 interface resets\n     0 unknown protocol drops\n     0 output buffer failures, 0 output buffers swapped out\nRouter#']
**程序输出**
Router#show interfaces
FastEthernet0/0 is up, line protocol is up 
  Hardware is MV96340 Ethernet, address is 04fe.7feb.0968 (bia 04fe.7feb.0968)
  Internet address is 192.168.1.3/24
  MTU 1500 bytes, BW 100000 Kbit/sec, DLY 100 usec, 
     reliability 255/255, txload 1/255, rxload 1/255
  Encapsulation ARPA, loopback not set
  Keepalive set (10 sec)
  Full-duplex, 100Mb/s, 100BaseTX/FX
  ARP type: ARPA, ARP Timeout 04:00:00
  Last input 00:00:00, output 00:00:00, output hang never
  Last clearing of "show interface" counters never
  Input queue: 1/75/0/0 (size/max/drops/flushes); Total output drops: 0
  Queueing strategy: fifo
  Output queue: 0/40 (size/max)
  5 minute input rate 3000 bits/sec, 3 packets/sec
  5 minute output rate 2000 bits/sec, 2 packets/sec
     1310 packets input, 243650 bytes
     Received 874 broadcasts, 0 runts, 0 giants, 0 throttles
     0 input errors, 0 CRC, 0 frame, 0 overrun, 0 ignored
     0 watchdog
     0 input packets with dribble condition detected
     976 packets output, 78151 bytes, 0 underruns
     0 output errors, 0 collisions, 1 interface resets
     56 unknown protocol drops
     0 babbles, 0 late collision, 0 deferred
     0 lost carrier, 0 no carrier
     0 output buffer failures, 0 output buffers swapped out
FastEthernet0/1 is administratively down, line protocol is down 
  Hardware is MV96340 Ethernet, address is 04fe.7feb.0969 (bia 04fe.7feb.0969)
  MTU 1500 bytes, BW 100000 Kbit/sec, DLY 100 usec, 
     reliability 255/255, txload 1/255, rxload 1/255
  Encapsulation ARPA, loopback not set
  Keepalive set (10 sec)
  Auto-duplex, Auto Speed, 100BaseTX/FX
  ARP type: ARPA, ARP Timeout 04:00:00
  Last input never, output never, output hang never
  Last clearing of "show interface" counters never
  Input queue: 0/75/0/0 (size/max/drops/flushes); Total output drops: 0
  Queueing strategy: fifo
  Output queue: 0/40 (size/max)
  5 minute input rate 0 bits/sec, 0 packets/sec
  5 minute output rate 0 bits/sec, 0 packets/sec
     0 packets input, 0 bytes
     Received 0 broadcasts, 0 runts, 0 giants, 0 throttles
     0 input errors, 0 CRC, 0 frame, 0 overrun, 0 ignored
     0 watchdog
     0 input packets with dribble condition detected
     0 packets output, 0 bytes, 0 underruns
     0 output errors, 0 collisions, 0 interface resets
     0 unknown protocol drops
     0 babbles, 0 late collision, 0 deferred
     0 lost carrier, 0 no carrier
     0 output buffer failures, 0 output buffers swapped out
Serial0/0/0 is administratively down, line protocol is down 
  Hardware is GT96K Serial
  MTU 1500 bytes, BW 128 Kbit/sec, DLY 20000 usec, 
     reliability 255/255, txload 1/255, rxload 1/255
  Encapsulation HDLC, loopback not set
  Keepalive set (10 sec)
  Last input never, output never, output hang never
  Last clearing of "show interface" counters never
  Input queue: 0/75/0/0 (size/max/drops/flushes); Total output drops: 0
  Queueing strategy: weighted fair
  Output queue: 0/1000/64/0 (size/max total/threshold/drops) 
     Conversations  0/0/32 (active/max active/max total)
     Reserved Conversations 0/0 (allocated/max allocated)
     Available Bandwidth 96 kilobits/sec
  5 minute input rate 0 bits/sec, 0 packets/sec
  5 minute output rate 0 bits/sec, 0 packets/sec
     0 packets input, 0 bytes, 0 no buffer
     Received 0 broadcasts, 0 runts, 0 giants, 0 throttles
     0 input errors, 0 CRC, 0 frame, 0 overrun, 0 ignored, 0 abort
     0 packets output, 0 bytes, 0 underruns
     0 output errors, 0 collisions, 5 interface resets
     0 unknown protocol drops
     0 output buffer failures, 0 output buffers swapped out
     0 carrier transitions
     DCD=down  DSR=down  DTR=down  RTS=down  CTS=down

Serial0/0/1 is up, line protocol is up 
  Hardware is GT96K Serial
  Internet address is 192.168.3.2/24
  MTU 1500 bytes, BW 128 Kbit/sec, DLY 20000 usec, 
     reliability 255/255, txload 1/255, rxload 1/255
  Encapsulation HDLC, loopback not set
  Keepalive set (10 sec)
  Last input 00:00:05, output 00:00:07, output hang never
  Last clearing of "show interface" counters never
  Input queue: 0/75/0/0 (size/max/drops/flushes); Total output drops: 0
  Queueing strategy: weighted fair
  Output queue: 0/1000/64/0 (size/max total/threshold/drops) 
     Conversations  0/1/32 (active/max active/max total)
     Reserved Conversations 0/0 (allocated/max allocated)
     Available Bandwidth 96 kilobits/sec
  5 minute input rate 0 bits/sec, 0 packets/sec
  5 minute output rate 0 bits/sec, 0 packets/sec
     93 packets input, 6296 bytes, 0 no buffer
     Received 86 broadcasts, 0 runts, 0 giants, 0 throttles
     0 input errors, 0 CRC, 0 frame, 0 overrun, 0 ignored, 0 abort
     89 packets output, 6603 bytes, 0 underruns
     0 output errors, 0 collisions, 6 interface resets
     0 unknown protocol drops
     0 output buffer failures, 0 output buffers swapped out
     17 carrier transitions
     DCD=up  DSR=up  DTR=up  RTS=up  CTS=up

SSLVPN-VIF0 is up, line protocol is up 
  Hardware is SSLVPN_VIF
  Interface is unnumbered. Using address of SSLVPN-VIF0 (0.0.0.0)
  MTU 1514 bytes, BW 56 Kbit/sec, DLY 5000 usec, 
     reliability 255/255, txload 1/255, rxload 1/255
  Encapsulation UNKNOWN, loopback not set
  Last input never, output never, output hang never
  Last clearing of "show interface" counters never
  Input queue: 0/75/0/0 (size/max/drops/flushes); Total output drops: 0
  5 minute input rate 0 bits/sec, 0 packets/sec
  5 minute output rate 0 bits/sec, 0 packets/sec
     0 packets input, 0 bytes, 0 no buffer
     Received 0 broadcasts, 0 runts, 0 giants, 0 throttles
     0 input errors, 0 CRC, 0 frame, 0 overrun, 0 ignored, 0 abort
     0 packets output, 0 bytes, 0 underruns
     0 output errors, 0 collisions, 0 interface resets
     0 unknown protocol drops
     0 output buffer failures, 0 output buffers swapped out
Router#


输出结果：['', 'ip route验证成功，配置了正确的路由！', '相关输出如下：', 'C    192.168.1.0/24 is directly connected, FastEthernet0/0', 'R    192.168.2.0/24 [120/1] via 192.168.3.1, 00:00:24, Serial0/0/1', 'C    192.168.3.0/24 is directly connected, Serial0/0/1', '', 'ip protocols验证正确，协议配置成功', '\n当前配置协议：rip', '共有1条Routing for Networks信息：', '    192.168.3.0', '共有1条Routing Information Sources信息：', '    Gateway         Distance      Last Update', '    192.168.3.1          120      00:00:24', '', '所有接口信息：', '接口 FastEthernet0/0 开启，IP地址：192.168.1.3/24', '接口 FastEthernet0/1 未开启', '接口 Serial0/0/0 未开启', '接口 Serial0/0/1 开启，IP地址：192.168.3.2/24']
[call api]
调用时间：2021-01-13 17.25.33
调用接口：ping
configName:RIP
routerNum:0
commands:['ping 192.168.1.2']
获取Telnet:Router0的唯一对象……
Telnet:Router0对象已经创建，获取成功
executeSomeCMD:
['ping 192.168.1.2']
executeSomeCMD-Result:
['ping 192.168.1.2\n\nType escape sequence to abort.\nSending 5, 100-byte ICMP Echos to 192.168.1.2, timeout is 2 seconds:\n.!!!!\nSuccess rate is 80 percent (4/5), round-trip min/avg/max = 1/1/1 ms\nRouter#']
**程序输出**
Router#ping 192.168.1.2

Type escape sequence to abort.
Sending 5, 100-byte ICMP Echos to 192.168.1.2, timeout is 2 seconds:
.!!!!
Success rate is 80 percent (4/5), round-trip min/avg/max = 1/1/1 ms
Router#


[call api]
调用时间：2021-01-13 17.25.51
调用接口：ping
configName:RIP
routerNum:0
commands:['ping 192.168.1.2']
获取Telnet:Router0的唯一对象……
Telnet:Router0对象已经创建，获取成功
executeSomeCMD:
['ping 192.168.1.2']
executeSomeCMD-Result:
['ping 192.168.1.2\n\nType escape sequence to abort.\nSending 5, 100-byte ICMP Echos to 192.168.1.2, timeout is 2 seconds:\n!!!!!\nSuccess rate is 100 percent (5/5), round-trip min/avg/max = 1/2/4 ms\nRouter#']
**程序输出**
Router#ping 192.168.1.2

Type escape sequence to abort.
Sending 5, 100-byte ICMP Echos to 192.168.1.2, timeout is 2 seconds:
!!!!!
Success rate is 100 percent (5/5), round-trip min/avg/max = 1/2/4 ms
Router#


[call api]
调用时间：2021-01-13 17.26.03
调用接口：ping
configName:RIP
routerNum:0
commands:['ping 192.168.1.200']
获取Telnet:Router0的唯一对象……
Telnet:Router0对象已经创建，获取成功
executeSomeCMD:
['ping 192.168.1.200']
executeSomeCMD-Result:
['ping 192.168.1.200\n\nType escape sequence to abort.\nSending 5, 100-byte ICMP Echos to 192.168.1.200, timeout is 2 seconds:\n....']
**程序输出**
Router#ping 192.168.1.200

Type escape sequence to abort.
Sending 5, 100-byte ICMP Echos to 192.168.1.200, timeout is 2 seconds:
....


[call api]
调用时间：2021-01-13 17.26.22
调用接口：ping
configName:RIP
routerNum:0
commands:['ping 192.168.1.201']
获取Telnet:Router0的唯一对象……
Telnet:Router0对象已经创建，获取成功
executeSomeCMD:
['ping 192.168.1.201']
executeSomeCMD-Result:
['.\nSuccess rate is 0 percent (0/5)\nRouter#']
**程序输出**
Router#.
Success rate is 0 percent (0/5)
Router#


[call api]
调用时间：2021-01-13 17.26.24
调用接口：ping
configName:RIP
routerNum:0
commands:['ping 192.168.1.201']
获取Telnet:Router0的唯一对象……
Telnet:Router0对象已经创建，获取成功
executeSomeCMD:
['ping 192.168.1.201']
executeSomeCMD-Result:
['ping 192.168.1.201\n\nType escape sequence to abort.\nSending 5, 100-byte ICMP Echos to 192.168.1.201, timeout is 2 seconds:\n.....\nSuccess rate is 0 percent (0/5)\nRouter#']
**程序输出**
Router#ping 192.168.1.201

Type escape sequence to abort.
Sending 5, 100-byte ICMP Echos to 192.168.1.201, timeout is 2 seconds:
.....
Success rate is 0 percent (0/5)
Router#


[call api]
调用时间：2021-01-13 17.26.32
调用接口：ping
configName:RIP
routerNum:0
commands:['ping 192.168.1.201']
获取Telnet:Router0的唯一对象……
Telnet:Router0对象已经创建，获取成功
executeSomeCMD:
['ping 192.168.1.201']
executeSomeCMD-Result:
['ping 192.168.1.201\n\nType escape sequence to abort.\nSending 5, 100-byte ICMP Echos to 192.168.1.201, timeout is 2 seconds:\n....']
**程序输出**
Router#ping 192.168.1.201

Type escape sequence to abort.
Sending 5, 100-byte ICMP Echos to 192.168.1.201, timeout is 2 seconds:
....


[call api]
调用时间：2021-01-13 17.27.19
调用接口：clearAllConfig
commands:['write erase', '', '', 'reload', 'yes', '', '', '']
获取Telnet:Router0的唯一对象……
Telnet:Router0对象已经创建，获取成功
写入重置重启指令……
[call api]
调用时间：2021-01-13 17.27.27
调用接口：clearAllConfig
commands:['write erase', '', '', 'reload', 'yes', '', '', '']
获取Telnet:Router1的唯一对象……
Telnet:Router1对象已经创建，获取成功
写入重置重启指令……
[call api]
调用时间：2021-01-13 17.27.33
调用接口：clearAllConfig
commands:['write erase', '', '', 'reload', 'yes', '', '', '']
获取Telnet:Router2的唯一对象……
Telnet:Router2对象已经创建，获取成功
写入重置重启指令……
